mem_peri.c:122:6:memInit	32	static
mem_peri.c:167:6:memCheckBusy	16	static
mem_peri.c:177:13:memInitChunk	24	static
mem_peri.c:220:13:memCheckChunk	24	static
mem_peri.c:259:13:memAddElement	48	static
mem_peri.c:320:13:memWriteToElement	32	static
mem_peri.c:350:13:memReadElementParam	40	static
mem_peri.c:410:13:memReadFromElement	32	static
mem_peri.c:441:9:memCheckHashOAD	80	static
mem_peri.c:476:8:memReturnChunkEnd	24	static
mem_peri.c:486:8:memExtractElementOffset	16	static
mem_peri.c:496:6:nvsReadTo	32	static
mem_peri.c:528:6:nvsWriteFrom	48	static
mem_peri.c:590:6:nvsErase	40	static
mem_peri.c:635:6:nvsVerify	48	static
mem_peri.c:668:6:nvsChipErase	24	static
mem_peri.c:696:6:nvsWriteEnable	24	static
mem_peri.c:715:6:nvsWriteDisable	24	static
mem_peri.c:751:6:nvsReadStatus	24	static
mem_peri.c:775:10:nvsReadJID	24	static
mem_peri.c:801:9:nvsReadID	24	static
mem_peri.c:827:6:nvsReset	24	static
mem_peri.c:860:6:nvsWaitReady	24	static
mem_peri.c:880:6:nvsEnterDeepPowerdown	24	static
mem_peri.c:901:6:nvsExitDeepPowerdown	24	static
