btstack_event.h:1142:23:btstack_event_state_get_state	16	static
btstack_event.h:3215:23:gap_event_advertising_report_get_advertising_event_type	16	static
btstack_event.h:3251:23:gap_event_advertising_report_get_data_length	16	static
btstack_event.h:3260:31:gap_event_advertising_report_get_data	16	static
adv_bearer.c:120:13:adv_bearer_packet_handler	48	static
adv_bearer.c:177:13:adv_bearer_emit_can_send_now	24	static
adv_bearer.c:201:13:adv_bearer_timeout_handler	32	static
adv_bearer.c:230:13:adv_bearer_set_timeout	16	static
adv_bearer.c:238:13:adv_bearer_run	32	static
adv_bearer.c:290:13:adv_bearer_prepare_message	24	static
adv_bearer.c:306:13:adv_bearer_request	16	static
adv_bearer.c:311:6:adv_bearer_init	8	static
adv_bearer.c:322:6:adv_bearer_register_for_network_pdu	16	static
adv_bearer.c:325:6:adv_bearer_register_for_beacon	16	static
adv_bearer.c:328:6:adv_bearer_register_for_provisioning_pdu	16	static
adv_bearer.c:334:6:adv_bearer_request_can_send_now_for_network_pdu	8	static
adv_bearer.c:337:6:adv_bearer_request_can_send_now_for_beacon	8	static
adv_bearer.c:340:6:adv_bearer_request_can_send_now_for_provisioning_pdu	8	static
adv_bearer.c:346:6:adv_bearer_send_network_pdu	32	static
adv_bearer.c:351:6:adv_bearer_send_beacon	24	static
adv_bearer.c:356:6:adv_bearer_send_provisioning_pdu	24	static
adv_bearer.c:364:6:adv_bearer_advertisements_enable	16	static
adv_bearer.c:373:6:adv_bearer_advertisements_add_item	16	static
adv_bearer.c:377:6:adv_bearer_advertisements_remove_item	16	static
adv_bearer.c:381:6:adv_bearer_advertisements_set_params	32	static
