btstack_event.h:9504:32:mesh_subevent_proxy_connected_get_con_handle	16	static
beacon.c:103:13:beacon_timer_handler	16	static
beacon.c:122:13:mesh_secure_network_beacon_auth_value_calculated	24	static
beacon.c:139:16:mesh_secure_network_beacon_get_flags	24	static
beacon.c:151:13:mesh_secure_network_beacon_setup	40	static
beacon.c:163:13:mesh_secure_network_beacon_update_interval	40	static
beacon.c:186:13:mesh_secure_network_beacon_run	40	static
beacon.c:278:13:beacon_handle_secure_beacon_auth_value_calculated	24	static
beacon.c:293:13:beacon_handle_secure_beacon	72	static
beacon.c:336:13:beacon_handle_beacon_packet	40	static
beacon.c:352:13:beacon_adv_packet_handler	40	static
beacon.c:399:13:beacon_gatt_handle_mesh_event	32	static
beacon.c:420:13:beacon_gatt_packet_handler	32	static
beacon.c:455:6:beacon_init	8	static
beacon.c:468:6:beacon_unprovisioned_device_start	16	static
beacon.c:483:6:beacon_unprovisioned_device_stop	8	static
beacon.c:492:6:beacon_secure_network_start	16	static
beacon.c:508:6:beacon_register_for_unprovisioned_device_beacons	16	static
beacon.c:512:6:beacon_register_for_secure_network_beacons	16	static
