btstack_event.h:68:23:hci_event_packet_get_type	16	static
btstack_event.h:173:23:hci_event_mesh_meta_get_subevent_code	16	static
btstack_event.h:9504:32:mesh_subevent_proxy_connected_get_con_handle	16	static
gatt_bearer.c:80:13:gatt_bearer_emit_can_send_now	32	static
gatt_bearer.c:104:13:gatt_bearer_emit_message_sent	40	static
gatt_bearer.c:115:13:gatt_bearer_emit_event_for_all	32	static
gatt_bearer.c:123:13:gatt_bearer_request	16	static
gatt_bearer.c:129:13:gatt_bearer_start_sending	24	static
gatt_bearer.c:158:13:packet_handler	56	static
gatt_bearer.c:283:6:gatt_bearer_init	8	static
gatt_bearer.c:288:6:gatt_bearer_register_for_network_pdu	16	static
gatt_bearer.c:291:6:gatt_bearer_register_for_beacon	16	static
gatt_bearer.c:294:6:gatt_bearer_register_for_mesh_proxy_configuration	16	static
gatt_bearer.c:298:6:gatt_bearer_request_can_send_now_for_network_pdu	8	static
gatt_bearer.c:301:6:gatt_bearer_request_can_send_now_for_beacon	8	static
gatt_bearer.c:304:6:gatt_bearer_request_can_send_now_for_mesh_proxy_configuration	8	static
gatt_bearer.c:308:13:gatt_bearer_send_pdu	16	static
gatt_bearer.c:326:6:gatt_bearer_send_network_pdu	16	static
gatt_bearer.c:331:6:gatt_bearer_send_beacon	16	static
gatt_bearer.c:336:6:gatt_bearer_send_mesh_proxy_configuration	16	static
