mesh_configuration_client.c:65:24:mesh_composition_data_iterator_sig_model_list_size	16	static
mesh_configuration_client.c:69:24:mesh_composition_data_iterator_vendor_model_list_size	16	static
mesh_configuration_client.c:73:24:mesh_composition_data_iterator_element_len	24	static
mesh_configuration_client.c:81:10:mesh_subevent_configuration_composition_data_get_num_elements	24	static
mesh_configuration_client.c:96:6:mesh_composition_data_iterator_init	24	static
mesh_configuration_client.c:102:6:mesh_composition_data_iterator_has_next_element	24	static
mesh_configuration_client.c:107:6:mesh_composition_data_iterator_next_element	16	static
mesh_configuration_client.c:120:10:mesh_composition_data_iterator_element_loc	16	static
mesh_configuration_client.c:124:6:mesh_composition_data_iterator_has_next_sig_model	16	static
mesh_configuration_client.c:128:6:mesh_composition_data_iterator_next_sig_model	16	static
mesh_configuration_client.c:133:10:mesh_composition_data_iterator_sig_model_id	16	static
mesh_configuration_client.c:137:6:mesh_composition_data_iterator_has_next_vendor_model	16	static
mesh_configuration_client.c:141:6:mesh_composition_data_iterator_next_vendor_model	24	static
mesh_configuration_client.c:149:10:mesh_composition_data_iterator_vendor_model_id	16	static
mesh_configuration_client.c:325:13:mesh_configuration_client_send_acknowledged	48	static
mesh_configuration_client.c:331:16:mesh_access_validate_envelop_params	24	static
mesh_configuration_client.c:342:9:mesh_configuration_client_send_beacon_get	48	static
mesh_configuration_client.c:353:9:mesh_configuration_client_send_beacon_set	48	static
mesh_configuration_client.c:366:9:mesh_configuration_client_send_composition_data_get	48	static
mesh_configuration_client.c:377:9:mesh_configuration_client_send_default_ttl_get	48	static
mesh_configuration_client.c:388:9:mesh_configuration_client_send_default_ttl_set	48	static
mesh_configuration_client.c:401:9:mesh_configuration_client_send_gatt_proxy_get	48	static
mesh_configuration_client.c:412:9:mesh_configuration_client_send_gatt_proxy_set	48	static
mesh_configuration_client.c:425:9:mesh_configuration_client_send_relay_get	48	static
mesh_configuration_client.c:436:9:mesh_configuration_client_send_relay_set	48	static
mesh_configuration_client.c:450:9:mesh_configuration_client_send_model_publication_get	48	static
mesh_configuration_client.c:461:16:mesh_validate_publication_model_config_parameters	16	static
mesh_configuration_client.c:470:9:mesh_configuration_client_send_model_publication_set	64	static
mesh_configuration_client.c:494:9:mesh_configuration_client_send_model_publication_virtual_address_set	64	static
mesh_configuration_client.c:518:9:mesh_configuration_client_send_model_subscription_add	48	static
mesh_configuration_client.c:529:9:mesh_configuration_client_send_model_subscription_virtual_address_add	48	static
mesh_configuration_client.c:540:9:mesh_configuration_client_send_model_subscription_delete	48	static
mesh_configuration_client.c:551:9:mesh_configuration_client_send_model_subscription_virtual_address_delete	48	static
mesh_configuration_client.c:562:9:mesh_configuration_client_send_model_subscription_overwrite	48	static
mesh_configuration_client.c:573:9:mesh_configuration_client_send_model_subscription_virtual_address_overwrite	48	static
mesh_configuration_client.c:584:9:mesh_configuration_client_send_model_subscription_delete_all	48	static
mesh_configuration_client.c:595:9:mesh_configuration_client_send_model_subscription_get	56	static
mesh_configuration_client.c:615:9:mesh_configuration_client_send_netkey_add	48	static
mesh_configuration_client.c:626:9:mesh_configuration_client_send_netkey_update	48	static
mesh_configuration_client.c:637:9:mesh_configuration_client_send_netkey_delete	48	static
mesh_configuration_client.c:648:9:mesh_configuration_client_send_netkey_get	48	static
mesh_configuration_client.c:659:9:mesh_configuration_client_send_appkey_add	48	static
mesh_configuration_client.c:670:9:mesh_configuration_client_send_appkey_update	48	static
mesh_configuration_client.c:681:9:mesh_configuration_client_send_appkey_delete	48	static
mesh_configuration_client.c:692:9:mesh_configuration_client_send_appkey_get	48	static
mesh_configuration_client.c:703:9:mesh_configuration_client_send_node_identity_get	48	static
mesh_configuration_client.c:714:9:mesh_configuration_client_send_node_identity_set	48	static
mesh_configuration_client.c:725:9:mesh_configuration_client_send_model_app_bind_get	48	static
mesh_configuration_client.c:736:9:mesh_configuration_client_send_model_app_unbind_set	48	static
mesh_configuration_client.c:747:9:mesh_configuration_client_send_model_app_get	56	static
mesh_configuration_client.c:765:9:mesh_configuration_client_send_node_reset	48	static
mesh_configuration_client.c:776:9:mesh_configuration_client_send_friend_get	48	static
mesh_configuration_client.c:787:9:mesh_configuration_client_send_friend_set	48	static
mesh_configuration_client.c:798:9:mesh_configuration_client_send_key_refresh_phase_get	48	static
mesh_configuration_client.c:809:9:mesh_configuration_client_send_key_refresh_phase_set	48	static
mesh_configuration_client.c:820:9:mesh_configuration_client_send_heartbeat_publication_get	48	static
mesh_configuration_client.c:831:9:mesh_configuration_client_send_heartbeat_publication_set	56	static
mesh_configuration_client.c:849:9:mesh_configuration_client_send_heartbeat_subscription_get	48	static
mesh_configuration_client.c:860:9:mesh_configuration_client_send_heartbeat_subscription_set	48	static
mesh_configuration_client.c:871:9:mesh_configuration_client_send_low_power_node_poll_timeout_get	48	static
mesh_configuration_client.c:882:9:mesh_configuration_client_send_network_transmit_get	48	static
mesh_configuration_client.c:893:9:mesh_configuration_client_send_network_transmit_set	48	static
mesh_configuration_client.c:910:13:mesh_configuration_client_composition_data_status_handler	40	static
mesh_configuration_client.c:932:9:mesh_subevent_configuration_composition_data_get_page	16	static
mesh_configuration_client.c:936:10:mesh_subevent_configuration_composition_data_get_cid	16	static
mesh_configuration_client.c:940:10:mesh_subevent_configuration_composition_data_get_pid	16	static
mesh_configuration_client.c:944:10:mesh_subevent_configuration_composition_data_get_vid	16	static
mesh_configuration_client.c:948:10:mesh_subevent_configuration_composition_data_get_crpl	16	static
mesh_configuration_client.c:952:10:mesh_subevent_configuration_composition_data_get_features	16	static
mesh_configuration_client.c:957:20:mesh_configuration_client_handle_uint8_value	64	static
mesh_configuration_client.c:979:13:mesh_configuration_client_beacon_status_handler	16	static
mesh_configuration_client.c:983:13:mesh_configuration_client_default_ttl_handler	16	static
mesh_configuration_client.c:987:13:mesh_configuration_client_gatt_proxy_handler	16	static
mesh_configuration_client.c:991:13:mesh_configuration_client_relay_handler	56	static
mesh_configuration_client.c:1016:13:mesh_configuration_client_model_publication_handler	80	static
mesh_configuration_client.c:1063:13:mesh_configuration_client_model_subscription_handler	64	static
mesh_configuration_client.c:1090:13:mesh_configuration_client_model_subscription_event	80	static
mesh_configuration_client.c:1131:13:mesh_configuration_client_sig_model_subscription_handler	16	static
mesh_configuration_client.c:1135:13:mesh_configuration_client_vendor_model_subscription_handler	16	static
mesh_configuration_client.c:1139:13:mesh_configuration_client_netkey_handler	56	static
mesh_configuration_client.c:1157:13:mesh_configuration_client_netkey_list_handler	56	static
mesh_configuration_client.c:1183:13:mesh_configuration_client_appkey_handler	64	static
mesh_configuration_client.c:1209:13:mesh_configuration_client_appkey_list_handler	64	static
mesh_configuration_client.c:1237:13:mesh_configuration_client_node_identity_handler	64	static
mesh_configuration_client.c:1261:13:mesh_configuration_client_model_app_handler	64	static
mesh_configuration_client.c:1299:13:mesh_configuration_client_model_app_list_handler	80	static
mesh_configuration_client.c:1343:13:mesh_configuration_client_sig_model_app_list_handler	16	static
mesh_configuration_client.c:1347:13:mesh_configuration_client_vendor_model_app_list_handler	16	static
mesh_configuration_client.c:1351:13:mesh_configuration_client_node_reset_handler	40	static
mesh_configuration_client.c:1366:13:mesh_configuration_client_friend_handler	56	static
mesh_configuration_client.c:1386:13:mesh_configuration_client_key_refresh_phase_handler	64	static
mesh_configuration_client.c:1410:13:mesh_configuration_client_heartbeat_publication_handler	80	static
mesh_configuration_client.c:1445:13:mesh_configuration_client_heartbeat_subscription_handler	72	static
mesh_configuration_client.c:1480:13:mesh_configuration_client_low_power_node_poll_timeout_handler	64	static
mesh_configuration_client.c:1506:13:mesh_configuration_client_network_transmit_handler	56	static
mesh_configuration_client.c:1559:26:mesh_configuration_client_get_operations	4	static
mesh_configuration_client.c:1563:6:mesh_configuration_client_register_packet_handler	16	static
