mesh_node.c:65:6:mesh_node_primary_element_address_set	16	static
mesh_node.c:69:10:mesh_node_get_primary_element_address	4	static
mesh_node.c:73:6:mesh_node_init	8	static
mesh_node.c:78:6:mesh_node_set_info	16	static
mesh_node.c:84:10:mesh_node_get_company_id	4	static
mesh_node.c:88:10:mesh_node_get_product_id	4	static
mesh_node.c:92:10:mesh_node_get_product_version_id	4	static
mesh_node.c:96:6:mesh_node_add_element	16	static
mesh_node.c:101:10:mesh_node_element_count	8	static
mesh_node.c:105:18:mesh_node_get_primary_element	4	static
mesh_node.c:110:6:mesh_node_set_element_location	16	static
mesh_node.c:114:6:mesh_node_set_primary_element_location	16	static
mesh_node.c:118:18:mesh_node_element_for_index	32	static
mesh_node.c:129:18:mesh_node_element_for_unicast_address	24	static
mesh_node.c:134:6:mesh_element_iterator_init	16	static
mesh_node.c:138:5:mesh_element_iterator_has_next	16	static
mesh_node.c:142:18:mesh_element_iterator_next	16	static
mesh_node.c:147:9:mesh_access_get_element_index	16	static
mesh_node.c:151:10:mesh_access_get_element_address	16	static
mesh_node.c:157:10:mesh_model_get_model_identifier	16	static
mesh_node.c:161:10:mesh_model_get_model_identifier_bluetooth_sig	16	static
mesh_node.c:165:10:mesh_model_get_model_id	16	static
mesh_node.c:169:10:mesh_model_get_vendor_id	16	static
mesh_node.c:173:5:mesh_model_is_bluetooth_sig	16	static
mesh_node.c:177:16:mesh_node_get_configuration_server	16	static
mesh_node.c:181:16:mesh_node_get_health_server	16	static
mesh_node.c:185:6:mesh_model_reset_appkeys	24	static
mesh_node.c:192:6:mesh_element_add_model	16	static
mesh_node.c:206:6:mesh_model_iterator_init	16	static
mesh_node.c:210:5:mesh_model_iterator_has_next	16	static
mesh_node.c:214:16:mesh_model_iterator_next	16	static
mesh_node.c:218:16:mesh_model_get_by_identifier	32	static
mesh_node.c:229:16:mesh_access_model_for_address_and_model_identifier	32	static
mesh_node.c:244:5:mesh_model_contains_subscription	24	static
mesh_node.c:252:6:mesh_node_set_device_uuid	16	static
mesh_node.c:260:17:mesh_node_get_device_uuid	4	static
mesh_node.c:267:10:mesh_heartbeat_pwr2	16	static
mesh_node.c:273:9:mesh_heartbeat_count_log	16	static
mesh_node.c:281:9:mesh_heartbeat_period_log	16	static
