mesh_crypto.c:55:13:mesh_k1_temp_calculated	48	static
mesh_crypto.c:60:6:mesh_k1	40	static
mesh_crypto.c:80:13:mesh_k2_callback_d	24	static
mesh_crypto.c:90:13:mesh_k2_callback_c	48	static
mesh_crypto.c:102:13:mesh_k2_callback_b	48	static
mesh_crypto.c:113:13:mesh_k2_callback_a	40	static
mesh_crypto.c:121:6:mesh_k2	40	static
mesh_crypto.c:141:13:mesh_k3_result128_calculated	16	static
mesh_crypto.c:146:13:mesh_k3_temp_callback	40	static
mesh_crypto.c:150:6:mesh_k3	40	static
mesh_crypto.c:174:13:mesh_k4_result128_calculated	16	static
mesh_crypto.c:179:13:mesh_k4_temp_callback	40	static
mesh_crypto.c:183:6:mesh_k4	40	static
mesh_crypto.c:199:13:mesh_virtual_address_temp_callback	24	static
mesh_crypto.c:206:6:mesh_virtual_address	40	static
mesh_crypto.c:231:13:mesh_network_key_derive_network_id_calculated	16	static
mesh_crypto.c:237:13:mesh_network_key_derive_k2_calculated	32	static
mesh_crypto.c:249:13:mesh_network_key_derive_identity_key_calculated	32	static
mesh_crypto.c:255:13:mesh_network_key_derive_beacon_key_calculated	48	static
mesh_crypto.c:262:6:mesh_network_key_derive	48	static
mesh_crypto.c:272:6:mesh_transport_key_calc_aid	32	static
