mesh_keys.c:53:6:mesh_network_key_init	4	static
mesh_keys.c:57:10:mesh_network_key_get_free_index	16	static
mesh_keys.c:67:6:mesh_network_key_add	16	static
mesh_keys.c:72:6:mesh_network_key_remove	16	static
mesh_keys.c:77:22:mesh_network_key_list_get	32	static
mesh_keys.c:87:5:mesh_network_key_list_count	8	static
mesh_keys.c:92:6:mesh_network_key_iterator_init	16	static
mesh_keys.c:96:5:mesh_network_key_iterator_has_more	16	static
mesh_keys.c:100:22:mesh_network_key_iterator_get_next	16	static
mesh_keys.c:105:6:mesh_network_key_nid_iterator_init	16	static
mesh_keys.c:111:5:mesh_network_key_nid_iterator_has_more	16	static
mesh_keys.c:121:22:mesh_network_key_nid_iterator_get_next	24	static
mesh_keys.c:136:6:mesh_transport_set_device_key	16	static
mesh_keys.c:148:10:mesh_transport_key_get_free_index	16	static
mesh_keys.c:159:6:mesh_transport_key_add	16	static
mesh_keys.c:164:6:mesh_transport_key_remove	16	static
mesh_keys.c:169:24:mesh_transport_key_get	32	static
mesh_keys.c:183:6:mesh_transport_key_iterator_init	16	static
mesh_keys.c:189:5:mesh_transport_key_iterator_has_more	16	static
mesh_keys.c:199:24:mesh_transport_key_iterator_get_next	24	static
mesh_keys.c:206:1:mesh_transport_key_aid_iterator_init	16	static
mesh_keys.c:218:5:mesh_transport_key_aid_iterator_has_more	16	static
mesh_keys.c:231:24:mesh_transport_key_aid_iterator_get_next	24	static
