mesh_generic_level_server.c:57:13:generic_server_send_message	48	static
mesh_generic_level_server.c:64:16:add_and_clip_int16	24	static
mesh_generic_level_server.c:74:28:generic_level_server_get_base_transition	24	static
mesh_generic_level_server.c:79:13:mesh_server_transition_handler	48	static
mesh_generic_level_server.c:108:13:mesh_server_transition_setup_transition_or_instantaneous_update_int16	48	static
mesh_generic_level_server.c:125:6:mesh_generic_level_server_register_packet_handler	16	static
mesh_generic_level_server.c:139:21:mesh_generic_level_status_message	32	static
mesh_generic_level_server.c:155:13:generic_level_handle_set_target_level_message	56	static
mesh_generic_level_server.c:194:13:generic_level_handle_set_delta_message	56	static
mesh_generic_level_server.c:246:13:generic_level_handle_set_move_message	56	static
mesh_generic_level_server.c:292:13:generic_level_get_handler	48	static
mesh_generic_level_server.c:300:13:generic_level_set_handler	48	static
mesh_generic_level_server.c:310:13:generic_level_set_unacknowledged_handler	16	static
mesh_generic_level_server.c:315:13:generic_delta_set_handler	48	static
mesh_generic_level_server.c:325:13:generic_delta_set_unacknowledged_handler	16	static
mesh_generic_level_server.c:330:13:generic_move_get_handler	48	static
mesh_generic_level_server.c:340:13:generic_move_set_unacknowledged_handler	16	static
mesh_generic_level_server.c:357:26:mesh_generic_level_server_get_operations	4	static
mesh_generic_level_server.c:361:6:mesh_generic_level_server_set_publication_model	16	static
