mesh_configuration_server.c:91:12:mesh_model_is_configuration_server	16	static
mesh_configuration_server.c:99:16:mesh_model_add_subscription	24	static
mesh_configuration_server.c:113:13:mesh_model_delete_subscription	24	static
mesh_configuration_server.c:122:13:mesh_model_delete_all_subscriptions	24	static
mesh_configuration_server.c:129:13:mesh_subcription_decrease_virtual_address_ref_count	24	static
mesh_configuration_server.c:140:13:mesh_configuration_server_stop_publishing_using_appkey	24	static
mesh_configuration_server.c:157:13:mesh_configuration_server_delete_appkey	56	static
mesh_configuration_server.c:235:13:config_server_send_message	40	static
mesh_configuration_server.c:244:13:config_composition_data_status	72	static
mesh_configuration_server.c:308:13:config_composition_data_get_handler	24	static
mesh_configuration_server.c:315:13:config_model_beacon_status	24	static
mesh_configuration_server.c:326:13:config_beacon_get_handler	24	static
mesh_configuration_server.c:332:13:config_beacon_set_handler	40	static
mesh_configuration_server.c:351:13:config_model_default_ttl_status	24	static
mesh_configuration_server.c:362:13:config_default_ttl_get_handler	24	static
mesh_configuration_server.c:368:13:config_default_ttl_set_handler	40	static
mesh_configuration_server.c:388:13:config_friend_status	24	static
mesh_configuration_server.c:400:13:config_friend_get_handler	24	static
mesh_configuration_server.c:406:13:config_friend_set_handler	40	static
mesh_configuration_server.c:428:13:config_model_gatt_proxy_status	24	static
mesh_configuration_server.c:438:13:config_gatt_proxy_get_handler	24	static
mesh_configuration_server.c:444:13:config_gatt_proxy_set_handler	40	static
mesh_configuration_server.c:466:13:config_model_relay_status	32	static
mesh_configuration_server.c:479:13:config_relay_get_handler	24	static
mesh_configuration_server.c:485:13:config_relay_set_handler	40	static
mesh_configuration_server.c:513:13:config_model_network_transmit_status	24	static
mesh_configuration_server.c:525:13:config_model_network_transmit_get_handler	24	static
mesh_configuration_server.c:531:13:config_model_network_transmit_set_handler	40	static
mesh_configuration_server.c:549:6:config_nekey_list_set_max	16	static
mesh_configuration_server.c:553:13:config_netkey_status	32	static
mesh_configuration_server.c:565:13:config_netkey_list	56	static
mesh_configuration_server.c:585:13:config_netkey_add_derived	40	static
mesh_configuration_server.c:605:13:config_netkey_add_handler	80	static
mesh_configuration_server.c:673:13:config_netkey_update_derived	40	static
mesh_configuration_server.c:690:13:config_netkey_update_handler	80	static
mesh_configuration_server.c:737:13:config_netkey_delete_handler	72	static
mesh_configuration_server.c:785:13:config_netkey_get_handler	24	static
mesh_configuration_server.c:792:13:config_appkey_status	32	static
mesh_configuration_server.c:804:13:config_appkey_list	72	static
mesh_configuration_server.c:836:13:config_appkey_add_or_update_aid	40	static
mesh_configuration_server.c:854:13:config_appkey_add_handler	88	static
mesh_configuration_server.c:922:13:config_appkey_update_handler	88	static
mesh_configuration_server.c:996:13:config_appkey_delete_handler	64	static
mesh_configuration_server.c:1023:13:config_appkey_get_handler	40	static
mesh_configuration_server.c:1034:13:config_model_subscription_list	48	static
mesh_configuration_server.c:1071:13:config_model_subscription_get_handler	72	static
mesh_configuration_server.c:1085:13:config_model_subscription_status	40	static
mesh_configuration_server.c:1096:13:config_model_subscription_add_handler	72	static
mesh_configuration_server.c:1122:13:config_model_subscription_virtual_address_add_hash	56	static
mesh_configuration_server.c:1152:13:config_model_subscription_virtual_address_add_handler	64	static
mesh_configuration_server.c:1178:13:config_model_subscription_overwrite_handler	72	static
mesh_configuration_server.c:1204:13:config_model_subscription_virtual_address_overwrite_hash	56	static
mesh_configuration_server.c:1241:13:config_model_subscription_virtual_address_overwrite_handler	64	static
mesh_configuration_server.c:1266:13:config_model_subscription_delete_handler	72	static
mesh_configuration_server.c:1290:13:config_model_subscription_virtual_address_delete_handler	72	static
mesh_configuration_server.c:1314:13:config_model_subscription_delete_all_handler	72	static
mesh_configuration_server.c:1336:13:config_model_app_status	40	static
mesh_configuration_server.c:1348:13:config_model_app_list	48	static
mesh_configuration_server.c:1385:13:config_model_app_bind_handler	72	static
mesh_configuration_server.c:1419:13:config_model_app_unbind_handler	72	static
mesh_configuration_server.c:1453:13:config_model_app_get_handler	72	static
mesh_configuration_server.c:1467:13:config_model_publication_changed	16	static
mesh_configuration_server.c:1502:1:config_model_publication_status	80	static
mesh_configuration_server.c:1537:1:config_model_publication_set_handler	80	static
mesh_configuration_server.c:1605:13:config_model_publication_virtual_address_set_hash	56	static
mesh_configuration_server.c:1644:1:config_model_publication_virtual_address_set_handler	64	static
mesh_configuration_server.c:1702:1:config_model_publication_get_handler	72	static
mesh_configuration_server.c:1733:13:config_heartbeat_publication_emit	48	static
mesh_configuration_server.c:1765:6:mesh_configuration_server_feature_changed	24	static
mesh_configuration_server.c:1779:13:config_heartbeat_publication_timeout_handler	24	static
mesh_configuration_server.c:1798:13:config_heartbeat_publication_status	64	static
mesh_configuration_server.c:1820:13:config_heartbeat_publication_set_handler	96	static
mesh_configuration_server.c:1889:13:config_heartbeat_publication_get_handler	40	static
mesh_configuration_server.c:1897:13:config_heartbeat_subscription_status	64	static
mesh_configuration_server.c:1917:12:config_heartbeat_subscription_enabled	16	static
mesh_configuration_server.c:1922:13:config_heartbeat_subscription_set_handler	80	static
mesh_configuration_server.c:2011:17:config_heartbeat_subscription_get_period_remaining_s	32	static
mesh_configuration_server.c:2023:13:config_heartbeat_subscription_get_handler	56	static
mesh_configuration_server.c:2041:13:config_key_refresh_phase_status	32	static
mesh_configuration_server.c:2057:13:config_key_refresh_phase_get_handler	56	static
mesh_configuration_server.c:2075:13:config_key_refresh_phase_set_handler	56	static
mesh_configuration_server.c:2121:13:config_node_reset_status	24	static
mesh_configuration_server.c:2132:13:config_node_reset_handler	24	static
mesh_configuration_server.c:2138:13:low_power_node_poll_timeout_status	32	static
mesh_configuration_server.c:2152:13:config_low_power_node_poll_timeout_get_handler	40	static
mesh_configuration_server.c:2161:13:config_node_identity_status	32	static
mesh_configuration_server.c:2177:13:config_node_identity_get_handler	56	static
mesh_configuration_server.c:2192:13:config_node_identity_set_handler	48	static
mesh_configuration_server.c:2272:26:mesh_configuration_server_get_operations	4	static
mesh_configuration_server.c:2276:6:mesh_configuration_server_process_heartbeat	32	static
