mesh_lower_transport.c:94:13:mesh_print_hex	24	static
mesh_lower_transport.c:101:24:mesh_segmented_pdu_get	16	static
mesh_lower_transport.c:109:6:mesh_segmented_pdu_free	24	static
mesh_lower_transport.c:119:13:mesh_lower_transport_incoming_deliver_to_higher_layer	16	static
mesh_lower_transport.c:141:13:mesh_lower_transport_incoming_queue_for_higher_layer	16	static
mesh_lower_transport.c:146:13:mesh_lower_transport_incoming_setup_acknowledge_message	24	static
mesh_lower_transport.c:156:13:mesh_lower_transport_incoming_send_ack	64	static
mesh_lower_transport.c:182:13:mesh_lower_transport_incoming_send_ack_for_segmented_pdu	56	static
mesh_lower_transport.c:194:13:mesh_lower_transport_incoming_send_ack_for_network_pdu	64	static
mesh_lower_transport.c:205:13:mesh_lower_transport_incoming_stop_acknowledgment_timer	16	static
mesh_lower_transport.c:211:13:mesh_lower_transport_incoming_stop_incomplete_timer	16	static
mesh_lower_transport.c:217:13:mesh_lower_transport_incoming_segmented_message_complete	24	static
mesh_lower_transport.c:228:13:mesh_lower_transport_incoming_ack_timeout	24	static
mesh_lower_transport.c:237:13:mesh_lower_transport_incoming_incomplete_timeout	24	static
mesh_lower_transport.c:247:13:mesh_lower_transport_incoming_start_acknowledgment_timer	16	static
mesh_lower_transport.c:258:13:mesh_lower_transport_incoming_restart_incomplete_timer	24	static
mesh_lower_transport.c:273:31:mesh_lower_transport_incoming_pdu_for_segmented_message	48	static
mesh_lower_transport.c:365:13:mesh_lower_transport_incoming_process_segment	64	static
mesh_lower_transport.c:447:6:mesh_lower_transport_message_processed_by_higher_layer	24	static
mesh_lower_transport.c:469:13:mesh_lower_transport_outgoing_setup_block_ack	24	static
mesh_lower_transport.c:481:31:mesh_lower_transport_outgoing_message_for_dst	16	static
mesh_lower_transport.c:488:13:mesh_lower_transport_outgoing_process_segment_acknowledgement_message	40	static
mesh_lower_transport.c:543:13:mesh_lower_transport_outgoing_stop_acknowledgment_timer	16	static
mesh_lower_transport.c:549:13:mesh_lower_transport_outgoing_restart_segment_transmission_timer	24	static
mesh_lower_transport.c:569:13:mesh_lower_transport_outgoing_complete	16	static
mesh_lower_transport.c:590:13:mesh_lower_transport_outgoing_setup_segment	104	static
mesh_lower_transport.c:647:13:mesh_lower_transport_outgoing_send_next_segment	24	static
mesh_lower_transport.c:722:13:mesh_lower_transport_outgoing_setup_sending_segmented_pdus	16	static
mesh_lower_transport.c:734:13:mesh_lower_transport_outgoing_segment_transmission_fired	16	static
mesh_lower_transport.c:759:13:mesh_lower_transport_outgoing_segment_transmission_timeout	24	static
mesh_lower_transport.c:776:13:mesh_lower_transport_network_pdu_sent	16	static
mesh_lower_transport.c:826:13:mesh_lower_transport_process_unsegmented_control_message	24	static
mesh_lower_transport.c:845:13:mesh_lower_transport_process_network_pdu	24	static
mesh_lower_transport.c:874:6:mesh_lower_transport_received_message	24	static
mesh_lower_transport.c:909:13:mesh_lower_transport_run	16	static
mesh_lower_transport.c:941:6:mesh_lower_transport_send_pdu	24	static
mesh_lower_transport.c:962:6:mesh_lower_transport_dump_network_pdus	32	static
mesh_lower_transport.c:972:6:mesh_lower_transport_reset_network_pdus	24	static
mesh_lower_transport.c:979:6:mesh_lower_transport_can_send_to_dest	40	static
mesh_lower_transport.c:1006:6:mesh_lower_transport_reserve_slot	4	static
mesh_lower_transport.c:1009:6:mesh_lower_transport_reset	16	static
mesh_lower_transport.c:1026:6:mesh_lower_transport_init	8	static
mesh_lower_transport.c:1034:6:mesh_lower_transport_set_higher_layer_handler	16	static
