mesh_health_server.c:60:13:health_server_send_message	48	static
mesh_health_server.c:66:30:mesh_health_server_fault_for_company_id	40	static
mesh_health_server.c:76:30:mesh_health_server_active_fault	40	static
mesh_health_server.c:87:13:mesh_health_server_update_publication_model_period_divisor	24	static
mesh_health_server.c:108:21:health_period_status	24	static
mesh_health_server.c:115:21:health_attention_status	16	static
mesh_health_server.c:122:21:health_fault_status	48	static
mesh_health_server.c:151:13:health_fault_get_handler	64	static
mesh_health_server.c:162:17:process_message_fault_clear	40	static
mesh_health_server.c:175:13:health_fault_clear_handler	48	static
mesh_health_server.c:184:13:health_fault_clear_unacknowledged_handler	16	static
mesh_health_server.c:190:13:health_fault_test_process_message	88	static
mesh_health_server.c:235:13:health_fault_test_handler	16	static
mesh_health_server.c:240:13:health_fault_test_unacknowledged_handler	16	static
mesh_health_server.c:245:13:health_period_get_handler	48	static
mesh_health_server.c:252:13:process_message_period_set	40	static
mesh_health_server.c:263:13:health_period_set_handler	48	static
mesh_health_server.c:272:13:health_period_set_unacknowledged_handler	16	static
mesh_health_server.c:277:13:health_attention_get_handler	48	static
mesh_health_server.c:284:13:process_message_attention_set	48	static
mesh_health_server.c:305:13:health_attention_set_handler	48	static
mesh_health_server.c:314:13:health_attention_set_unacknowledged_handler	16	static
mesh_health_server.c:319:21:mesh_health_server_publish_state_fn	24	static
mesh_health_server.c:345:26:mesh_health_server_get_operations	4	static
mesh_health_server.c:349:6:mesh_health_server_register_packet_handler	16	static
mesh_health_server.c:353:6:mesh_health_server_add_fault_state	32	static
mesh_health_server.c:362:6:mesh_health_server_set_fault	24	static
mesh_health_server.c:397:6:mesh_health_server_clear_fault	24	static
mesh_health_server.c:424:6:mesh_health_server_set_publication_model	16	static
mesh_health_server.c:431:6:mesh_health_server_report_test_done	48	static
