btstack_event.h:68:23:hci_event_packet_get_type	16	static
btstack_event.h:157:23:hci_event_le_meta_get_subevent_code	16	static
btstack_event.h:1142:23:btstack_event_state_get_state	16	static
btstack_event.h:9274:23:mesh_subevent_pb_prov_attention_timer_get_attention_time	16	static
mesh.c:169:13:mesh_log_key	96	static
mesh.c:191:13:mesh_setup_from_provisioning_data	24	static
mesh.c:225:13:mesh_emit_attention_timer_event	32	static
mesh.c:232:13:mesh_attention_timer_handler	16	static
mesh.c:242:6:mesh_attention_timer_set	16	static
mesh.c:258:9:mesh_attention_timer_get	4	static
mesh.c:262:13:mesh_provisioning_message_handler	64	static
mesh.c:300:13:hci_packet_handler	24	static
mesh.c:337:13:report_store_error	24	static
mesh.c:346:6:mesh_foundation_state_load	32	static
mesh.c:361:6:mesh_foundation_state_store	32	static
mesh.c:375:17:mesh_virtual_address_tag_for_pseudo_dst	16	static
mesh.c:379:13:mesh_store_virtual_address	56	static
mesh.c:388:13:mesh_delete_virtual_address	24	static
mesh.c:393:6:mesh_load_virtual_addresses	56	static
mesh.c:412:6:mesh_delete_virtual_addresses	16	static
mesh.c:419:6:mesh_virtual_address_decrease_refcount	16	static
mesh.c:435:6:mesh_virtual_address_increase_refcount	16	static
mesh.c:446:17:mesh_model_subscription_tag_for_index	16	static
mesh.c:450:13:mesh_model_load_subscriptions	40	static
mesh.c:466:6:mesh_model_store_subscriptions	32	static
mesh.c:472:13:mesh_model_delete_subscriptions	24	static
mesh.c:477:6:mesh_load_subscriptions	40	static
mesh.c:493:6:mesh_delete_subscriptions	40	static
mesh.c:511:17:mesh_model_publication_tag_for_index	16	static
mesh.c:515:13:mesh_model_load_publication	48	static
mesh.c:542:6:mesh_model_store_publication	48	static
mesh.c:558:13:mesh_model_delete_publication	24	static
mesh.c:564:6:mesh_load_publications	40	static
mesh.c:580:6:mesh_delete_publications	40	static
mesh.c:597:17:mesh_network_key_tag_for_internal_index	16	static
mesh.c:601:6:mesh_store_network_key	128	static
mesh.c:619:6:mesh_delete_network_key	24	static
mesh.c:624:6:mesh_load_network_keys	128	static
mesh.c:664:6:mesh_delete_network_keys	16	static
mesh.c:675:17:mesh_transport_key_tag_for_internal_index	16	static
mesh.c:679:6:mesh_store_app_key	56	static
mesh.c:693:6:mesh_delete_app_key	24	static
mesh.c:698:6:mesh_load_app_keys	56	static
mesh.c:726:6:mesh_delete_app_keys	16	static
mesh.c:738:17:mesh_model_tag_for_index	16	static
mesh.c:742:13:mesh_load_appkey_list	32	static
mesh.c:747:13:mesh_store_appkey_list	32	static
mesh.c:753:13:mesh_delete_appkey_list	24	static
mesh.c:758:6:mesh_load_appkey_lists	40	static
mesh.c:774:6:mesh_delete_appkey_lists	40	static
mesh.c:790:9:mesh_model_bind_appkey	24	static
mesh.c:805:6:mesh_model_unbind_appkey	24	static
mesh.c:815:5:mesh_model_contains_appkey	24	static
mesh.c:823:6:mesh_access_netkey_finalize	16	static
mesh.c:829:6:mesh_access_appkey_finalize	16	static
mesh.c:835:6:mesh_access_key_refresh_revoke_keys	40	static
mesh.c:854:12:mesh_load_iv_index_and_sequence_number	40	static
mesh.c:865:13:mesh_store_iv_index_and_sequence_number	40	static
mesh.c:876:13:mesh_persist_iv_index_and_sequence_number	16	static
mesh.c:882:13:mesh_persist_iv_index_and_sequence_number_if_needed	8	static
mesh.c:888:13:mesh_access_secure_network_beacon_handler	96	static
mesh.c:1018:13:mesh_node_store_provisioning_data	48	static
mesh.c:1040:13:mesh_access_setup_unprovisioned_device	16	static
mesh.c:1052:13:mesh_access_setup_without_provisiong_data_random	16	static
mesh.c:1059:6:mesh_node_reset	8	static
mesh.c:1076:13:mesh_access_setup_with_provisiong_data_random	16	static
mesh.c:1082:12:mesh_node_startup_from_tlv	96	static
mesh.c:1170:13:mesh_control_message_handler	40	static
mesh.c:1198:13:mesh_node_setup_default_models	8	static
mesh.c:1214:6:mesh_init	8	static
mesh.c:1271:6:mesh_register_provisioning_device_packet_handler	16	static
