mesh_access.c:76:6:mesh_access_init	8	static
mesh_access.c:81:6:mesh_access_emit_state_update_bool	56	static
mesh_access.c:96:6:mesh_access_emit_state_update_int16	56	static
mesh_access.c:112:9:mesh_access_acknowledged_message_retransmissions	4	static
mesh_access.c:116:10:mesh_access_acknowledged_message_timeout_ms	4	static
mesh_access.c:123:6:mesh_access_send_unacknowledged_pdu	16	static
mesh_access.c:128:6:mesh_access_send_acknowledged_pdu	24	static
mesh_access.c:137:13:mesh_access_acknowledged_run	120	static
mesh_access.c:213:13:mesh_access_acknowledged_received	40	static
mesh_access.c:230:13:mesh_access_upper_transport_handler	32	static
mesh_access.c:260:10:mesh_access_time_gdtt2ms	24	static
mesh_access.c:267:9:mesh_access_transitions_num_steps_from_gdtt	16	static
mesh_access.c:271:10:mesh_access_transitions_step_ms_from_gdtt	24	static
mesh_access.c:287:9:mesh_access_transactions_get_next_transaction_id	4	static
mesh_access.c:295:12:mesh_access_transitions_transaction_is_expired	16	static
mesh_access.c:299:27:mesh_access_transitions_transaction_status	24	static
mesh_access.c:308:6:mesh_access_transitions_init_transaction	24	static
mesh_access.c:315:13:mesh_server_transition_timeout	24	static
mesh_access.c:347:6:mesh_access_transition_setup	24	static
mesh_access.c:380:6:mesh_access_transitions_abort_transaction	16	static
mesh_access.c:384:17:mesh_access_src	16	static
mesh_access.c:388:10:mesh_pdu_ctl	16	static
mesh_access.c:398:10:mesh_pdu_ttl	16	static
mesh_access.c:408:10:mesh_pdu_src	16	static
mesh_access.c:420:10:mesh_pdu_dst	16	static
mesh_access.c:436:10:mesh_pdu_netkey_index	16	static
mesh_access.c:448:10:mesh_pdu_appkey_index	16	static
mesh_access.c:458:10:mesh_pdu_len	16	static
mesh_access.c:472:11:mesh_pdu_data	16	static
mesh_access.c:486:9:mesh_pdu_control_opcode	16	static
mesh_access.c:500:12:mesh_access_get_opcode	32	static
mesh_access.c:523:5:mesh_access_pdu_get_opcode	24	static
mesh_access.c:529:6:mesh_access_parser_skip	16	static
mesh_access.c:534:5:mesh_access_parser_init	24	static
mesh_access.c:547:10:mesh_access_parser_available	16	static
mesh_access.c:551:9:mesh_access_parser_get_uint8	24	static
mesh_access.c:557:10:mesh_access_parser_get_uint16	24	static
mesh_access.c:563:10:mesh_access_parser_get_uint24	24	static
mesh_access.c:569:10:mesh_access_parser_get_uint32	24	static
mesh_access.c:575:6:mesh_access_parser_get_uint128	16	static
mesh_access.c:580:6:mesh_access_parser_get_label_uuid	16	static
mesh_access.c:585:6:mesh_access_parser_get_key	16	static
mesh_access.c:590:10:mesh_access_parser_get_model_identifier	24	static
mesh_access.c:599:10:mesh_access_parser_get_sig_model_identifier	24	static
mesh_access.c:604:10:mesh_access_parser_get_vendor_model_identifier	24	static
mesh_access.c:614:12:mesh_access_setup_opcode	16	static
mesh_access.c:630:6:mesh_access_message_init	24	static
mesh_access.c:639:6:mesh_access_message_add_data	24	static
mesh_access.c:643:6:mesh_access_message_add_uint8	16	static
mesh_access.c:647:6:mesh_access_message_add_uint16	16	static
mesh_access.c:651:6:mesh_access_message_add_uint24	16	static
mesh_access.c:655:6:mesh_access_message_add_uint32	16	static
mesh_access.c:659:6:mesh_access_message_add_model_identifier	16	static
mesh_access.c:667:30:mesh_access_message_finalize	24	static
mesh_access.c:681:30:mesh_access_setup_message	32	static
mesh_access.c:727:33:mesh_model_lookup_operation_by_opcode	24	static
mesh_access.c:738:33:mesh_model_lookup_operation	40	static
mesh_access.c:758:12:mesh_access_validate_appkey_index	16	static
mesh_access.c:766:6:mesh_access_message_processed	16	static
mesh_access.c:775:13:mesh_access_message_process_handler	120	static
mesh_access.c:887:17:mesh_model_publication_retransmit_count	16	static
mesh_access.c:891:17:mesh_model_publication_retransmission_period_ms	16	static
mesh_access.c:895:13:mesh_model_publication_setup_publication	24	static
mesh_access.c:913:13:mesh_model_publication_setup_retransmission	32	static
mesh_access.c:941:13:mesh_model_publication_publish_now_model	64	static
mesh_access.c:966:13:mesh_model_trigger_publication	24	static
mesh_access.c:974:13:mesh_model_publication_run	88	static
mesh_access.c:1070:6:mesh_model_publication_start	24	static
mesh_access.c:1079:6:mesh_model_publication_stop	24	static
mesh_access.c:1087:6:mesh_access_state_changed	24	static
