btstack_event.h:68:23:hci_event_packet_get_type	16	static
btstack_event.h:173:23:hci_event_mesh_meta_get_subevent_code	16	static
btstack_event.h:9504:32:mesh_subevent_proxy_connected_get_con_handle	16	static
mesh_network.c:151:17:mesh_network_cache_hash	24	static
mesh_network.c:162:12:mesh_network_cache_find	24	static
mesh_network.c:172:13:mesh_network_cache_add	16	static
mesh_network.c:180:5:mesh_network_address_unicast	16	static
mesh_network.c:184:5:mesh_network_address_virtual	16	static
mesh_network.c:188:5:mesh_network_address_group	16	static
mesh_network.c:192:5:mesh_network_address_all_proxies	16	static
mesh_network.c:196:5:mesh_network_address_all_nodes	16	static
mesh_network.c:200:5:mesh_network_address_all_friends	16	static
mesh_network.c:204:5:mesh_network_address_all_relays	16	static
mesh_network.c:208:5:mesh_network_addresses_valid	16	static
mesh_network.c:240:13:mesh_network_create_nonce	32	static
mesh_network.c:250:13:mesh_proxy_create_nonce	32	static
mesh_network.c:263:13:mesh_network_send_complete	16	static
mesh_network.c:279:13:mesh_network_send_c	24	static
mesh_network.c:318:13:mesh_network_send_b	40	static
mesh_network.c:346:13:mesh_network_send_a	32	static
mesh_network.c:401:13:mesh_network_relay_message	24	static
mesh_network.c:426:6:mesh_network_message_processed_by_higher_layer	32	static
mesh_network.c:481:13:process_network_pdu_done	8	static
mesh_network.c:489:13:process_network_pdu_validate_d	48	static
mesh_network.c:594:17:iv_index_for_pdu	24	static
mesh_network.c:609:13:process_network_pdu_validate_b	40	static
mesh_network.c:658:13:process_network_pdu_validate	24	static
mesh_network.c:678:13:process_network_pdu	16	static
mesh_network.c:696:13:mesh_network_run_gatt	16	static
mesh_network.c:746:13:mesh_network_run_adv	32	static
mesh_network.c:797:13:mesh_network_run_received	8	static
mesh_network.c:817:13:mesh_network_run_queued	8	static
mesh_network.c:837:13:mesh_network_run	16	static
mesh_network.c:849:13:mesh_adv_bearer_handle_network_event	32	static
mesh_network.c:910:13:mesh_network_gatt_bearer_outgoing_complete	8	static
mesh_network.c:922:13:mesh_network_gatt_bearer_handle_network_event	24	static
mesh_network.c:971:13:mesh_netework_gatt_bearer_handle_proxy_configuration	24	static
mesh_network.c:999:6:mesh_network_init	8	static
mesh_network.c:1010:6:mesh_network_set_higher_layer_handler	16	static
mesh_network.c:1014:6:mesh_network_set_proxy_message_handler	16	static
mesh_network.c:1018:6:mesh_network_received_message	24	static
mesh_network.c:1037:6:mesh_network_process_proxy_configuration_message	24	static
mesh_network.c:1055:6:mesh_network_send_pdu	16	static
mesh_network.c:1078:6:mesh_network_encrypt_proxy_configuration_message	16	static
mesh_network.c:1100:6:mesh_network_setup_pdu	24	static
mesh_network.c:1130:6:mesh_network_setup_pdu_header	24	static
mesh_network.c:1143:10:mesh_network_nid	16	static
mesh_network.c:1146:10:mesh_network_control	16	static
mesh_network.c:1149:9:mesh_network_ttl	16	static
mesh_network.c:1152:10:mesh_network_seq	16	static
mesh_network.c:1155:10:mesh_network_src	16	static
mesh_network.c:1158:10:mesh_network_dst	16	static
mesh_network.c:1161:5:mesh_network_segmented	16	static
mesh_network.c:1164:9:mesh_network_control_opcode	16	static
mesh_network.c:1167:11:mesh_network_pdu_data	16	static
mesh_network.c:1170:11:mesh_network_pdu_len	16	static
mesh_network.c:1174:6:mesh_network_pdu_set_seq	16	static
mesh_network.c:1178:13:mesh_network_dump_network_pdu	16	static
mesh_network.c:1183:13:mesh_network_dump_network_pdus	32	static
mesh_network.c:1192:13:mesh_network_reset_network_pdus	24	static
mesh_network.c:1198:6:mesh_network_dump	8	static
mesh_network.c:1217:6:mesh_network_reset	8	static
mesh_network.c:1257:22:mesh_network_pdu_get	16	static
mesh_network.c:1266:6:mesh_network_pdu_free	24	static
mesh_network.c:1275:6:mesh_network_notify_on_freed_pdu	16	static
mesh_network.c:1283:6:mesh_subnet_add	16	static
mesh_network.c:1287:6:mesh_subnet_remove	16	static
mesh_network.c:1291:17:mesh_subnet_get_by_netkey_index	32	static
mesh_network.c:1301:5:mesh_subnet_list_count	8	static
mesh_network.c:1306:6:mesh_subnet_iterator_init	16	static
mesh_network.c:1310:5:mesh_subnet_iterator_has_more	16	static
mesh_network.c:1314:17:mesh_subnet_iterator_get_next	16	static
mesh_network.c:1318:22:mesh_subnet_get_outgoing_network_key	16	static
mesh_network.c:1332:6:mesh_subnet_setup_for_netkey_index	56	static
