mesh_upper_transport.c:143:13:mesh_print_hex	24	static
mesh_upper_transport.c:151:13:mesh_transport_key_and_virtual_address_iterator_init	24	static
mesh_upper_transport.c:173:12:mesh_transport_key_and_virtual_address_iterator_has_more	16	static
mesh_upper_transport.c:188:13:mesh_transport_key_and_virtual_address_iterator_next	16	static
mesh_upper_transport.c:198:13:mesh_segmented_pdu_flatten	48	static
mesh_upper_transport.c:214:17:mesh_upper_pdu_flatten	48	static
mesh_upper_transport.c:230:13:mesh_segmented_store_payload	40	static
mesh_upper_transport.c:253:13:mesh_segmented_allocate_segments	24	static
mesh_upper_transport.c:266:13:mesh_upper_transport_dump_pdus	32	static
mesh_upper_transport.c:277:13:mesh_upper_transport_reset_pdus	16	static
mesh_upper_transport.c:283:6:mesh_upper_transport_dump	8	static
mesh_upper_transport.c:287:6:mesh_upper_transport_reset	8	static
mesh_upper_transport.c:299:31:mesh_upper_transport_get_outgoing_appkey	56	static
mesh_upper_transport.c:335:17:iv_index_for_ivi_nid	24	static
mesh_upper_transport.c:347:13:transport_segmented_setup_nonce	24	static
mesh_upper_transport.c:375:13:transport_segmented_setup_application_nonce	16	static
mesh_upper_transport.c:381:13:transport_segmented_setup_device_nonce	16	static
mesh_upper_transport.c:387:13:mesh_upper_transport_process_access_message_done	16	static
mesh_upper_transport.c:396:13:mesh_upper_transport_process_control_message_done	16	static
mesh_upper_transport.c:403:13:mesh_upper_transport_network_pdu_freed	8	static
mesh_upper_transport.c:416:13:mesh_upper_transport_need_pdu_for_send_requests	16	static
mesh_upper_transport.c:423:13:mesh_upper_transport_need_pdu_for_run_outgoing	16	static
mesh_upper_transport.c:431:13:mesh_upper_transport_deliver_access_message	8	static
mesh_upper_transport.c:436:13:mesh_upper_transport_send_requests_pending	8	static
mesh_upper_transport.c:443:13:mesh_upper_transport_schedule_send_requests	16	static
mesh_upper_transport.c:476:6:mesh_upper_transport_request_to_send	16	static
mesh_upper_transport.c:481:13:mesh_upper_transport_validate_access_message_ccm	40	static
mesh_upper_transport.c:523:13:mesh_upper_transport_validate_access_message_digest	40	static
mesh_upper_transport.c:552:13:mesh_upper_transport_validate_access_message	32	static
mesh_upper_transport.c:593:13:mesh_upper_transport_process_access_message	32	static
mesh_upper_transport.c:610:13:mesh_upper_transport_message_received	16	static
mesh_upper_transport.c:615:13:mesh_upper_transport_send_access_segmented	24	static
mesh_upper_transport.c:647:13:mesh_upper_transport_send_access_unsegmented	24	static
mesh_upper_transport.c:674:13:mesh_upper_transport_send_access_ccm	24	static
mesh_upper_transport.c:697:13:mesh_upper_transport_send_access_digest	32	static
mesh_upper_transport.c:704:13:mesh_upper_transport_send_access	56	static
mesh_upper_transport.c:774:13:mesh_upper_transport_send_unsegmented_control_pdu	24	static
mesh_upper_transport.c:789:13:mesh_upper_transport_send_segmented_control_pdu	24	static
mesh_upper_transport.c:831:13:mesh_upper_transport_run	72	static
mesh_upper_transport.c:1025:37:mesh_upper_transport_find_and_remove_pdu_for_lower	40	static
mesh_upper_transport.c:1048:13:mesh_upper_transport_pdu_handler	32	static
mesh_upper_transport.c:1105:6:mesh_upper_transport_pdu_free	32	static
mesh_upper_transport.c:1138:6:mesh_upper_transport_message_processed_by_higher_layer	16	static
mesh_upper_transport.c:1153:6:mesh_upper_transport_send_access_pdu	16	static
mesh_upper_transport.c:1169:6:mesh_upper_transport_send_control_pdu	16	static
mesh_upper_transport.c:1185:9:mesh_upper_transport_setup_unsegmented_control_pdu	72	static
mesh_upper_transport.c:1206:9:mesh_upper_transport_setup_segmented_control_pdu_header	40	static
mesh_upper_transport.c:1220:16:mesh_upper_transport_setup_upper_access_pdu_header	48	static
mesh_upper_transport.c:1254:9:mesh_upper_transport_setup_access_pdu_header	40	static
mesh_upper_transport.c:1267:6:mesh_upper_transport_register_access_message_handler	16	static
mesh_upper_transport.c:1271:6:mesh_upper_transport_register_control_message_handler	16	static
mesh_upper_transport.c:1275:6:mesh_upper_transport_init	8	static
mesh_upper_transport.c:1279:6:mesh_upper_transport_message_reserve	16	static
mesh_upper_transport.c:1297:6:mesh_upper_transport_message_init	16	static
mesh_upper_transport.c:1315:6:mesh_upper_transport_message_add_data	32	static
mesh_upper_transport.c:1352:6:mesh_upper_transport_message_add_uint8	16	static
mesh_upper_transport.c:1356:6:mesh_upper_transport_message_add_uint16	24	static
mesh_upper_transport.c:1362:6:mesh_upper_transport_message_add_uint24	24	static
mesh_upper_transport.c:1368:6:mesh_upper_transport_message_add_uint32	24	static
mesh_upper_transport.c:1374:30:mesh_upper_transport_message_finalize	16	static
