mesh_proxy.c:124:13:mesh_proxy_setup_advertising_unprovisioned	16	static
mesh_proxy.c:136:6:mesh_proxy_start_advertising_unprovisioned_device	16	static
mesh_proxy.c:148:6:mesh_proxy_stop_advertising_unprovisioned_device	8	static
mesh_proxy.c:154:16:mesh_proxy_setup_advertising_with_network_id	24	static
mesh_proxy.c:160:13:mesh_proxy_stop_advertising_with_node_id_for_subnet	16	static
mesh_proxy.c:167:13:mesh_proxy_stop_all_advertising_with_node_id	24	static
mesh_proxy.c:178:13:mesh_proxy_node_id_timeout_handler	16	static
mesh_proxy.c:183:13:mesh_proxy_node_id_handle_get_aes128	32	static
mesh_proxy.c:211:13:mesh_proxy_node_id_handle_random	32	static
mesh_proxy.c:223:13:mesh_proxy_start_advertising_with_node_id_for_subnet	24	static
mesh_proxy.c:232:9:mesh_proxy_get_advertising_with_node_id_status	24	static
mesh_proxy.c:252:9:mesh_proxy_set_advertising_with_node_id	24	static
mesh_proxy.c:274:13:mesh_proxy_start_advertising_with_node_id_next_subnet	24	static
mesh_proxy.c:286:6:mesh_proxy_start_advertising_with_node_id	8	static
mesh_proxy.c:294:6:mesh_proxy_stop_advertising_with_node_id	8	static
mesh_proxy.c:298:6:mesh_proxy_start_advertising_with_network_id	40	static
mesh_proxy.c:312:6:mesh_proxy_stop_advertising_with_network_id	32	static
mesh_proxy.c:343:13:request_can_send_now_proxy_configuration_callback_handler	16	static
mesh_proxy.c:348:13:proxy_configuration_message_handler	72	static
mesh_proxy.c:417:6:mesh_proxy_init	16	static
