pb_adv.c:144:17:pb_adv_random	4	static
pb_adv.c:149:13:pb_adv_packet_handler	32	static
pb_adv.c:157:13:pb_adv_emit_pdu_sent	24	static
pb_adv.c:162:13:pb_adv_emit_link_open	24	static
pb_adv.c:169:13:pb_adv_emit_link_close	24	static
pb_adv.c:176:13:pb_adv_device_link_timeout	24	static
pb_adv.c:185:13:pb_adv_handle_bearer_control	40	static
pb_adv.c:254:13:pb_adv_pdu_complete	24	static
pb_adv.c:281:13:pb_adv_handle_transaction_start	24	static
pb_adv.c:331:13:pb_adv_handle_transaction_cont	24	static
pb_adv.c:379:13:pb_adv_outgoing_transaction_complete	16	static
pb_adv.c:398:13:pb_adv_handle_transaction_ack	16	static
pb_adv.c:411:12:pb_adv_packet_to_send	4	static
pb_adv.c:415:13:pb_adv_timer_handler	16	static
pb_adv.c:422:13:pb_adv_run	24	static
pb_adv.c:435:13:pb_adv_handler	144	static
pb_adv.c:628:6:pb_adv_init	8	static
pb_adv.c:634:6:pb_adv_register_device_packet_handler	16	static
pb_adv.c:638:6:pb_adv_register_provisioner_packet_handler	16	static
pb_adv.c:642:6:pb_adv_send_pdu	16	static
pb_adv.c:658:6:pb_adv_close_link	16	static
pb_adv.c:680:10:pb_adv_create_link	16	static
