btstack_event.h:68:23:hci_event_packet_get_type	16	static
btstack_event.h:173:23:hci_event_mesh_meta_get_subevent_code	16	static
btstack_event.h:9218:23:mesh_subevent_pb_transport_link_open_get_status	16	static
provisioning_provisioner.c:145:13:provisioning_emit_output_oob_event	40	static
provisioning_provisioner.c:153:13:provisioning_emit_event	32	static
provisioning_provisioner.c:160:13:provisiong_timer_handler	16	static
provisioning_provisioner.c:169:13:provisioning_timer_start	8	static
provisioning_provisioner.c:176:13:provisioning_timer_stop	8	static
provisioning_provisioner.c:182:13:provisioning_send_invite	16	static
provisioning_provisioner.c:190:13:provisioning_send_start	16	static
provisioning_provisioner.c:202:13:provisioning_send_provisioning_error	16	static
provisioning_provisioner.c:208:13:provisioning_send_public_key	32	static
provisioning_provisioner.c:216:13:provisioning_send_confirm	24	static
provisioning_provisioner.c:222:13:provisioning_send_random	24	static
provisioning_provisioner.c:228:13:provisioning_send_data	24	static
provisioning_provisioner.c:259:13:provisioning_run	16	static
provisioning_provisioner.c:315:13:provisioning_done	8	static
provisioning_provisioner.c:328:13:provisioning_handle_provisioning_error	16	static
provisioning_provisioner.c:335:13:provisioning_handle_link_opened	16	static
provisioning_provisioner.c:340:13:provisioning_handle_capabilities	40	static
provisioning_provisioner.c:363:13:provisioning_handle_confirmation_provisioner_calculated	16	static
provisioning_provisioner.c:373:13:provisioning_handle_random_provisioner	40	static
provisioning_provisioner.c:387:13:provisioning_handle_confirmation_k1_calculated	24	static
provisioning_provisioner.c:397:13:provisioning_handle_confirmation_salt	40	static
provisioning_provisioner.c:408:13:provisioning_handle_auth_value_ready	16	static
provisioning_provisioner.c:417:13:provisioning_handle_auth_value_input_oob	16	static
provisioning_provisioner.c:440:13:provisioning_handle_input_complete	16	static
provisioning_provisioner.c:445:13:provisioning_public_key_exchange_complete	16	static
provisioning_provisioner.c:480:13:provisioning_handle_public_key_dhkey	16	static
provisioning_provisioner.c:500:13:provisioning_public_key_ready	16	static
provisioning_provisioner.c:505:13:provisioning_handle_public_key	32	static
provisioning_provisioner.c:537:13:provisioning_handle_confirmation	16	static
provisioning_provisioner.c:560:13:provisioning_handle_data_encrypted	16	static
provisioning_provisioner.c:576:13:provisioning_handle_session_nonce_calculated	48	static
provisioning_provisioner.c:599:13:provisioning_handle_session_key_calculated	40	static
provisioning_provisioner.c:611:13:provisioning_handle_provisioning_salt_calculated	40	static
provisioning_provisioner.c:622:13:provisioning_handle_random	32	static
provisioning_provisioner.c:636:13:provisioning_handle_complete	16	static
provisioning_provisioner.c:640:13:provisioning_handle_pdu	24	static
provisioning_provisioner.c:724:13:prov_key_generated	32	static
provisioning_provisioner.c:737:6:provisioning_provisioner_init	8	static
provisioning_provisioner.c:743:6:provisioning_provisioner_register_packet_handler	16	static
provisioning_provisioner.c:747:10:provisioning_provisioner_start_provisioning	16	static
provisioning_provisioner.c:758:6:provisioning_provisioner_set_static_oob	16	static
provisioning_provisioner.c:764:9:provisioning_provisioner_select_authentication_method	16	static
provisioning_provisioner.c:779:9:provisioning_provisioner_public_key_oob_received	32	static
provisioning_provisioner.c:797:6:provisioning_provisioner_input_oob_complete_numeric	16	static
provisioning_provisioner.c:806:6:provisioning_provisioner_input_oob_complete_alphanumeric	16	static
