btstack_event.h:68:23:hci_event_packet_get_type	16	static
btstack_event.h:173:23:hci_event_mesh_meta_get_subevent_code	16	static
btstack_event.h:9227:24:mesh_subevent_pb_transport_link_open_get_pb_transport_cid	16	static
btstack_event.h:9236:23:mesh_subevent_pb_transport_link_open_get_pb_type	16	static
provisioning_device.c:157:13:pb_send_pdu	16	static
provisioning_device.c:174:13:pb_close_link	16	static
provisioning_device.c:191:13:provisioning_emit_event	32	static
provisioning_device.c:198:13:provisioning_emit_output_oob_event	40	static
provisioning_device.c:206:13:provisioning_emit_attention_timer_event	32	static
provisioning_device.c:214:13:provisiong_timer_handler	16	static
provisioning_device.c:222:13:provisioning_timer_start	8	static
provisioning_device.c:229:13:provisioning_timer_stop	8	static
provisioning_device.c:235:13:provisioning_send_provisioning_error	8	static
provisioning_device.c:242:13:provisioning_send_capabilites	8	static
provisioning_device.c:278:13:provisioning_send_public_key	24	static
provisioning_device.c:290:13:provisioning_send_input_complete	8	static
provisioning_device.c:297:13:provisioning_send_confirm	16	static
provisioning_device.c:306:13:provisioning_send_random	16	static
provisioning_device.c:315:13:provisioning_send_complete	8	static
provisioning_device.c:323:13:provisioning_done	8	static
provisioning_device.c:343:13:provisioning_handle_auth_value_output_oob	16	static
provisioning_device.c:355:13:provisioning_public_key_exchange_complete	16	static
provisioning_device.c:387:13:provisioning_run	16	static
provisioning_device.c:438:13:provisioning_handle_provisioning_error	16	static
provisioning_device.c:446:13:provisioning_handle_invite	16	static
provisioning_device.c:463:13:provisioning_handle_start	24	static
provisioning_device.c:528:13:provisioning_handle_public_key_dhkey	32	static
provisioning_device.c:547:13:provisioning_handle_public_key	40	static
provisioning_device.c:576:13:provisioning_handle_confirmation_device_calculated	16	static
provisioning_device.c:586:13:provisioning_handle_confirmation_random_device	40	static
provisioning_device.c:597:13:provisioning_handle_confirmation_k1_calculated	24	static
provisioning_device.c:610:13:provisioning_handle_confirmation_s1_calculated	40	static
provisioning_device.c:621:13:provisioning_handle_confirmation	24	static
provisioning_device.c:640:13:provisioning_handle_random_session_nonce_calculated	40	static
provisioning_device.c:656:13:provisioning_handle_random_session_key_calculated	40	static
provisioning_device.c:667:13:provisioning_handle_random_s1_calculated	40	static
provisioning_device.c:679:13:provisioning_handle_random	32	static
provisioning_device.c:694:13:provisioning_handle_network_dervived	16	static
provisioning_device.c:707:13:provisioning_handle_data_device_key	16	static
provisioning_device.c:714:13:provisioning_handle_data_ccm	56	static
provisioning_device.c:740:13:provisioning_handle_data	32	static
provisioning_device.c:751:13:provisioning_handle_unexpected_pdu	16	static
provisioning_device.c:757:13:provisioning_handle_pdu	24	static
provisioning_device.c:839:13:prov_key_generated	32	static
provisioning_device.c:852:6:provisioning_device_init	8	static
provisioning_device.c:870:6:provisioning_device_register_packet_handler	16	static
provisioning_device.c:874:6:provisioning_device_set_public_key_oob	16	static
provisioning_device.c:881:6:provisioning_device_set_static_oob	16	static
provisioning_device.c:887:6:provisioning_device_set_output_oob_actions	16	static
provisioning_device.c:892:6:provisioning_device_set_input_oob_actions	16	static
provisioning_device.c:897:6:provisioning_device_input_oob_complete_numeric	16	static
provisioning_device.c:907:6:provisioning_device_input_oob_complete_alphanumeric	16	static
provisioning_device.c:919:6:provisioning_device_data_get	24	static
