i2c_peri.c:80:6:i2cInit	16	static
i2c_peri.c:91:6:i2c_MspInit	16	static
i2c_peri.c:98:6:i2c_MspDeInit	16	static
i2c_peri.c:105:6:i2cInitTransaction	24	static
i2c_peri.c:116:6:i2cNewTXWait	32	static
i2c_peri.c:129:6:i2cNewRXWait	32	static
i2c_peri.c:142:6:i2cNewTX	32	static
i2c_peri.c:156:6:i2cNewRX	32	static
i2c_peri.c:170:6:i2cWaitComplete	16	static
i2c_peri.c:181:6:i2cCheckBusy	16	static
i2c_peri.c:188:6:i2cTransferResult	16	static
i2c_peri.c:199:6:i2cTransfer	32	static
i2c_peri.c:244:6:i2cReleaseLock	8	static
i2c_peri.c:262:6:HAL_I2C_MasterTxCpltCallback	16	static
i2c_peri.c:269:6:HAL_I2C_MasterRxCpltCallback	16	static
i2c_peri.c:276:6:HAL_I2C_MemTxCpltCallback	16	static
i2c_peri.c:283:6:HAL_I2C_MemRxCpltCallback	16	static
i2c_peri.c:290:6:HAL_I2C_ErrorCallback	16	static
