audio_mem.c:48:6:audioNVSToDSPLoadAudMemReg	64	static
audio_mem.c:97:14:audioNVSToDSPLoadAudMemBlock	88	static
audio_mem.c:217:6:audioRAMToDSPLoadInputConfig	24	static
audio_mem.c:242:6:audioRAMToDSPLoadOutputConfig	24	static
audio_mem.c:267:6:audioRAMToDSPLoadEQConfig	16	static
audio_mem.c:282:6:audioRAMToNVSLoadAdjConfig	48	static
audio_mem.c:349:6:audioRAMToNVSLoadDSPConfig	48	static
audio_mem.c:376:6:audioNVSToRAMLoadDSPConfig	40	static
audio_mem.c:399:6:audioNVSToRAMLoadOutputConfig	40	static
audio_mem.c:432:6:audioNVSToRAMLoadInputConfig	40	static
audio_mem.c:466:6:audioNVSToRAMLoadEQConfig	40	static
audio_mem.c:489:6:audioRAMToNVSLoadAudMemReg	48	static
audio_mem.c:522:6:audio_write_address	32	static
audio_mem.c:542:6:audio_read_address	32	static
audio_mem.c:578:6:audio_fill_bufferheader	16	static
audio_mem.c:587:6:audio_fill_buffer	24	static
audio_mem.c:604:6:audio_fill_readbit	24	static
audio_mem.c:613:10:audio_read_buffer	24	static
audio_mem.c:627:6:audio_spi_transfer	32	static
