btstack_event.h:68:23:hci_event_packet_get_type	16	static
btstack_event.h:157:23:hci_event_le_meta_get_subevent_code	16	static
btstack_event.h:347:24:hci_event_disconnection_complete_get_connection_handle	16	static
btstack_event.h:356:23:hci_event_disconnection_complete_get_reason	16	static
btstack_event.h:1142:23:btstack_event_state_get_state	16	static
btstack_event.h:2327:32:att_event_connected_get_handle	16	static
btstack_event.h:2337:32:att_event_disconnected_get_handle	16	static
btstack_event.h:2347:32:att_event_mtu_exchange_complete_get_handle	16	static
btstack_event.h:2356:24:att_event_mtu_exchange_complete_get_MTU	16	static
btstack_event.h:3436:32:hci_subevent_le_connection_complete_get_connection_handle	16	static
btstack_event.h:3472:24:hci_subevent_le_connection_complete_get_conn_interval	16	static
btstack_event.h:3481:24:hci_subevent_le_connection_complete_get_conn_latency	16	static
btstack_event.h:3518:32:hci_subevent_le_connection_update_complete_get_connection_handle	16	static
btstack_event.h:3527:24:hci_subevent_le_connection_update_complete_get_conn_interval	16	static
btstack_event.h:3536:24:hci_subevent_le_connection_update_complete_get_conn_latency	16	static
gatt_streamer_server.c:116:13:init_connections	16	static
gatt_streamer_server.c:125:35:connection_for_conn_handle	24	static
gatt_streamer_server.c:133:13:next_connection_index	4	static
gatt_streamer_server.c:150:13:le_streamer_setup	40	static
gatt_streamer_server.c:208:13:test_reset	16	static
gatt_streamer_server.c:213:13:test_track_sent	48	static
gatt_streamer_server.c:238:13:hci_packet_handler	64	static
gatt_streamer_server.c:308:13:att_packet_handler	32	static
gatt_streamer_server.c:363:13:streamer	16	static
gatt_streamer_server.c:410:12:att_write_callback	40	static
gatt_streamer_server.c:439:6:led_blink	48	static
gatt_streamer_server.c:462:5:btstack_main	8	static
