hal_uart_dma.c:11:13:dummy_handler	4	static
hal_uart_dma.c:13:6:hal_uart_dma_set_sleep	16	static
hal_uart_dma.c:18:13:bluetooth_power_cycle	8	static
hal_uart_dma.c:25:6:HAL_UART_TxCpltCallback	16	static
hal_uart_dma.c:31:6:HAL_UART_RxCpltCallback	16	static
hal_uart_dma.c:37:6:hal_uart_dma_init	8	static
hal_uart_dma.c:40:6:hal_uart_dma_set_block_received	16	static
hal_uart_dma.c:44:6:hal_uart_dma_set_block_sent	16	static
hal_uart_dma.c:48:6:hal_uart_dma_set_csr_irq_handler	16	static
hal_uart_dma.c:52:6:hal_uart_dma_set_baud	16	static
hal_uart_dma.c:57:6:hal_uart_dma_send_block	16	static
hal_uart_dma.c:61:6:hal_uart_dma_receive_block	16	static
