btstack_event.h:68:23:hci_event_packet_get_type	16	static
btstack_event.h:347:24:hci_event_disconnection_complete_get_connection_handle	16	static
btstack_event.h:1950:20:gatt_event_service_query_result_get_service	16	static
btstack_event.h:1971:20:gatt_event_characteristic_query_result_get_characteristic	16	static
ancs_client.c:97:6:ancs_client_register_callback	16	static
ancs_client.c:101:13:notify_client_text	88	static
ancs_client.c:115:13:notify_client_simple	32	static
ancs_client.c:125:13:ancs_chunk_parser_init	4	static
ancs_client.c:131:14:ancs_client_attribute_name_for_id	16	static
ancs_client.c:147:13:ancs_chunk_parser_handle_byte	16	static
ancs_client.c:181:13:handle_hci_event	104	static
ancs_client.c:358:6:ancs_client_init	8	static
