att_db.c:59:12:is_Bluetooth_Base_UUID	16	static
att_db.c:69:17:uuid16_from_uuid	16	static
att_db.c:102:13:att_iterator_init	16	static
att_db.c:106:13:att_iterator_has_next	16	static
att_db.c:110:13:att_iterator_fetch_next	16	static
att_db.c:136:12:att_iterator_match_uuid16	16	static
att_db.c:145:12:att_iterator_match_uuid	32	static
att_db.c:161:12:att_find_handle	16	static
att_db.c:173:10:att_uuid_for_handle	48	static
att_db.c:182:13:att_update_value_len	32	static
att_db.c:189:12:att_copy_value	48	static
att_db.c:202:6:att_set_db	24	static
att_db.c:213:6:att_set_read_callback	16	static
att_db.c:217:6:att_set_write_callback	16	static
att_db.c:221:6:att_dump_attributes	56	static
att_db.c:244:13:att_prepare_write_reset	4	static
att_db.c:249:13:att_prepare_write_update_errors	16	static
att_db.c:264:17:setup_error	24	static
att_db.c:272:24:setup_error_read_not_permitted	16	static
att_db.c:276:24:setup_error_write_not_permitted	16	static
att_db.c:280:24:setup_error_atribute_not_found	16	static
att_db.c:284:24:setup_error_invalid_handle	16	static
att_db.c:288:24:setup_error_invalid_offset	16	static
att_db.c:292:24:setup_error_invalid_pdu	16	static
att_db.c:296:16:att_validate_security	32	static
att_db.c:362:17:handle_exchange_mtu_request	32	static
att_db.c:386:17:handle_find_information_request2	64	static
att_db.c:447:17:handle_find_information_request	40	static
att_db.c:469:17:handle_find_by_type_value_request	88	static
att_db.c:540:17:handle_read_by_type_request2	72	static
att_db.c:637:17:handle_read_by_type_request	48	static
att_db.c:660:17:handle_read_request2	72	static
att_db.c:697:17:handle_read_request	32	static
att_db.c:709:17:handle_read_blob_request2	80	static
att_db.c:752:17:handle_read_blob_request	40	static
att_db.c:765:17:handle_read_multiple_request2	80	static
att_db.c:824:17:handle_read_multiple_request	40	static
att_db.c:851:17:handle_read_by_group_type_request2	88	static
att_db.c:945:17:handle_read_by_group_type_request	48	static
att_db.c:966:17:handle_write_request	80	static
att_db.c:1011:17:handle_prepare_write_request	80	static
att_db.c:1066:6:att_clear_transaction_queue	32	static
att_db.c:1072:17:handle_execute_write_request	48	static
att_db.c:1112:13:handle_write_command	72	static
att_db.c:1130:17:prepare_handle_value	24	static
att_db.c:1144:10:att_prepare_handle_value_notification	32	static
att_db.c:1155:10:att_prepare_handle_value_indication	32	static
att_db.c:1166:10:att_handle_request	40	static
att_db.c:1224:6:gatt_server_get_get_handle_range_for_service_with_uuid16	64	static
att_db.c:1258:10:gatt_server_get_value_handle_for_characteristic_with_uuid16	40	static
att_db.c:1271:10:gatt_server_get_descriptor_handle_for_characteristic_with_uuid16	56	static
att_db.c:1298:10:gatt_server_get_client_configuration_handle_for_characteristic_with_uuid16	16	static
att_db.c:1303:10:gatt_server_get_server_configuration_handle_for_characteristic_with_uuid16	16	static
att_db.c:1308:5:gatt_server_get_get_handle_range_for_service_with_uuid128	80	static
att_db.c:1342:10:gatt_server_get_value_handle_for_characteristic_with_uuid128	56	static
att_db.c:1358:10:gatt_server_get_client_configuration_handle_for_characteristic_with_uuid128	64	static
att_db.c:1388:13:att_persistent_ccc_cache	16	static
att_db.c:1397:6:att_is_persistent_ccc	48	static
att_db.c:1408:10:att_read_callback_handle_blob	32	static
att_db.c:1423:10:att_read_callback_handle_little_endian_32	40	static
att_db.c:1429:10:att_read_callback_handle_little_endian_16	40	static
att_db.c:1435:10:att_read_callback_handle_byte	40	static
