btstack_event.h:68:23:hci_event_packet_get_type	16	static
btstack_event.h:3061:32:sm_event_pairing_complete_get_handle	16	static
btstack_event.h:3088:23:sm_event_pairing_complete_get_status	16	static
btstack_event.h:3139:32:sm_event_reencryption_complete_get_handle	16	static
btstack_event.h:3166:23:sm_event_reencryption_complete_get_status	16	static
gatt_client.c:81:6:gatt_client_init	8	static
gatt_client.c:100:6:gatt_client_set_required_security_level	16	static
gatt_client.c:104:24:gatt_client_for_timer	32	static
gatt_client.c:116:13:gatt_client_timeout_handler	32	static
gatt_client.c:123:13:gatt_client_timeout_start	24	static
gatt_client.c:131:13:gatt_client_timeout_stop	24	static
gatt_client.c:136:29:gatt_client_le_security_level_for_connection	24	static
gatt_client.c:146:24:gatt_client_get_context_for_handle	24	static
gatt_client.c:160:24:gatt_client_provide_context_for_handle	32	static
gatt_client.c:193:24:gatt_client_provide_context_for_handle_and_start_timer	24	static
gatt_client.c:200:12:is_ready	16	static
gatt_client.c:204:5:gatt_client_is_ready	24	static
gatt_client.c:210:6:gatt_client_mtu_enable_auto_negotiation	16	static
gatt_client.c:214:9:gatt_client_get_mtu	24	static
gatt_client.c:227:16:att_confirmation	24	static
gatt_client.c:236:16:att_find_information_request	32	static
gatt_client.c:247:16:att_find_by_type_value_request	32	static
gatt_client.c:261:16:att_read_by_type_or_group_request_for_uuid16	32	static
gatt_client.c:273:16:att_read_by_type_or_group_request_for_uuid128	32	static
gatt_client.c:285:16:att_read_request	24	static
gatt_client.c:295:16:att_read_blob_request	32	static
gatt_client.c:305:16:att_read_multiple_request	32	static
gatt_client.c:335:16:att_write_request	32	static
gatt_client.c:346:16:att_execute_write_request	24	static
gatt_client.c:356:16:att_prepare_write_request	32	static
gatt_client.c:367:16:att_exchange_mtu_request	24	static
gatt_client.c:377:17:write_blob_length	24	static
gatt_client.c:389:13:send_gatt_services_request	24	static
gatt_client.c:393:13:send_gatt_by_uuid_request	64	static
gatt_client.c:405:13:send_gatt_services_by_uuid_request	16	static
gatt_client.c:409:13:send_gatt_included_service_uuid_request	16	static
gatt_client.c:413:13:send_gatt_included_service_request	24	static
gatt_client.c:417:13:send_gatt_characteristic_request	24	static
gatt_client.c:421:13:send_gatt_characteristic_descriptor_request	16	static
gatt_client.c:425:13:send_gatt_read_characteristic_value_request	16	static
gatt_client.c:429:13:send_gatt_read_by_type_request	24	static
gatt_client.c:437:13:send_gatt_read_blob_request	16	static
gatt_client.c:441:13:send_gatt_read_multiple_request	16	static
gatt_client.c:445:13:send_gatt_write_attribute_value_request	24	static
gatt_client.c:449:13:send_gatt_write_client_characteristic_configuration_request	24	static
gatt_client.c:453:13:send_gatt_prepare_write_request	40	static
gatt_client.c:457:13:send_gatt_execute_write_request	16	static
gatt_client.c:461:13:send_gatt_cancel_prepared_write_request	16	static
gatt_client.c:466:13:send_gatt_read_client_characteristic_configuration_request	24	static
gatt_client.c:471:13:send_gatt_read_characteristic_descriptor_request	16	static
gatt_client.c:481:17:get_last_result_handle_from_service_list	24	static
gatt_client.c:486:17:get_last_result_handle_from_characteristics_list	24	static
gatt_client.c:491:17:get_last_result_handle_from_included_services_list	24	static
gatt_client.c:496:13:gatt_client_handle_transaction_complete	16	static
gatt_client.c:501:13:emit_event_new	32	static
gatt_client.c:507:6:gatt_client_listen_for_characteristic_value_updates	24	static
gatt_client.c:518:6:gatt_client_stop_listening_for_characteristic_value_updates	16	static
gatt_client.c:522:13:emit_event_to_registered_listeners	48	static
gatt_client.c:533:13:emit_gatt_complete_event	24	static
gatt_client.c:543:13:emit_gatt_service_query_result_event	48	static
gatt_client.c:556:13:emit_gatt_included_service_query_result_event	56	static
gatt_client.c:571:13:emit_gatt_characteristic_query_result_event	56	static
gatt_client.c:587:13:emit_gatt_all_characteristic_descriptors_result_event	48	static
gatt_client.c:600:13:emit_gatt_mtu_exchanged_result_event	24	static
gatt_client.c:611:13:report_gatt_services	56	static
gatt_client.c:633:13:characteristic_start_found	56	static
gatt_client.c:657:13:characteristic_end_found	32	static
gatt_client.c:668:13:report_gatt_characteristics	56	static
gatt_client.c:683:13:report_gatt_included_service_uuid16	40	static
gatt_client.c:690:13:report_gatt_included_service_uuid128	32	static
gatt_client.c:698:18:setup_characteristic_value_packet	32	static
gatt_client.c:716:18:setup_long_characteristic_value_packet	32	static
gatt_client.c:738:13:gatt_client_accept_server_message	16	static
gatt_client.c:753:13:report_gatt_notification	40	static
gatt_client.c:760:13:report_gatt_indication	40	static
gatt_client.c:767:13:report_gatt_characteristic_value	40	static
gatt_client.c:773:13:report_gatt_long_characteristic_value_blob	40	static
gatt_client.c:779:13:report_gatt_characteristic_descriptor	40	static
gatt_client.c:785:13:report_gatt_long_characteristic_descriptor	40	static
gatt_client.c:791:13:report_gatt_all_characteristic_descriptors	48	static
gatt_client.c:808:12:is_query_done	16	static
gatt_client.c:812:13:trigger_next_query	16	static
gatt_client.c:823:13:trigger_next_included_service_query	16	static
gatt_client.c:827:13:trigger_next_service_query	16	static
gatt_client.c:831:13:trigger_next_service_by_uuid_query	16	static
gatt_client.c:835:13:trigger_next_characteristic_query	16	static
gatt_client.c:843:13:trigger_next_characteristic_descriptor_query	16	static
gatt_client.c:847:13:trigger_next_read_by_type_query	16	static
gatt_client.c:851:13:trigger_next_prepare_write_query	24	static
gatt_client.c:862:13:trigger_next_blob_query	24	static
gatt_client.c:876:12:is_value_valid	32	static
gatt_client.c:886:13:gatt_client_run_for_gatt_client	48	static
gatt_client.c:1142:13:gatt_client_run	24	static
gatt_client.c:1163:13:gatt_client_report_error_if_pending	16	static
gatt_client.c:1169:13:gatt_client_event_packet_handler	40	static
gatt_client.c:1283:13:gatt_client_att_packet_handler	104	static
gatt_client.c:1802:9:gatt_client_discover_primary_services	24	static
gatt_client.c:1817:9:gatt_client_discover_primary_services_by_uuid16	24	static
gatt_client.c:1832:9:gatt_client_discover_primary_services_by_uuid128	32	static
gatt_client.c:1847:9:gatt_client_discover_characteristics_for_service	32	static
gatt_client.c:1862:9:gatt_client_find_included_services_for_service	32	static
gatt_client.c:1875:9:gatt_client_discover_characteristics_for_handle_range_by_uuid16	32	static
gatt_client.c:1892:9:gatt_client_discover_characteristics_for_handle_range_by_uuid128	32	static
gatt_client.c:1910:9:gatt_client_discover_characteristics_for_service_by_uuid16	32	static
gatt_client.c:1914:9:gatt_client_discover_characteristics_for_service_by_uuid128	32	static
gatt_client.c:1918:9:gatt_client_discover_characteristic_descriptors	32	static
gatt_client.c:1935:9:gatt_client_read_value_of_characteristic_using_value_handle	24	static
gatt_client.c:1948:9:gatt_client_read_value_of_characteristics_by_uuid16	32	static
gatt_client.c:1965:9:gatt_client_read_value_of_characteristics_by_uuid128	32	static
gatt_client.c:1983:9:gatt_client_read_value_of_characteristic	24	static
gatt_client.c:1987:9:gatt_client_read_long_value_of_characteristic_using_value_handle_with_offset	32	static
gatt_client.c:2000:9:gatt_client_read_long_value_of_characteristic_using_value_handle	16	static
gatt_client.c:2004:9:gatt_client_read_long_value_of_characteristic	24	static
gatt_client.c:2008:9:gatt_client_read_multiple_characteristic_values	32	static
gatt_client.c:2021:9:gatt_client_write_value_of_characteristic_without_response	40	static
gatt_client.c:2031:9:gatt_client_write_value_of_characteristic	32	static
gatt_client.c:2045:9:gatt_client_write_long_value_of_characteristic_with_offset	32	static
gatt_client.c:2060:9:gatt_client_write_long_value_of_characteristic	32	static
gatt_client.c:2064:9:gatt_client_reliable_write_long_value_of_characteristic	32	static
gatt_client.c:2079:9:gatt_client_write_client_characteristic_configuration	32	static
gatt_client.c:2108:9:gatt_client_read_characteristic_descriptor_using_descriptor_handle	24	static
gatt_client.c:2121:9:gatt_client_read_characteristic_descriptor	24	static
gatt_client.c:2125:9:gatt_client_read_long_characteristic_descriptor_using_descriptor_handle_with_offset	32	static
gatt_client.c:2138:9:gatt_client_read_long_characteristic_descriptor_using_descriptor_handle	16	static
gatt_client.c:2142:9:gatt_client_read_long_characteristic_descriptor	24	static
gatt_client.c:2146:9:gatt_client_write_characteristic_descriptor_using_descriptor_handle	32	static
gatt_client.c:2161:9:gatt_client_write_characteristic_descriptor	32	static
gatt_client.c:2165:9:gatt_client_write_long_characteristic_descriptor_using_descriptor_handle_with_offset	32	static
gatt_client.c:2180:9:gatt_client_write_long_characteristic_descriptor_using_descriptor_handle	32	static
gatt_client.c:2184:9:gatt_client_write_long_characteristic_descriptor	32	static
gatt_client.c:2191:9:gatt_client_prepare_write	32	static
gatt_client.c:2209:9:gatt_client_execute_write	24	static
gatt_client.c:2224:9:gatt_client_cancel_write	24	static
gatt_client.c:2235:6:gatt_client_deserialize_service	24	static
gatt_client.c:2246:6:gatt_client_deserialize_characteristic	24	static
gatt_client.c:2259:6:gatt_client_deserialize_characteristic_descriptor	24	static
gatt_client.c:2269:6:gatt_client_send_mtu_negotiation	24	static
gatt_client.c:2279:9:gatt_client_request_can_write_without_response_event	24	static
