btstack_event.h:68:23:hci_event_packet_get_type	16	static
btstack_event.h:413:23:hci_event_encryption_change_get_status	16	static
btstack_event.h:422:24:hci_event_encryption_change_get_connection_handle	16	static
btstack_event.h:431:23:hci_event_encryption_change_get_encryption_enabled	16	static
btstack_event.h:1142:23:btstack_event_state_get_state	16	static
sm.c:421:13:log_info_hex16	24	static
sm.c:428:23:sm_pairing_packet_get_io_capability	16	static
sm.c:431:23:sm_pairing_packet_get_oob_data_flag	16	static
sm.c:434:23:sm_pairing_packet_get_auth_req	16	static
sm.c:437:23:sm_pairing_packet_get_max_encryption_key_size	16	static
sm.c:440:23:sm_pairing_packet_get_initiator_key_distribution	16	static
sm.c:443:23:sm_pairing_packet_get_responder_key_distribution	16	static
sm.c:447:20:sm_pairing_packet_set_code	16	static
sm.c:450:20:sm_pairing_packet_set_io_capability	16	static
sm.c:453:20:sm_pairing_packet_set_oob_data_flag	16	static
sm.c:456:20:sm_pairing_packet_set_auth_req	16	static
sm.c:459:20:sm_pairing_packet_set_max_encryption_key_size	16	static
sm.c:462:20:sm_pairing_packet_set_initiator_key_distribution	16	static
sm.c:465:20:sm_pairing_packet_set_responder_key_distribution	16	static
sm.c:470:13:sm_is_null	24	static
sm.c:480:13:sm_is_null_random	16	static
sm.c:484:13:sm_is_null_key	16	static
sm.c:489:13:sm_run_timer_handler	16	static
sm.c:493:13:sm_trigger_run	8	static
sm.c:501:13:sm_reset_tk	16	static
sm.c:510:13:sm_truncate_key	24	static
sm.c:518:13:sm_er_ir_set_default	16	static
sm.c:526:12:sm_er_is_default	16	static
sm.c:534:12:sm_ir_is_default	16	static
sm.c:542:13:sm_dispatch_event	48	static
sm.c:556:13:sm_setup_event_base	24	static
sm.c:564:13:sm_notify_client_base	40	static
sm.c:570:13:sm_notify_client_passkey	40	static
sm.c:577:13:sm_notify_client_index	56	static
sm.c:591:13:sm_notify_client_status	40	static
sm.c:599:13:sm_reencryption_started	32	static
sm.c:619:13:sm_reencryption_complete	40	static
sm.c:639:13:sm_pairing_started	40	static
sm.c:650:13:sm_pairing_complete	40	static
sm.c:673:13:sm_timeout_handler	24	static
sm.c:684:13:sm_timeout_start	16	static
sm.c:691:13:sm_timeout_stop	8	static
sm.c:694:13:sm_timeout_reset	16	static
sm.c:706:13:gap_random_address_trigger	16	static
sm.c:713:13:gap_random_address_update_handler	16	static
sm.c:722:13:gap_random_address_update_start	8	static
sm.c:728:13:gap_random_address_update_stop	8	static
sm.c:735:13:sm_ah_r_prime	16	static
sm.c:744:13:sm_d1_d_prime	16	static
sm.c:752:13:sm_c1_t1	48	static
sm.c:778:13:sm_c1_t3	48	static
sm.c:799:13:sm_s1_r_prime	24	static
sm.c:811:13:sm_setup_tk	40	static
sm.c:899:12:sm_key_distribution_flags_for_set	24	static
sm.c:915:13:sm_setup_key_distribution	16	static
sm.c:927:12:sm_address_resolution_idle	4	static
sm.c:931:13:sm_address_resolution_start_lookup	16	static
sm.c:940:5:sm_address_resolution_lookup	32	static
sm.c:964:13:sm_cmac_done_trampoline	16	static
sm.c:971:5:sm_cmac_ready	4	static
sm.c:978:13:sm_cmac_message_start	40	static
sm.c:1025:13:sm_trigger_user_response	40	static
sm.c:1067:12:sm_key_distribution_all_received	24	static
sm.c:1088:13:sm_done_for_handle	24	static
sm.c:1103:13:sm_master_pairing_success	16	static
sm.c:1109:12:sm_key_distribution_flags_for_auth_req	16	static
sm.c:1128:13:sm_reset_setup	8	static
sm.c:1135:13:sm_init_setup	40	static
sm.c:1205:12:sm_stk_generation_init	32	static
sm.c:1252:13:sm_address_resolution_handle_event	72	static
sm.c:1408:13:sm_key_distribution_handle_all_received	112	static
sm.c:1523:13:sm_pairing_error	16	static
sm.c:1528:20:sm_pdu_received_in_wrong_state	16	static
sm.c:1538:13:sm_sc_start_calculating_local_confirm	24	static
sm.c:1546:13:sm_sc_state_after_receiving_random	24	static
sm.c:1585:13:sm_sc_cmac_done	32	static
sm.c:1692:13:f4_engine	32	static
sm.c:1708:13:f5_calculate_salt	24	static
sm.c:1720:20:f5_mackkey	32	static
sm.c:1739:13:f5_calculate_mackey	40	static
sm.c:1755:20:f5_ltk	24	static
sm.c:1767:13:f5_calculate_ltk	16	static
sm.c:1771:13:f6_setup	24	static
sm.c:1780:13:f6_engine	24	static
sm.c:1795:13:g2_engine	32	static
sm.c:1808:13:g2_calculate	24	static
sm.c:1819:13:sm_sc_calculate_local_confirm	32	static
sm.c:1830:13:sm_sc_calculate_remote_confirm	32	static
sm.c:1851:13:sm_sc_prepare_dhkey_check	24	static
sm.c:1862:13:sm_sc_dhkey_calculated	24	static
sm.c:1877:13:sm_sc_calculate_f6_for_dhkey_check	56	static
sm.c:1903:13:sm_sc_calculate_f6_to_verify_dhkey_check	56	static
sm.c:1995:13:sm_load_security_info	64	static
sm.c:2013:13:sm_start_calculating_ltk_from_ediv_and_rand	24	static
sm.c:2029:13:sm_run_dpkg	16	static
sm.c:2060:13:sm_run_rau	16	static
sm.c:2087:13:sm_run_csrk	80	static
sm.c:2165:13:sm_run_oob	16	static
sm.c:2181:13:sm_run_basic	32	static
sm.c:2214:13:sm_run_activate_connection	48	static
sm.c:2266:13:sm_run_send_keypress_notification	32	static
sm.c:2305:13:sm_run_distribute_keys	104	static
sm.c:2392:13:sm_run	320	static
sm.c:2996:13:sm_handle_encryption_result_enc_a	32	static
sm.c:3008:13:sm_handle_encryption_result_enc_b	24	static
sm.c:3021:13:sm_handle_encryption_result_enc_c	32	static
sm.c:3033:13:sm_handle_encryption_result_enc_d	32	static
sm.c:3057:13:sm_handle_encryption_result_enc_stk	24	static
sm.c:3075:13:sm_handle_encryption_result_enc_ph3_y	32	static
sm.c:3096:13:sm_handle_encryption_result_enc_ph4_y	32	static
sm.c:3118:13:sm_handle_encryption_result_enc_ph3_ltk	32	static
sm.c:3131:13:sm_ctkd_from_le	16	static
sm.c:3162:13:sm_handle_encryption_result_enc_csrk	40	static
sm.c:3191:13:sm_handle_encryption_result_enc_ph4_ltk	24	static
sm.c:3205:13:sm_handle_encryption_result_address_resolution	24	static
sm.c:3223:13:sm_handle_encryption_result_dkg_irk	16	static
sm.c:3232:13:sm_handle_encryption_result_dkg_dhk	16	static
sm.c:3241:13:sm_handle_encryption_result_rau	16	static
sm.c:3250:13:sm_handle_random_result_rau	16	static
sm.c:3272:13:sm_handle_random_result_sc_next_send_pairing_random	24	static
sm.c:3281:13:sm_handle_random_result_sc_next_w2_cmac_for_confirmation	24	static
sm.c:3291:13:sm_handle_random_result_ph2_random	24	static
sm.c:3300:13:sm_handle_random_result_ph2_tk	40	static
sm.c:3336:13:sm_handle_random_result_ph3_div	24	static
sm.c:3348:13:sm_handle_random_result_ph3_random	32	static
sm.c:3360:13:sm_validate_er_ir	16	static
sm.c:3376:13:sm_handle_random_result_ir	40	static
sm.c:3395:13:sm_handle_random_result_er	40	static
sm.c:3418:13:sm_event_packet_handler	64	static
sm.c:3700:19:sm_calc_actual_encryption_key_size	16	static
sm.c:3708:12:sm_just_works_or_numeric_comparison	16	static
sm.c:3719:12:sm_passkey_used	16	static
sm.c:3728:12:sm_passkey_entry	16	static
sm.c:3744:12:sm_validate_stk_generation_method	4	static
sm.c:3762:13:sm_pdu_handler	104	static
sm.c:4283:6:sm_register_oob_data_callback	16	static
sm.c:4287:6:sm_register_sc_oob_data_callback	16	static
sm.c:4291:6:sm_add_event_handler	16	static
sm.c:4295:6:sm_set_accepted_stk_generation_methods	16	static
sm.c:4299:6:sm_set_encryption_key_size_range	16	static
sm.c:4304:6:sm_set_authentication_requirements	16	static
sm.c:4314:6:sm_set_io_capabilities	16	static
sm.c:4319:6:sm_set_request_security	16	static
sm.c:4324:6:sm_set_er	16	static
sm.c:4328:6:sm_set_ir	16	static
sm.c:4333:6:sm_test_set_irk	16	static
sm.c:4339:6:sm_test_use_fixed_local_csrk	4	static
sm.c:4344:13:sm_ec_generated	16	static
sm.c:4350:13:sm_ec_generate_new_key	8	static
sm.c:4363:6:sm_init	8	static
sm.c:4420:6:sm_use_fixed_passkey_in_display_role	16	static
sm.c:4424:6:sm_allow_ltk_reconstruction_without_le_device_db_entry	16	static
sm.c:4428:26:sm_get_connection_for_handle	24	static
sm.c:4435:6:sm_send_security_request	24	static
sm.c:4443:6:sm_request_pairing	56	static
sm.c:4520:6:sm_authorization_decline	32	static
sm.c:4527:6:sm_authorization_grant	32	static
sm.c:4536:6:sm_bonding_decline	32	static
sm.c:4572:6:sm_just_works_confirm	32	static
sm.c:4593:6:sm_numeric_comparison_confirm	16	static
sm.c:4598:6:sm_passkey_input	32	static
sm.c:4617:6:sm_keypress_notification	24	static
sm.c:4666:13:sm_handle_random_result_oob	16	static
sm.c:4671:9:sm_generate_sc_oob_data	24	static
sm.c:4688:20:sm_identity_resolving_state	24	static
sm.c:4699:5:sm_le_device_index	24	static
sm.c:4705:12:gap_random_address_type_requires_updates	4	static
sm.c:4715:16:own_address_type	4	static
sm.c:4725:6:gap_random_address_set_mode	16	static
sm.c:4734:27:gap_random_address_get_mode	4	static
sm.c:4738:6:gap_random_address_set_update_period	16	static
sm.c:4745:6:gap_random_address_set	16	static
sm.c:4765:6:gap_advertisements_set_params	40	static
sm.c:4772:5:gap_reconnect_security_setup_active	24	static
sm.c:4798:6:sm_set_secure_connections_only_mode	16	static
sm.c:4807:17:gap_get_persistent_irk	4	static
sm.c:4811:6:gap_delete_bonding	40	static
