stm32f4xx_it.c:81:6:NMI_Handler	4	static
stm32f4xx_it.c:94:6:HardFault_Handler	4	static
stm32f4xx_it.c:109:6:MemManage_Handler	4	static
stm32f4xx_it.c:124:6:BusFault_Handler	4	static
stm32f4xx_it.c:139:6:UsageFault_Handler	4	static
stm32f4xx_it.c:154:6:DebugMon_Handler	4	static
stm32f4xx_it.c:174:6:DMA2_Stream7_IRQHandler	8	static
stm32f4xx_it.c:187:6:TIM1_UP_TIM10_IRQHandler	8	static
stm32f4xx_it.c:201:6:I2C1_EV_IRQHandler	8	static
stm32f4xx_it.c:215:6:I2C1_ER_IRQHandler	8	static
stm32f4xx_it.c:229:6:SPI1_IRQHandler	8	static
stm32f4xx_it.c:243:6:SPI2_IRQHandler	8	static
stm32f4xx_it.c:257:6:USART1_IRQHandler	8	static
stm32f4xx_it.c:272:6:DMA2_Stream2_IRQHandler	8	static
stm32f4xx_it.c:286:6:SPI3_IRQHandler	8	static
