btstack_run_loop_embedded.c:97:13:btstack_run_loop_embedded_add_data_source	16	static
btstack_run_loop_embedded.c:104:13:btstack_run_loop_embedded_remove_data_source	16	static
btstack_run_loop_embedded.c:109:13:btstack_run_loop_embedded_set_timer	16	static
btstack_run_loop_embedded.c:124:13:btstack_run_loop_embedded_add_timer	32	static
btstack_run_loop_embedded.c:147:13:btstack_run_loop_embedded_remove_timer	16	static
btstack_run_loop_embedded.c:155:13:btstack_run_loop_embedded_dump_timer	32	static
btstack_run_loop_embedded.c:168:13:btstack_run_loop_embedded_enable_data_source_callbacks	16	static
btstack_run_loop_embedded.c:172:13:btstack_run_loop_embedded_disable_data_source_callbacks	16	static
btstack_run_loop_embedded.c:179:6:btstack_run_loop_embedded_execute_once	32	static
btstack_run_loop_embedded.c:224:13:btstack_run_loop_embedded_execute	8	static
btstack_run_loop_embedded.c:245:17:btstack_run_loop_embedded_get_time_ms	8	static
btstack_run_loop_embedded.c:259:6:btstack_run_loop_embedded_trigger	4	static
btstack_run_loop_embedded.c:263:13:btstack_run_loop_embedded_init	4	static
btstack_run_loop_embedded.c:295:28:btstack_run_loop_embedded_get_instance	4	static
