btstack_run_loop.c:55:6:btstack_run_loop_set_timer_handler	16	static
btstack_run_loop.c:59:6:btstack_run_loop_set_data_source_handler	16	static
btstack_run_loop.c:63:6:btstack_run_loop_set_data_source_fd	16	static
btstack_run_loop.c:67:5:btstack_run_loop_get_data_source_fd	16	static
btstack_run_loop.c:71:6:btstack_run_loop_set_data_source_handle	16	static
btstack_run_loop.c:75:8:btstack_run_loop_get_data_source_handle	16	static
btstack_run_loop.c:79:6:btstack_run_loop_enable_data_source_callbacks	16	static
btstack_run_loop.c:85:6:btstack_run_loop_disable_data_source_callbacks	16	static
btstack_run_loop.c:94:6:btstack_run_loop_add_data_source	16	static
btstack_run_loop.c:104:5:btstack_run_loop_remove_data_source	16	static
btstack_run_loop.c:111:6:btstack_run_loop_set_timer	16	static
btstack_run_loop.c:119:6:btstack_run_loop_set_timer_context	16	static
btstack_run_loop.c:126:8:btstack_run_loop_get_timer_context	16	static
btstack_run_loop.c:133:6:btstack_run_loop_add_timer	16	static
btstack_run_loop.c:142:5:btstack_run_loop_remove_timer	16	static
btstack_run_loop.c:150:10:btstack_run_loop_get_time_ms	8	static
btstack_run_loop.c:156:6:btstack_run_loop_timer_dump	8	static
btstack_run_loop.c:164:6:btstack_run_loop_execute	8	static
btstack_run_loop.c:170:6:btstack_run_loop_init	16	static
btstack_run_loop.c:176:6:btstack_run_loop_deinit	4	static
