btstack_event.h:68:23:hci_event_packet_get_type	16	static
btstack_event.h:1142:23:btstack_event_state_get_state	16	static
btstack_crypto.c:177:13:btstack_crypto_done	16	static
btstack_crypto.c:182:13:btstack_crypto_cmac_shift_left_by_one_bit_inplace	32	static
btstack_crypto.c:192:16:btstack_crypto_cmac_get_byte	16	static
btstack_crypto.c:274:13:btstack_crypto_aes128_start	48	static
btstack_crypto.c:283:20:btstack_crypto_cmac_next_state	4	static
btstack_crypto.c:287:12:btstack_crypto_cmac_last_block_complete	24	static
btstack_crypto.c:293:13:btstack_crypto_cmac_handle_aes_engine_ready	128	static
btstack_crypto.c:365:13:btstack_crypto_cmac_handle_encryption_result	32	static
btstack_crypto.c:391:13:btstack_crypto_cmac_start	32	static
btstack_crypto.c:437:13:btstack_crypto_ccm_setup_a_i	16	static
btstack_crypto.c:472:13:btstack_crypto_ccm_setup_b_0	24	static
btstack_crypto.c:486:13:btstack_crypto_log_ec_publickey	16	static
btstack_crypto.c:495:12:sm_generate_f_rng	24	static
btstack_crypto.c:513:13:btstack_crypto_ecc_p256_generate_key_software	8	static
btstack_crypto.c:555:13:btstack_crypto_ecc_p256_calculate_dhkey_software	16	static
btstack_crypto.c:594:13:btstack_crypto_ccm_next_block	24	static
btstack_crypto.c:616:13:btstack_crypto_ccm_handle_s0	24	static
btstack_crypto.c:629:13:btstack_crypto_ccm_handle_sn	24	static
btstack_crypto.c:652:13:btstack_crypto_ccm_handle_aad_xn	16	static
btstack_crypto.c:666:13:btstack_crypto_ccm_handle_x1	16	static
btstack_crypto.c:688:13:btstack_crypto_ccm_handle_xn	16	static
btstack_crypto.c:706:13:btstack_crypto_ccm_calc_s0	16	static
btstack_crypto.c:721:13:btstack_crypto_ccm_calc_sn	16	static
btstack_crypto.c:736:13:btstack_crypto_ccm_calc_x1	32	static
btstack_crypto.c:748:13:btstack_crypto_ccm_calc_xn	40	static
btstack_crypto.c:780:13:btstack_crypto_ccm_calc_aad_xn	24	static
btstack_crypto.c:828:13:btstack_crypto_run	48	static
btstack_crypto.c:982:13:btstack_crypto_handle_random_data	32	static
btstack_crypto.c:1021:13:btstack_crypto_handle_encryption_result	48	static
btstack_crypto.c:1074:13:btstack_crypto_event_handler	40	static
btstack_crypto.c:1164:6:btstack_crypto_init	8	static
btstack_crypto.c:1178:6:btstack_crypto_random_generate	24	static
btstack_crypto.c:1188:6:btstack_crypto_aes128_encrypt	24	static
btstack_crypto.c:1199:6:btstack_crypto_aes128_cmac_generator	24	static
btstack_crypto.c:1211:6:btstack_crypto_aes128_cmac_message	24	static
btstack_crypto.c:1223:6:btstack_crypto_aes128_cmac_zero	24	static
btstack_crypto.c:1236:6:btstack_crypto_ecc_p256_generate_key	24	static
btstack_crypto.c:1250:6:btstack_crypto_ecc_p256_calculate_dhkey	24	static
btstack_crypto.c:1260:5:btstack_crypto_ecc_p256_validate_public_key	32	static
btstack_crypto.c:1292:6:btstack_crypto_ccm_init	24	static
btstack_crypto.c:1303:6:btstack_crypto_ccm_digest	24	static
btstack_crypto.c:1314:6:btstack_crypto_ccm_get_authentication_value	16	static
btstack_crypto.c:1318:6:btstack_crypto_ccm_encrypt_block	24	static
btstack_crypto.c:1335:6:btstack_crypto_ccm_decrypt_block	24	static
btstack_crypto.c:1350:6:btstack_crypto_deinit	4	static
btstack_crypto.c:1357:6:btstack_crypto_ecc_p256_set_key	24	static
btstack_crypto.c:1369:5:btstack_crypto_idle	8	static
btstack_crypto.c:1372:6:btstack_crypto_reset	8	static
