btstack_util.c:64:5:bd_addr_cmp	16	static
btstack_util.c:73:6:bd_addr_copy	16	static
btstack_util.c:77:10:little_endian_read_16	16	static
btstack_util.c:80:10:little_endian_read_24	16	static
btstack_util.c:83:10:little_endian_read_32	16	static
btstack_util.c:87:6:little_endian_store_16	16	static
btstack_util.c:92:6:little_endian_store_24	24	static
btstack_util.c:98:6:little_endian_store_32	24	static
btstack_util.c:105:10:big_endian_read_16	16	static
btstack_util.c:109:10:big_endian_read_24	16	static
btstack_util.c:113:10:big_endian_read_32	16	static
btstack_util.c:117:6:big_endian_store_16	16	static
btstack_util.c:122:6:big_endian_store_24	24	static
btstack_util.c:128:6:big_endian_store_32	24	static
btstack_util.c:136:6:reverse_bytes	32	static
btstack_util.c:141:6:reverse_24	16	static
btstack_util.c:144:6:reverse_48	16	static
btstack_util.c:147:6:reverse_56	16	static
btstack_util.c:150:6:reverse_64	16	static
btstack_util.c:153:6:reverse_128	16	static
btstack_util.c:156:6:reverse_256	16	static
btstack_util.c:160:6:reverse_bd_addr	16	static
btstack_util.c:164:10:btstack_min	16	static
btstack_util.c:168:10:btstack_max	16	static
btstack_util.c:176:9:btstack_time_delta	16	static
btstack_util.c:181:6:char_for_nibble	16	static
btstack_util.c:192:20:char_for_high_nibble	16	static
btstack_util.c:196:20:char_for_low_nibble	16	static
btstack_util.c:201:5:nibble_for_char	16	static
btstack_util.c:209:6:printf_hexdump	32	static
btstack_util.c:226:13:log_hexdump	152	static
btstack_util.c:261:6:log_debug_hexdump	16	static
btstack_util.c:270:6:log_info_hexdump	16	static
btstack_util.c:279:6:log_info_key	80	static
btstack_util.c:303:6:uuid_add_bluetooth_prefix	24	static
btstack_util.c:308:5:uuid_has_bluetooth_prefix	16	static
btstack_util.c:313:8:uuid128_to_str	40	static
btstack_util.c:330:8:bd_addr_to_str	40	static
btstack_util.c:343:6:btstack_replace_bd_addr_placeholder	40	static
btstack_util.c:357:12:scan_hex_byte	24	static
btstack_util.c:365:5:sscanf_bd_addr	40	static
btstack_util.c:392:10:btstack_atoi	24	static
btstack_util.c:403:5:string_len_for_uint32	16	static
btstack_util.c:416:5:count_set_bits_uint32	16	static
btstack_util.c:452:16:crc8	24	static
btstack_util.c:462:9:btstack_crc8_check	24	static
btstack_util.c:474:9:btstack_crc8_calc	16	static
