btstack_memory.c:101:6:btstack_memory_deinit	4	static
btstack_memory.c:126:20:btstack_memory_hci_connection_get	16	static
btstack_memory.c:133:6:btstack_memory_hci_connection_free	16	static
btstack_memory.c:184:19:btstack_memory_l2cap_service_get	16	static
btstack_memory.c:191:6:btstack_memory_l2cap_service_free	16	static
btstack_memory.c:241:19:btstack_memory_l2cap_channel_get	16	static
btstack_memory.c:248:6:btstack_memory_l2cap_channel_free	16	static
btstack_memory.c:300:24:btstack_memory_rfcomm_multiplexer_get	16	static
btstack_memory.c:307:6:btstack_memory_rfcomm_multiplexer_free	16	static
btstack_memory.c:357:20:btstack_memory_rfcomm_service_get	16	static
btstack_memory.c:364:6:btstack_memory_rfcomm_service_free	16	static
btstack_memory.c:414:20:btstack_memory_rfcomm_channel_get	16	static
btstack_memory.c:421:6:btstack_memory_rfcomm_channel_free	16	static
btstack_memory.c:472:38:btstack_memory_btstack_link_key_db_memory_entry_get	16	static
btstack_memory.c:479:6:btstack_memory_btstack_link_key_db_memory_entry_free	16	static
btstack_memory.c:530:18:btstack_memory_bnep_service_get	16	static
btstack_memory.c:537:6:btstack_memory_bnep_service_free	16	static
btstack_memory.c:587:18:btstack_memory_bnep_channel_get	16	static
btstack_memory.c:594:6:btstack_memory_bnep_channel_free	16	static
btstack_memory.c:645:20:btstack_memory_hfp_connection_get	16	static
btstack_memory.c:652:6:btstack_memory_hfp_connection_free	16	static
btstack_memory.c:714:25:btstack_memory_hid_host_connection_get	4	static
btstack_memory.c:717:6:btstack_memory_hid_host_connection_free	16	static
btstack_memory.c:750:25:btstack_memory_service_record_item_get	16	static
btstack_memory.c:757:6:btstack_memory_service_record_item_free	16	static
btstack_memory.c:808:27:btstack_memory_avdtp_stream_endpoint_get	16	static
btstack_memory.c:815:6:btstack_memory_avdtp_stream_endpoint_free	16	static
btstack_memory.c:866:22:btstack_memory_avdtp_connection_get	16	static
btstack_memory.c:873:6:btstack_memory_avdtp_connection_free	16	static
btstack_memory.c:924:22:btstack_memory_avrcp_connection_get	16	static
btstack_memory.c:931:6:btstack_memory_avrcp_connection_free	16	static
btstack_memory.c:993:31:btstack_memory_avrcp_browsing_connection_get	4	static
btstack_memory.c:996:6:btstack_memory_avrcp_browsing_connection_free	16	static
btstack_memory.c:1042:17:btstack_memory_gatt_client_get	16	static
btstack_memory.c:1049:6:btstack_memory_gatt_client_free	16	static
btstack_memory.c:1099:21:btstack_memory_whitelist_entry_get	16	static
btstack_memory.c:1106:6:btstack_memory_whitelist_entry_free	16	static
btstack_memory.c:1156:21:btstack_memory_sm_lookup_entry_get	16	static
btstack_memory.c:1163:6:btstack_memory_sm_lookup_entry_free	16	static
btstack_memory.c:1227:22:btstack_memory_mesh_network_pdu_get	4	static
btstack_memory.c:1230:6:btstack_memory_mesh_network_pdu_free	16	static
btstack_memory.c:1284:24:btstack_memory_mesh_segmented_pdu_get	4	static
btstack_memory.c:1287:6:btstack_memory_mesh_segmented_pdu_free	16	static
btstack_memory.c:1341:30:btstack_memory_mesh_upper_transport_pdu_get	4	static
btstack_memory.c:1344:6:btstack_memory_mesh_upper_transport_pdu_free	16	static
btstack_memory.c:1387:22:btstack_memory_mesh_network_key_get	16	static
btstack_memory.c:1394:6:btstack_memory_mesh_network_key_free	16	static
btstack_memory.c:1444:24:btstack_memory_mesh_transport_key_get	16	static
btstack_memory.c:1451:6:btstack_memory_mesh_transport_key_free	16	static
btstack_memory.c:1512:26:btstack_memory_mesh_virtual_address_get	4	static
btstack_memory.c:1515:6:btstack_memory_mesh_virtual_address_free	16	static
btstack_memory.c:1558:17:btstack_memory_mesh_subnet_get	16	static
btstack_memory.c:1565:6:btstack_memory_mesh_subnet_free	16	static
btstack_memory.c:1605:6:btstack_memory_init	8	static
