btstack_event.h:68:23:hci_event_packet_get_type	16	static
btstack_event.h:200:23:hci_event_inquiry_result_get_num_responses	16	static
btstack_event.h:366:23:hci_event_authentication_complete_get_status	16	static
btstack_event.h:375:24:hci_event_authentication_complete_get_connection_handle	16	static
btstack_event.h:413:23:hci_event_encryption_change_get_status	16	static
btstack_event.h:422:24:hci_event_encryption_change_get_connection_handle	16	static
btstack_event.h:431:23:hci_event_encryption_change_get_encryption_enabled	16	static
btstack_event.h:543:24:hci_event_command_complete_get_command_opcode	16	static
btstack_event.h:562:23:hci_event_command_status_get_status	16	static
btstack_event.h:637:32:hci_event_mode_change_get_handle	16	static
btstack_event.h:646:23:hci_event_mode_change_get_mode	16	static
btstack_event.h:665:20:hci_event_pin_code_request_get_bd_addr	16	static
btstack_event.h:3436:32:hci_subevent_le_connection_complete_get_connection_handle	16	static
btstack_event.h:3472:24:hci_subevent_le_connection_complete_get_conn_interval	16	static
btstack_event.h:3518:32:hci_subevent_le_connection_update_complete_get_connection_handle	16	static
btstack_event.h:3527:24:hci_subevent_le_connection_update_complete_get_conn_interval	16	static
btstack_event.h:3611:32:hci_subevent_le_remote_connection_parameter_request_get_connection_handle	16	static
btstack_event.h:3620:24:hci_subevent_le_remote_connection_parameter_request_get_interval_min	16	static
btstack_event.h:3629:24:hci_subevent_le_remote_connection_parameter_request_get_interval_max	16	static
btstack_event.h:3638:24:hci_subevent_le_remote_connection_parameter_request_get_latency	16	static
btstack_event.h:3647:24:hci_subevent_le_remote_connection_parameter_request_get_timeout	16	static
hci.c:193:27:create_connection_for_bd_addr_and_type	32	static
hci.c:231:6:gap_get_connection_parameter_range	16	static
hci.c:240:6:gap_set_connection_parameter_range	16	static
hci.c:252:5:gap_connection_parameter_range_included	24	static
hci.c:271:6:gap_set_max_number_peripheral_connections	16	static
hci.c:282:6:hci_connections_get_iterator	16	static
hci.c:291:20:hci_connection_for_handle	32	static
hci.c:308:20:hci_connection_for_bd_addr_and_type	32	static
hci.c:320:20:connectionClearAuthenticationFlags	16	static
hci.c:324:20:connectionSetAuthenticationFlags	16	static
hci.c:331:12:hci_number_sco_connections	32	static
hci.c:344:13:hci_connection_timeout_handler	24	static
hci.c:359:13:hci_connection_timestamp	16	static
hci.c:372:13:hci_add_connection_flags_for_flipped_bd_addr	32	static
hci.c:382:6:hci_authentication_active_for_handle	24	static
hci.c:390:6:gap_drop_link_key_for_bd_addr	24	static
hci.c:396:6:gap_store_link_key_for_bd_addr	32	static
hci.c:402:6:gap_get_link_key_for_bd_addr	48	static
hci.c:409:6:gap_delete_all_link_keys	48	static
hci.c:425:5:gap_link_key_iterator_init	16	static
hci.c:430:5:gap_link_key_iterator_get_next	32	static
hci.c:434:6:gap_link_key_iterator_done	16	static
hci.c:440:13:hci_is_le_connection_type	16	static
hci.c:452:12:hci_is_le_connection	16	static
hci.c:459:12:nr_hci_connections	16	static
hci.c:468:12:hci_number_free_acl_slots_for_connection_type	56	static
hci.c:524:5:hci_number_free_acl_slots_for_handle	32	static
hci.c:535:12:hci_number_free_sco_slots	40	static
hci.c:565:12:hci_can_send_comand_packet_transport	8	static
hci.c:578:5:hci_can_send_command_packet_now	8	static
hci.c:583:12:hci_transport_can_send_prepared_packet_now	16	static
hci.c:589:12:hci_can_send_prepared_acl_packet_for_address_type	16	static
hci.c:594:5:hci_can_send_acl_le_packet_now	8	static
hci.c:599:5:hci_can_send_prepared_acl_packet_now	16	static
hci.c:604:5:hci_can_send_acl_packet_now	16	static
hci.c:610:5:hci_can_send_acl_classic_packet_now	8	static
hci.c:615:5:hci_can_send_prepared_sco_packet_now	8	static
hci.c:624:5:hci_can_send_sco_packet_now	8	static
hci.c:629:6:hci_request_sco_can_send_now_event	8	static
hci.c:636:5:hci_is_packet_buffer_reserved	4	static
hci.c:641:5:hci_reserve_packet_buffer	8	static
hci.c:650:6:hci_release_packet_buffer	4	static
hci.c:655:12:hci_transport_synchronous	4	static
hci.c:659:12:hci_send_acl_packet_fragments	48	static
hci.c:747:5:hci_send_acl_packet_buffer	40	static
hci.c:790:5:hci_send_sco_packet_buffer	40	static
hci.c:846:13:acl_handler	48	static
hci.c:949:13:hci_shutdown_connection	40	static
hci.c:1001:17:hci_acl_packet_types_for_buffer_size_and_local_features	40	static
hci.c:1024:10:hci_usable_acl_packet_types	4	static
hci.c:1029:10:hci_get_outgoing_packet_buffer	4	static
hci.c:1034:10:hci_max_acl_data_packet_length	4	static
hci.c:1039:5:hci_extended_sco_link_supported	4	static
hci.c:1045:5:hci_non_flushable_packet_boundary_flag_supported	4	static
hci.c:1050:12:gap_ssp_supported	4	static
hci.c:1055:12:hci_classic_supported	4	static
hci.c:1064:12:hci_le_supported	4	static
hci.c:1078:6:gap_le_get_own_address	16	static
hci.c:1088:6:le_handle_advertisement_report	80	static
hci.c:1124:13:hci_update_advertisements_enabled_for_current_roles	56	static
hci.c:1149:17:hci_transport_uart_get_main_baud_rate	16	static
hci.c:1159:13:hci_initialization_timeout_handler	32	static
hci.c:1210:13:hci_initializing_next_state	4	static
hci.c:1215:13:hci_initializing_run	88	static
hci.c:1558:13:hci_init_done	8	static
hci.c:1566:13:hci_initializing_event_handler_command_completed	40	static
hci.c:1611:13:hci_initializing_event_handler	40	static
hci.c:1902:13:hci_handle_connection_failed	40	static
hci.c:1933:13:hci_handle_remote_features_page_0	16	static
hci.c:1948:13:hci_handle_remote_features_page_1	16	static
hci.c:1959:13:hci_handle_remote_features_page_2	16	static
hci.c:1966:13:hci_handle_remote_features_received	24	static
hci.c:1975:13:handle_event_for_current_stack_state	16	static
hci.c:1990:13:hci_handle_read_encryption_key_size_complete	24	static
hci.c:2005:13:handle_command_complete_event	80	static
hci.c:2184:13:event_handle_le_connection_complete	56	static
hci.c:2276:13:event_handler	136	static
hci.c:2889:13:sco_tx_timeout_handler	24	static
hci.c:2907:13:sco_schedule_tx	32	static
hci.c:2922:13:sco_handler	40	static
hci.c:2981:13:packet_handler	16	static
hci.c:3003:6:hci_add_event_handler	16	static
hci.c:3009:6:hci_register_acl_packet_handler	16	static
hci.c:3017:6:hci_register_sco_packet_handler	16	static
hci.c:3022:13:hci_state_reset	8	static
hci.c:3062:6:hci_set_link_key_db	16	static
hci.c:3071:6:hci_init	16	static
hci.c:3166:6:hci_deinit	4	static
hci.c:3182:6:hci_set_chipset	16	static
hci.c:3194:6:hci_set_control	16	static
hci.c:3201:6:hci_close	24	static
hci.c:3225:6:gap_set_required_encryption_key_size	16	static
hci.c:3232:6:gap_set_security_level	16	static
hci.c:3236:22:gap_get_security_level	4	static
hci.c:3242:6:gap_set_class_of_device	16	static
hci.c:3246:6:gap_set_default_link_policy_settings	16	static
hci.c:3250:6:gap_set_allow_role_switch	16	static
hci.c:3254:9:hci_get_allow_role_switch	4	static
hci.c:3258:6:gap_set_link_supervision_timeout	16	static
hci.c:3262:6:hci_disable_l2cap_timeout_check	4	static
hci.c:3269:6:hci_set_bd_addr	16	static
hci.c:3284:12:hci_power_control_on	16	static
hci.c:3320:13:hci_power_control_off	8	static
hci.c:3339:13:hci_power_control_sleep	8	static
hci.c:3358:12:hci_power_control_wake	8	static
hci.c:3383:13:hci_power_transition_to_initializing	4	static
hci.c:3392:12:hci_power_control_state_off	32	static
hci.c:3416:12:hci_power_control_state_initializing	16	static
hci.c:3436:12:hci_power_control_state_working	16	static
hci.c:3458:12:hci_power_control_state_halting	16	static
hci.c:3478:12:hci_power_control_state_falling_asleep	16	static
hci.c:3507:12:hci_power_control_state_sleeping	24	static
hci.c:3538:5:hci_power_control	32	static
hci.c:3580:13:hci_update_scan_enable	8	static
hci.c:3586:6:gap_discoverable_control	16	static
hci.c:3598:6:gap_connectable_control	16	static
hci.c:3609:6:gap_local_bd_addr	16	static
hci.c:3658:13:hci_halting_timeout_handler	16	static
hci.c:3666:13:hci_run_acl_fragments	16	static
hci.c:3686:13:hci_run_general_gap_classic	24	static
hci.c:3764:13:hci_run_general_gap_le	168	static
hci.c:4103:13:hci_run_general_pending_commands	120	static
hci.c:4408:13:hci_run	48	static
hci.c:4596:5:hci_send_cmd_packet	48	static
hci.c:4743:6:hci_disconnect_security_block	24	static
hci.c:4755:6:gap_ssp_set_enable	16	static
hci.c:4759:12:hci_local_ssp_activated	8	static
hci.c:4764:6:gap_ssp_set_io_capability	16	static
hci.c:4767:6:gap_ssp_set_authentication_requirement	16	static
hci.c:4772:6:gap_ssp_set_auto_accept	16	static
hci.c:4776:6:gap_secure_connections_enable	16	static
hci.c:4783:5:hci_send_cmd_va_arg	32	static
hci.c:4810:5:hci_send_cmd	16	static
hci.c:4821:13:hci_emit_event	48	static
hci.c:4836:13:hci_emit_acl_packet	24	static
hci.c:4842:13:hci_notify_if_sco_can_send_now	24	static
hci.c:4854:13:gap_inquiry_explode	120	static
hci.c:4948:6:hci_emit_state	24	static
hci.c:4958:13:hci_emit_connection_complete	32	static
hci.c:4969:13:hci_emit_l2cap_check_timeout	24	static
hci.c:4982:13:hci_emit_le_connection_complete	40	static
hci.c:5001:13:hci_emit_transport_packet_sent	16	static
hci.c:5007:13:hci_emit_disconnection_complete	24	static
hci.c:5017:13:hci_emit_nr_connections_changed	24	static
hci.c:5026:13:hci_emit_hci_open_failed	16	static
hci.c:5034:13:hci_emit_dedicated_bonding_result	40	static
hci.c:5048:13:hci_emit_security_level	40	static
hci.c:5060:29:gap_security_level_for_connection	24	static
hci.c:5073:13:hci_emit_discoverable_enabled	32	static
hci.c:5083:5:hci_remote_esco_supported	24	static
hci.c:5089:13:hci_ssp_supported	24	static
hci.c:5095:5:hci_remote_ssp_supported	24	static
hci.c:5101:5:gap_ssp_supported_on_both_sides	16	static
hci.c:5110:6:gap_set_bondable_mode	16	static
hci.c:5117:5:gap_get_bondable_mode	4	static
hci.c:5124:22:gap_security_level_for_link_key_type	16	static
hci.c:5139:5:gap_secure_connection_for_link_key_type	16	static
hci.c:5152:5:gap_authenticated_for_link_key_type	16	static
hci.c:5162:5:gap_mitm_protection_required_for_security_level	24	static
hci.c:5170:22:gap_security_level	24	static
hci.c:5180:6:gap_request_security_level	40	static
hci.c:5226:5:gap_dedicated_bonding	32	static
hci.c:5256:6:gap_set_local_name	16	static
hci.c:5264:6:gap_start_scan	8	static
hci.c:5269:6:gap_stop_scan	8	static
hci.c:5274:6:gap_set_scan_params	24	static
hci.c:5283:6:gap_set_scan_parameters	16	static
hci.c:5287:9:gap_connect	32	static
hci.c:5339:27:gap_get_outgoing_connection	16	static
hci.c:5356:9:gap_connect_cancel	16	static
hci.c:5391:6:gap_set_connection_parameters	16	static
hci.c:5414:5:gap_update_connection_parameters	32	static
hci.c:5436:5:gap_request_connection_parameter_update	32	static
hci.c:5458:6:gap_advertisements_set_data	16	static
hci.c:5471:6:gap_scan_response_set_data	16	static
hci.c:5490:7:hci_le_advertisements_set_params	24	static
hci.c:5511:6:gap_advertisements_enable	16	static
hci.c:5519:6:hci_le_set_own_address_type	24	static
hci.c:5536:9:gap_disconnect	24	static
hci.c:5551:5:gap_read_rssi	24	static
hci.c:5564:23:gap_get_connection_type	24	static
hci.c:5580:12:gap_get_role	24	static
hci.c:5588:9:gap_request_role	24	static
hci.c:5599:9:gap_le_set_phy	32	static
hci.c:5613:16:hci_whitelist_add	40	static
hci.c:5643:16:hci_whitelist_remove	32	static
hci.c:5667:13:hci_whitelist_clear	24	static
hci.c:5687:9:gap_whitelist_clear	8	static
hci.c:5699:9:gap_whitelist_add	24	static
hci.c:5714:9:gap_whitelist_remove	24	static
hci.c:5729:9:gap_connect_with_whitelist	8	static
hci.c:5744:9:gap_auto_connection_start	24	static
hci.c:5766:9:gap_auto_connection_stop	16	static
hci.c:5783:9:gap_auto_connection_stop_all	8	static
hci.c:5793:10:gap_le_connection_interval	24	static
hci.c:5807:6:gap_set_extended_inquiry_response	16	static
hci.c:5817:5:gap_inquiry_start	16	static
hci.c:5832:5:gap_inquiry_stop	16	static
hci.c:5853:5:gap_remote_name_request	16	static
hci.c:5863:12:gap_pairing_set_state_and_run	16	static
hci.c:5877:5:gap_pin_code_response_binary	24	static
hci.c:5890:5:gap_pin_code_response	16	static
hci.c:5900:5:gap_pin_code_negative	16	static
hci.c:5911:5:gap_ssp_passkey_response	16	static
hci.c:5923:5:gap_ssp_passkey_negative	16	static
hci.c:5934:5:gap_ssp_confirmation_response	16	static
hci.c:5945:5:gap_ssp_confirmation_negative	16	static
hci.c:6004:6:hci_set_inquiry_mode	16	static
hci.c:6011:6:hci_set_sco_voice_setting	16	static
hci.c:6019:10:hci_get_sco_voice_setting	4	static
hci.c:6023:12:hci_have_usb_transport	16	static
hci.c:6034:5:hci_get_sco_packet_length	24	static
hci.c:6063:6:hci_set_master_slave_policy	16	static
hci.c:6069:11:hci_get_state	4	static
hci.c:6074:6:gap_register_classic_connection_filter	16	static
hci.c:6082:6:hci_set_hardware_error_callback	16	static
hci.c:6086:6:hci_disconnect_all	24	static
hci.c:6097:10:hci_get_manufacturer	4	static
hci.c:6103:26:sm_get_connection_for_handle	24	static
hci.c:6112:5:gap_encryption_key_size	24	static
hci.c:6131:5:gap_authenticated	24	static
hci.c:6150:5:gap_secure_connection	24	static
hci.c:6169:6:gap_bonded	40	static
hci.c:6192:23:gap_authorization_state	24	static
hci.c:6202:9:gap_sniff_mode_enter	32	static
hci.c:6218:9:gap_sniff_mode_exit	24	static
hci.c:6227:6:hci_halting_defer	4	static
