hci_transport_em9304_spi.c:115:13:em9304_spi_engine_ready_callback	8	static
hci_transport_em9304_spi.c:120:13:em9304_spi_engine_transfer_done	8	static
hci_transport_em9304_spi.c:146:13:em9304_spi_engine_start_tx_transaction	8	static
hci_transport_em9304_spi.c:157:13:em9304_spi_engine_start_rx_transaction	8	static
hci_transport_em9304_spi.c:170:19:em9304_engine_space_in_rx_buffer	8	static
hci_transport_em9304_spi.c:174:13:em9304_engine_receive_buffer_ready	8	static
hci_transport_em9304_spi.c:184:13:em9304_engine_start_next_transaction	8	static
hci_transport_em9304_spi.c:204:13:em9304_engine_action_done	8	static
hci_transport_em9304_spi.c:210:13:em9304_spi_engine_run	16	static
hci_transport_em9304_spi.c:321:13:em9304_spi_engine_init	8	static
hci_transport_em9304_spi.c:329:13:em9304_spi_engine_close	8	static
hci_transport_em9304_spi.c:334:13:em9304_spi_engine_set_data_available	16	static
hci_transport_em9304_spi.c:338:13:em9304_spi_engine_set_block_sent	16	static
hci_transport_em9304_spi.c:342:13:em9304_spi_engine_send_block	16	static
hci_transport_em9304_spi.c:348:17:em9304_engine_num_bytes_available	8	static
hci_transport_em9304_spi.c:352:13:em9304_engine_get_bytes	24	static
hci_transport_em9304_spi.c:394:13:hci_transport_em9304_spi_reset_statemachine	4	static
hci_transport_em9304_spi.c:400:13:hci_transport_em9304_spi_process_data	16	static
hci_transport_em9304_spi.c:421:13:hci_transport_em9304_spi_packet_complete	8	static
hci_transport_em9304_spi.c:426:13:hci_transport_em9304_spi_block_read	16	static
hci_transport_em9304_spi.c:483:13:hci_transport_em9304_spi_block_sent	8	static
hci_transport_em9304_spi.c:499:12:hci_transport_em9304_spi_can_send_now	16	static
hci_transport_em9304_spi.c:504:12:hci_transport_em9304_spi_send_packet	24	static
hci_transport_em9304_spi.c:517:13:hci_transport_em9304_spi_init	16	static
hci_transport_em9304_spi.c:521:12:hci_transport_em9304_spi_open	8	static
hci_transport_em9304_spi.c:534:12:hci_transport_em9304_spi_close	8	static
hci_transport_em9304_spi.c:539:13:hci_transport_em9304_spi_register_packet_handler	16	static
hci_transport_em9304_spi.c:543:13:dummy_handler	16	static
hci_transport_em9304_spi.c:552:25:hci_transport_em9304_spi_instance	16	static
