hci_transport_h5.c:160:17:crc16_ccitt_update	16	static
hci_transport_h5.c:174:17:btstack_reverse_bits_16	24	static
hci_transport_h5.c:185:17:crc16_calc_for_slip_frame	32	static
hci_transport_h5.c:198:13:hci_transport_inactivity_timeout_handler	48	static
hci_transport_h5.c:210:13:hci_transport_inactivity_timer_set	8	static
hci_transport_h5.c:222:13:hci_transport_slip_encode_chunk_and_send	32	static
hci_transport_h5.c:246:20:hci_transport_slip_send_next_chunk	8	static
hci_transport_h5.c:252:13:hci_transport_slip_send_frame	40	static
hci_transport_h5.c:278:13:hci_transport_slip_init	8	static
hci_transport_h5.c:284:13:hci_transport_link_calc_header	16	static
hci_transport_h5.c:298:13:hci_transport_link_send_control	40	static
hci_transport_h5.c:310:13:hci_transport_link_send_sync	8	static
hci_transport_h5.c:315:13:hci_transport_link_send_sync_response	8	static
hci_transport_h5.c:320:13:hci_transport_link_send_config	8	static
hci_transport_h5.c:325:13:hci_transport_link_send_config_response	8	static
hci_transport_h5.c:330:13:hci_transport_link_send_config_response_empty	8	static
hci_transport_h5.c:336:13:hci_transport_link_send_woken	8	static
hci_transport_h5.c:341:13:hci_transport_link_send_wakeup	8	static
hci_transport_h5.c:346:13:hci_transport_link_send_sleep	8	static
hci_transport_h5.c:351:13:hci_transport_link_send_queued_packet	40	static
hci_transport_h5.c:369:13:hci_transport_link_send_ack_packet	32	static
hci_transport_h5.c:377:13:hci_transport_link_run	8	static
hci_transport_h5.c:438:13:hci_transport_link_set_timer	16	static
hci_transport_h5.c:443:13:hci_transport_link_timeout_handler	16	static
hci_transport_h5.c:475:13:hci_transport_link_init	8	static
hci_transport_h5.c:487:12:hci_transport_link_inc_seq_nr	16	static
hci_transport_h5.c:491:12:hci_transport_link_have_outgoing_packet	4	static
hci_transport_h5.c:495:13:hci_transport_link_clear_queue	8	static
hci_transport_h5.c:500:13:hci_transport_h5_queue_packet	24	static
hci_transport_h5.c:506:13:hci_transport_h5_emit_sleep_state	32	static
hci_transport_h5.c:519:13:hci_transport_h5_process_frame	80	static
hci_transport_h5.c:721:17:hci_transport_link_calc_resend_timeout	32	static
hci_transport_h5.c:732:13:hci_transport_link_update_resend_timeout	16	static
hci_transport_h5.c:741:13:hci_transport_h5_read_next_byte	8	static
hci_transport_h5.c:747:13:hci_transport_h5_block_received	40	static
hci_transport_h5.c:772:13:hci_transport_h5_block_sent	8	static
hci_transport_h5.c:799:13:hci_transport_h5_init	24	static
hci_transport_h5.c:824:12:hci_transport_h5_open	16	static
hci_transport_h5.c:865:12:hci_transport_h5_close	8	static
hci_transport_h5.c:870:13:hci_transport_h5_register_packet_handler	16	static
hci_transport_h5.c:874:12:hci_transport_h5_can_send_packet_now	24	static
hci_transport_h5.c:880:12:hci_transport_h5_send_packet	32	static
hci_transport_h5.c:906:12:hci_transport_h5_set_baudrate	32	static
hci_transport_h5.c:917:13:hci_transport_h5_reset_link	8	static
hci_transport_h5.c:932:25:hci_transport_h5_instance	16	static
hci_transport_h5.c:951:6:hci_transport_h5_set_auto_sleep	16	static
hci_transport_h5.c:955:6:hci_transport_h5_enable_bcsp_mode	4	static
