btstack_event.h:68:23:hci_event_packet_get_type	16	static
btstack_event.h:562:23:hci_event_command_status_get_status	16	static
btstack_event.h:3061:32:sm_event_pairing_complete_get_handle	16	static
l2cap.c:246:17:crc16_calc	24	static
l2cap.c:254:24:l2cap_encanced_control_field_for_information_frame	16	static
l2cap.c:258:24:l2cap_encanced_control_field_for_supevisor_frame	24	static
l2cap.c:262:12:l2cap_next_ertm_seq_nr	16	static
l2cap.c:266:12:l2cap_ertm_can_store_packet_now	32	static
l2cap.c:283:13:l2cap_ertm_retransmit_unacknowleded_frames	16	static
l2cap.c:289:13:l2cap_ertm_next_tx_write_index	16	static
l2cap.c:295:13:l2cap_ertm_start_monitor_timer	16	static
l2cap.c:304:13:l2cap_ertm_stop_monitor_timer	16	static
l2cap.c:309:13:l2cap_ertm_start_retransmission_timer	16	static
l2cap.c:318:13:l2cap_ertm_stop_retransmission_timer	16	static
l2cap.c:323:13:l2cap_ertm_monitor_timeout_callback	24	static
l2cap.c:351:13:l2cap_ertm_retransmission_timeout_callback	24	static
l2cap.c:373:12:l2cap_ertm_send_information_frame	48	static
l2cap.c:389:13:l2cap_ertm_store_fragment	56	static
l2cap.c:417:12:l2cap_ertm_send	48	static
l2cap.c:465:17:l2cap_setup_options_ertm_request	24	static
l2cap.c:492:17:l2cap_setup_options_ertm_response	24	static
l2cap.c:527:12:l2cap_ertm_send_supervisor_frame	32	static
l2cap.c:535:16:l2cap_ertm_validate_local_config	24	static
l2cap.c:565:13:l2cap_ertm_configure_channel	40	static
l2cap.c:602:9:l2cap_create_ertm_channel	56	static
l2cap.c:643:13:l2cap_ertm_notify_channel_can_send	16	static
l2cap.c:650:9:l2cap_accept_ertm_connection	48	static
l2cap.c:695:9:l2cap_ertm_set_busy	32	static
l2cap.c:709:9:l2cap_ertm_set_ready	32	static
l2cap.c:724:13:l2cap_ertm_process_req_seq	48	static
l2cap.c:759:39:l2cap_ertm_get_tx_state	24	static
l2cap.c:770:13:l2cap_ertm_handle_out_of_sequence_sdu	48	static
l2cap.c:792:13:l2cap_ertm_handle_in_sequence_sdu	32	static
l2cap.c:840:13:l2cap_ertm_channel_send_information_frame	24	static
l2cap.c:853:17:l2cap_next_local_cid	8	static
l2cap.c:865:16:l2cap_next_sig_id	4	static
l2cap.c:874:6:l2cap_init	8	static
l2cap.c:929:6:l2cap_deinit	8	static
l2cap.c:936:6:l2cap_register_packet_handler	16	static
l2cap.c:944:6:l2cap_request_can_send_fix_channel_now_event	24	static
l2cap.c:953:6:l2cap_can_send_fixed_channel_packet_now	16	static
l2cap.c:959:10:l2cap_get_outgoing_buffer	8	static
l2cap.c:964:5:l2cap_reserve_packet_buffer	8	static
l2cap.c:969:6:l2cap_release_packet_buffer	8	static
l2cap.c:973:13:l2cap_setup_header	24	static
l2cap.c:985:5:l2cap_send_prepared_connectionless	32	static
l2cap.c:1006:5:l2cap_send_connectionless	40	static
l2cap.c:1021:13:l2cap_emit_can_send_now	32	static
l2cap.c:1032:13:l2cap_dispatch_to_channel	32	static
l2cap.c:1036:13:l2cap_emit_simple_event_with_cid	24	static
l2cap.c:1047:6:l2cap_emit_channel_opened	112	static
l2cap.c:1077:13:l2cap_emit_channel_closed	24	static
l2cap.c:1082:13:l2cap_emit_incoming_connection	64	static
l2cap.c:1097:13:l2cap_handle_channel_open_failed	16	static
l2cap.c:1107:13:l2cap_handle_channel_closed	16	static
l2cap.c:1118:32:l2cap_channel_item_by_cid	32	static
l2cap.c:1131:32:l2cap_fixed_channel_for_channel_id	16	static
l2cap.c:1138:26:l2cap_get_channel_for_local_cid	16	static
l2cap.c:1143:26:l2cap_get_channel_for_local_cid_and_handle	24	static
l2cap.c:1151:6:l2cap_request_can_send_now_event	24	static
l2cap.c:1164:6:l2cap_can_send_packet_now	24	static
l2cap.c:1175:6:l2cap_can_send_prepared_packet_now	24	static
l2cap.c:1186:10:l2cap_get_remote_mtu_for_local_cid	24	static
l2cap.c:1196:12:l2cap_is_dynamic_channel_type	16	static
l2cap.c:1209:26:l2cap_channel_for_rtx_timer	32	static
l2cap.c:1222:13:l2cap_rtx_timeout	32	static
l2cap.c:1241:13:l2cap_stop_rtx	24	static
l2cap.c:1249:13:l2cap_start_rtx	24	static
l2cap.c:1257:13:l2cap_start_ertx	24	static
l2cap.c:1265:6:l2cap_require_security_level_2_for_outgoing_sdp	4	static
l2cap.c:1269:12:l2cap_security_level_0_allowed_for_PSM	16	static
l2cap.c:1273:12:l2cap_send_signaling_packet	40	static
l2cap.c:1292:5:l2cap_send_prepared	40	static
l2cap.c:1339:5:l2cap_send	32	static
l2cap.c:1369:5:l2cap_send_echo_request	24	static
l2cap.c:1373:20:channelStateVarSetFlag	16	static
l2cap.c:1377:20:channelStateVarClearFlag	16	static
l2cap.c:1384:12:l2cap_send_le_signaling_packet	40	static
l2cap.c:1403:10:l2cap_max_mtu	4	static
l2cap.c:1408:10:l2cap_max_le_mtu	8	static
l2cap.c:1413:6:l2cap_set_max_le_mtu	16	static
l2cap.c:1422:17:l2cap_setup_options_mtu	16	static
l2cap.c:1430:12:l2cap_ertm_mode	24	static
l2cap.c:1437:17:l2cap_setup_options_request	24	static
l2cap.c:1448:17:l2cap_setup_options_mtu_response	24	static
l2cap.c:1453:17:l2cap_extended_features_mask	16	static
l2cap.c:1467:13:l2cap_run_for_classic_channel	72	static
l2cap.c:1602:13:l2cap_run_for_classic_channel_ertm	48	static
l2cap.c:1673:13:l2cap_run_signaling_response	64	static
l2cap.c:1756:13:l2ap_run_ertm	32	static
l2cap.c:1776:13:l2cap_run_le_data_channels	64	static
l2cap.c:1851:13:l2cap_run	64	static
l2cap.c:1919:13:l2cap_handle_connection_complete	32	static
l2cap.c:1929:13:l2cap_ready_to_connect	24	static
l2cap.c:1945:13:l2cap_handle_remote_supported_features_received	16	static
l2cap.c:1961:26:l2cap_create_channel_entry	40	static
l2cap.c:1994:13:l2cap_free_channel_entry	24	static
l2cap.c:2018:9:l2cap_create_channel	72	static
l2cap.c:2065:6:l2cap_disconnect	32	static
l2cap.c:2076:13:l2cap_handle_connection_failed_for_addr	40	static
l2cap.c:2116:13:l2cap_handle_connection_success_for_addr	32	static
l2cap.c:2131:13:l2cap_channel_ready_to_send	24	static
l2cap.c:2166:13:l2cap_channel_trigger_send	16	static
l2cap.c:2200:13:l2cap_notify_channel_can_send	32	static
l2cap.c:2227:12:l2cap_send_open_failed_on_hci_disconnect	16	static
l2cap.c:2271:13:l2cap_handle_hci_disconnect_event	16	static
l2cap.c:2282:13:l2cap_handle_hci_le_disconnect_event	16	static
l2cap.c:2293:13:l2cap_check_classic_timeout	40	static
l2cap.c:2318:13:l2cap_handle_features_complete	56	static
l2cap.c:2336:13:l2cap_handle_security_level	64	static
l2cap.c:2386:13:l2cap_handle_disconnection_complete	40	static
l2cap.c:2421:13:l2cap_hci_event_handler	40	static
l2cap.c:2521:13:l2cap_register_signaling_response	24	static
l2cap.c:2535:13:l2cap_handle_disconnect_request	16	static
l2cap.c:2552:13:l2cap_handle_connection_request	56	static
l2cap.c:2599:6:l2cap_accept_connection	32	static
l2cap.c:2618:6:l2cap_decline_connection	32	static
l2cap.c:2631:13:l2cap_signaling_handle_configure_request	64	static
l2cap.c:2739:13:l2cap_signaling_handle_configure_response	40	static
l2cap.c:2791:12:l2cap_channel_ready_for_open	16	static
l2cap.c:2802:13:l2cap_signaling_handler_channel	40	static
l2cap.c:2957:13:l2cap_signaling_handler_dispatch	64	static
l2cap.c:3094:13:l2cap_emit_connection_parameter_update_response	32	static
l2cap.c:3106:12:l2cap_le_signaling_handler_dispatch	136	static
l2cap.c:3393:13:l2cap_acl_classic_handler_for_channel	120	static
l2cap.c:3604:13:l2cap_acl_classic_handler	48	static
l2cap.c:3655:13:l2cap_acl_le_handler	64	static
l2cap.c:3743:13:l2cap_acl_handler	32	static
l2cap.c:3764:6:l2cap_register_fixed_channel	24	static
l2cap.c:3772:6:l2cap_finialize_channel_close	16	static
l2cap.c:3782:26:l2cap_get_service_internal	32	static
l2cap.c:3796:33:l2cap_get_service	16	static
l2cap.c:3800:9:l2cap_register_service	40	static
l2cap.c:3835:9:l2cap_unregister_service	32	static
l2cap.c:3858:13:l2cap_le_notify_channel_can_send	16	static
l2cap.c:3867:13:l2cap_emit_le_incoming_connection	88	static
l2cap.c:3884:13:l2cap_emit_le_channel_opened	104	static
l2cap.c:3905:13:l2cap_emit_le_channel_closed	32	static
l2cap.c:3915:13:l2cap_le_send_pdu	48	static
l2cap.c:3954:6:l2cap_le_finialize_channel_close	16	static
l2cap.c:3962:33:l2cap_le_get_service	16	static
l2cap.c:3966:9:l2cap_le_register_service	32	static
l2cap.c:3996:9:l2cap_le_unregister_service	32	static
l2cap.c:4006:9:l2cap_le_accept_connection	32	static
l2cap.c:4036:9:l2cap_le_decline_connection	24	static
l2cap.c:4053:29:l2cap_le_security_level_for_connection	24	static
l2cap.c:4064:13:l2cap_sm_packet_handler	48	static
l2cap.c:4094:9:l2cap_le_create_channel	48	static
l2cap.c:4155:9:l2cap_le_provide_credits	40	static
l2cap.c:4189:5:l2cap_le_can_send_now	32	static
l2cap.c:4212:9:l2cap_le_request_can_send_now_event	32	static
l2cap.c:4230:9:l2cap_le_send_data	32	static
l2cap.c:4260:9:l2cap_le_disconnect	32	static
