btstack_event.h:68:23:hci_event_packet_get_type	16	static
btstack_event.h:4417:24:avdtp_subevent_signaling_accept_get_avdtp_cid	16	static
btstack_event.h:4426:23:avdtp_subevent_signaling_accept_get_local_seid	16	static
btstack_event.h:4444:23:avdtp_subevent_signaling_accept_get_signal_identifier	16	static
btstack_event.h:4454:24:avdtp_subevent_signaling_reject_get_avdtp_cid	16	static
btstack_event.h:4491:24:avdtp_subevent_signaling_general_reject_get_avdtp_cid	16	static
btstack_event.h:4528:24:avdtp_subevent_signaling_connection_established_get_avdtp_cid	16	static
btstack_event.h:4555:23:avdtp_subevent_signaling_connection_established_get_status	16	static
btstack_event.h:4565:24:avdtp_subevent_signaling_connection_released_get_avdtp_cid	16	static
btstack_event.h:4958:24:avdtp_subevent_signaling_media_codec_other_capability_get_avdtp_cid	16	static
btstack_event.h:5781:23:avdtp_subevent_signaling_media_codec_other_configuration_get_reconfigure	16	static
btstack_event.h:5827:24:avdtp_subevent_streaming_connection_established_get_avdtp_cid	16	static
btstack_event.h:5845:23:avdtp_subevent_streaming_connection_established_get_local_seid	16	static
btstack_event.h:5854:23:avdtp_subevent_streaming_connection_established_get_remote_seid	16	static
btstack_event.h:5863:23:avdtp_subevent_streaming_connection_established_get_status	16	static
btstack_event.h:5873:24:avdtp_subevent_streaming_connection_released_get_avdtp_cid	16	static
a2dp_sink.c:63:6:a2dp_sink_create_sdp_record	40	static
a2dp_sink.c:142:6:a2dp_sink_register_packet_handler	16	static
a2dp_sink.c:153:6:a2dp_sink_register_media_handler	16	static
a2dp_sink.c:161:6:a2dp_sink_init	8	static
a2dp_sink.c:165:6:a2dp_sink_deinit	8	static
a2dp_sink.c:173:27:a2dp_sink_create_stream_endpoint	32	static
a2dp_sink.c:192:6:a2dp_sink_finalize_stream_endpoint	16	static
a2dp_sink.c:196:9:a2dp_sink_establish_stream	40	static
a2dp_sink.c:207:6:a2dp_sink_disconnect	16	static
a2dp_sink.c:211:13:a2dp_sink_packet_handler_internal	56	static
