btstack_event.h:68:23:hci_event_packet_get_type	16	static
btstack_event.h:4417:24:avdtp_subevent_signaling_accept_get_avdtp_cid	16	static
btstack_event.h:4435:23:avdtp_subevent_signaling_accept_get_is_initiator	16	static
btstack_event.h:4444:23:avdtp_subevent_signaling_accept_get_signal_identifier	16	static
btstack_event.h:4454:24:avdtp_subevent_signaling_reject_get_avdtp_cid	16	static
btstack_event.h:4472:23:avdtp_subevent_signaling_reject_get_is_initiator	16	static
btstack_event.h:4491:24:avdtp_subevent_signaling_general_reject_get_avdtp_cid	16	static
btstack_event.h:4509:23:avdtp_subevent_signaling_general_reject_get_is_initiator	16	static
btstack_event.h:4528:24:avdtp_subevent_signaling_connection_established_get_avdtp_cid	16	static
btstack_event.h:4555:23:avdtp_subevent_signaling_connection_established_get_status	16	static
btstack_event.h:4565:24:avdtp_subevent_signaling_connection_released_get_avdtp_cid	16	static
btstack_event.h:4575:24:avdtp_subevent_signaling_sep_found_get_avdtp_cid	16	static
btstack_event.h:4584:23:avdtp_subevent_signaling_sep_found_get_remote_seid	16	static
btstack_event.h:4593:23:avdtp_subevent_signaling_sep_found_get_in_use	16	static
btstack_event.h:4602:23:avdtp_subevent_signaling_sep_found_get_media_type	16	static
btstack_event.h:4611:23:avdtp_subevent_signaling_sep_found_get_sep_type	16	static
btstack_event.h:4621:24:avdtp_subevent_signaling_media_codec_sbc_capability_get_avdtp_cid	16	static
btstack_event.h:4630:23:avdtp_subevent_signaling_media_codec_sbc_capability_get_remote_seid	16	static
btstack_event.h:4648:23:avdtp_subevent_signaling_media_codec_sbc_capability_get_sampling_frequency_bitmap	16	static
btstack_event.h:4657:23:avdtp_subevent_signaling_media_codec_sbc_capability_get_channel_mode_bitmap	16	static
btstack_event.h:4666:23:avdtp_subevent_signaling_media_codec_sbc_capability_get_block_length_bitmap	16	static
btstack_event.h:4675:23:avdtp_subevent_signaling_media_codec_sbc_capability_get_subbands_bitmap	16	static
btstack_event.h:4684:23:avdtp_subevent_signaling_media_codec_sbc_capability_get_allocation_method_bitmap	16	static
btstack_event.h:4693:23:avdtp_subevent_signaling_media_codec_sbc_capability_get_min_bitpool_value	16	static
btstack_event.h:4702:23:avdtp_subevent_signaling_media_codec_sbc_capability_get_max_bitpool_value	16	static
btstack_event.h:4712:24:avdtp_subevent_signaling_media_codec_mpeg_audio_capability_get_avdtp_cid	16	static
btstack_event.h:4803:24:avdtp_subevent_signaling_media_codec_mpeg_aac_capability_get_avdtp_cid	16	static
btstack_event.h:4876:24:avdtp_subevent_signaling_media_codec_atrac_capability_get_avdtp_cid	16	static
btstack_event.h:4958:24:avdtp_subevent_signaling_media_codec_other_capability_get_avdtp_cid	16	static
btstack_event.h:5234:24:avdtp_subevent_signaling_delay_reporting_capability_get_avdtp_cid	16	static
btstack_event.h:5299:24:avdtp_subevent_signaling_capabilities_done_get_avdtp_cid	16	static
btstack_event.h:5318:24:avdtp_subevent_signaling_media_codec_sbc_configuration_get_avdtp_cid	16	static
btstack_event.h:5327:23:avdtp_subevent_signaling_media_codec_sbc_configuration_get_local_seid	16	static
btstack_event.h:5445:23:avdtp_subevent_signaling_media_codec_mpeg_audio_configuration_get_local_seid	16	static
btstack_event.h:5563:23:avdtp_subevent_signaling_media_codec_mpeg_aac_configuration_get_local_seid	16	static
btstack_event.h:5654:23:avdtp_subevent_signaling_media_codec_atrac_configuration_get_local_seid	16	static
btstack_event.h:5827:24:avdtp_subevent_streaming_connection_established_get_avdtp_cid	16	static
btstack_event.h:5845:23:avdtp_subevent_streaming_connection_established_get_local_seid	16	static
btstack_event.h:5854:23:avdtp_subevent_streaming_connection_established_get_remote_seid	16	static
btstack_event.h:5863:23:avdtp_subevent_streaming_connection_established_get_status	16	static
btstack_event.h:5873:24:avdtp_subevent_streaming_connection_released_get_avdtp_cid	16	static
btstack_event.h:5920:24:avdtp_subevent_signaling_sep_dicovery_done_get_avdtp_cid	16	static
btstack_event.h:5930:24:avdtp_subevent_signaling_delay_report_get_avdtp_cid	16	static
a2dp_source.c:98:13:a2dp_source_streaming_emit_connection_failed	48	static
a2dp_source.c:115:6:a2dp_source_create_sdp_record	40	static
a2dp_source.c:194:13:a2dp_signaling_emit_reconfigured	40	static
a2dp_source.c:207:13:a2dp_source_discover_stream_endpoints	16	static
a2dp_source.c:212:13:a2dp_source_set_config_timer_handler	24	static
a2dp_source.c:228:13:a2dp_source_set_config_timer_start	24	static
a2dp_source.c:237:13:a2dp_source_set_config_timer_stop	8	static
a2dp_source.c:243:13:a2dp_start_discovering_seps	16	static
a2dp_source.c:260:13:a2dp_discover_seps_with_next_waiting_connection	24	static
a2dp_source.c:272:13:a2dp_handle_received_configuration	24	static
a2dp_source.c:290:13:a2dp_source_packet_handler_internal	208	static
a2dp_source.c:669:6:a2dp_source_register_packet_handler	16	static
a2dp_source.c:676:6:a2dp_source_init	8	static
a2dp_source.c:683:6:a2dp_source_deinit	8	static
a2dp_source.c:692:27:a2dp_source_create_stream_endpoint	32	static
a2dp_source.c:712:6:a2dp_source_finalize_stream_endpoint	16	static
a2dp_source.c:716:9:a2dp_source_establish_stream	32	static
a2dp_source.c:749:9:a2dp_source_disconnect	16	static
a2dp_source.c:754:9:a2dp_source_start_stream	16	static
a2dp_source.c:758:9:a2dp_source_pause_stream	16	static
a2dp_source.c:762:6:a2dp_source_stream_endpoint_request_can_send_now	16	static
a2dp_source.c:766:5:a2dp_max_media_payload_size	16	static
a2dp_source.c:770:5:a2dp_source_stream_send_media_payload	32	static
a2dp_source.c:774:9:a2dp_source_stream_send_media_payload_rtp	24	static
a2dp_source.c:778:9:a2dp_source_stream_send_media_packet	24	static
a2dp_source.c:782:16:a2dp_source_config_init	32	static
a2dp_source.c:820:9:a2dp_source_set_config_sbc	24	static
a2dp_source.c:843:9:a2dp_source_set_config_mpeg_audio	24	static
a2dp_source.c:867:9:a2dp_source_set_config_mpeg_aac	24	static
a2dp_source.c:889:9:a2dp_source_set_config_atrac	24	static
a2dp_source.c:912:9:a2dp_source_set_config_other	24	static
a2dp_source.c:934:9:a2dp_source_reconfigure_stream_sampling_frequency	128	static
