avdtp_sink.c:55:6:avdtp_sink_register_media_transport_category	24	static
avdtp_sink.c:60:6:avdtp_sink_register_reporting_category	24	static
avdtp_sink.c:65:6:avdtp_sink_register_delay_reporting_category	24	static
avdtp_sink.c:70:6:avdtp_sink_register_recovery_category	24	static
avdtp_sink.c:75:6:avdtp_sink_register_content_protection_category	24	static
avdtp_sink.c:80:6:avdtp_sink_register_header_compression_category	32	static
avdtp_sink.c:85:6:avdtp_sink_register_media_codec_category	32	static
avdtp_sink.c:90:6:avdtp_sink_register_multiplexing_category	24	static
avdtp_sink.c:96:6:avdtp_sink_register_packet_handler	16	static
avdtp_sink.c:102:6:avdtp_sink_init	8	static
avdtp_sink.c:106:6:avdtp_sink_deinit	8	static
avdtp_sink.c:110:27:avdtp_sink_create_stream_endpoint	16	static
avdtp_sink.c:114:6:avdtp_sink_finalize_stream_endpoint	16	static
avdtp_sink.c:118:6:avdtp_sink_register_media_handler	16	static
avdtp_sink.c:122:9:avdtp_sink_connect	16	static
avdtp_sink.c:126:9:avdtp_sink_disconnect	16	static
avdtp_sink.c:130:9:avdtp_sink_open_stream	16	static
avdtp_sink.c:134:9:avdtp_sink_start_stream	16	static
avdtp_sink.c:138:9:avdtp_sink_stop_stream	16	static
avdtp_sink.c:142:9:avdtp_sink_abort_stream	16	static
avdtp_sink.c:146:9:avdtp_sink_suspend	16	static
avdtp_sink.c:150:9:avdtp_sink_discover_stream_endpoints	16	static
avdtp_sink.c:154:9:avdtp_sink_get_capabilities	16	static
avdtp_sink.c:158:9:avdtp_sink_get_all_capabilities	16	static
avdtp_sink.c:162:9:avdtp_sink_get_configuration	16	static
avdtp_sink.c:166:9:avdtp_sink_set_configuration	72	static
avdtp_sink.c:170:9:avdtp_sink_reconfigure	72	static
avdtp_sink.c:174:9:avdtp_sink_delay_report	32	static
