avdtp_util.h:55:23:avdtp_header	16	static
avdtp_util.c:102:14:avdtp_si2str	16	static
avdtp_util.c:107:6:avdtp_reset_stream_endpoint	16	static
avdtp_util.c:140:5:get_bit16	16	static
avdtp_util.c:144:10:store_bit16	16	static
avdtp_util.c:153:22:avdtp_get_signaling_packet_type	16	static
avdtp_util.c:157:5:avdtp_read_signaling_header	32	static
avdtp_util.c:194:13:avdtp_is_basic_capability	16	static
avdtp_util.c:198:5:avdtp_pack_service_capabilities	24	static
avdtp_util.c:247:12:avdtp_unpack_service_capabilities_has_errors	24	static
avdtp_util.c:320:10:avdtp_unpack_service_capabilities	48	static
avdtp_util.c:400:6:avdtp_prepare_capabilities	88	static
avdtp_util.c:453:5:avdtp_signaling_create_fragment	48	static
avdtp_util.c:492:6:avdtp_signaling_emit_connection_established	48	static
avdtp_util.c:508:6:avdtp_signaling_emit_connection_released	32	static
avdtp_util.c:519:6:avdtp_signaling_emit_sep	40	static
avdtp_util.c:534:6:avdtp_signaling_emit_sep_done	32	static
avdtp_util.c:545:6:avdtp_signaling_emit_accept	40	static
avdtp_util.c:559:6:avdtp_signaling_emit_accept_for_stream_endpoint	40	static
avdtp_util.c:575:6:avdtp_signaling_emit_reject	40	static
avdtp_util.c:589:6:avdtp_signaling_emit_general_reject	40	static
avdtp_util.c:604:1:avdtp_signaling_emit_capability	32	static
avdtp_util.c:616:13:avdtp_signaling_emit_media_codec_sbc_capability	56	static
avdtp_util.c:637:13:avdtp_signaling_emit_media_codec_mpeg_audio_capability	64	static
avdtp_util.c:668:13:avdtp_signaling_emit_media_codec_mpeg_aac_capability	72	static
avdtp_util.c:697:13:avdtp_signaling_emit_media_codec_atrac_capability	72	static
avdtp_util.c:727:13:avdtp_signaling_emit_media_codec_other_capability	152	static
avdtp_util.c:747:1:avdtp_signaling_emit_media_transport_capability	16	static
avdtp_util.c:752:13:avdtp_signaling_emit_reporting_capability	16	static
avdtp_util.c:757:1:avdtp_signaling_emit_delay_reporting_capability	16	static
avdtp_util.c:762:13:avdtp_signaling_emit_recovery_capability	32	static
avdtp_util.c:778:1:avdtp_signaling_emit_content_protection_capability	48	static
avdtp_util.c:803:1:avdtp_signaling_emit_header_compression_capability	32	static
avdtp_util.c:819:1:avdtp_signaling_emit_content_multiplexing_capability	40	static
avdtp_util.c:842:13:avdtp_signaling_emit_capability_done	32	static
avdtp_util.c:854:13:avdtp_signaling_emit_media_codec_capability	32	static
avdtp_util.c:875:6:avdtp_signaling_emit_capabilities	24	static
avdtp_util.c:909:1:avdtp_signaling_emit_media_codec_sbc	72	static
avdtp_util.c:995:1:avdtp_signaling_emit_media_codec_mpeg_audio_configuration	72	static
avdtp_util.c:1087:1:avdtp_signaling_emit_media_codec_mpeg_aac_configuration	128	static
avdtp_util.c:1155:1:avdtp_signaling_emit_media_codec_atrac_configuration	72	static
avdtp_util.c:1225:13:avdtp_signaling_emit_media_codec_other_configuration	168	static
avdtp_util.c:1254:6:avdtp_signaling_emit_delay	32	static
avdtp_util.c:1268:6:avdtp_signaling_emit_configuration	32	static
avdtp_util.c:1304:6:avdtp_streaming_emit_connection_established	48	static
avdtp_util.c:1322:6:avdtp_streaming_emit_connection_released	40	static
avdtp_util.c:1336:6:avdtp_streaming_emit_can_send_media_packet_now	40	static
avdtp_util.c:1352:9:avdtp_request_can_send_now_acceptor	16	static
avdtp_util.c:1359:9:avdtp_request_can_send_now_initiator	16	static
avdtp_util.c:1366:9:avdtp_local_seid	16	static
avdtp_util.c:1372:9:avdtp_remote_seid	16	static
avdtp_util.c:1379:6:a2dp_replace_subevent_id_and_emit_cmd	40	static
avdtp_util.c:1394:6:a2dp_emit_stream_event	40	static
avdtp_util.c:1407:6:avdtp_config_sbc_set_sampling_frequency	24	static
avdtp_util.c:1426:6:avdtp_config_sbc_store	24	static
avdtp_util.c:1449:6:avdtp_config_mpeg_audio_set_sampling_frequency	24	static
avdtp_util.c:1477:6:avdtp_config_mpeg_audio_store	24	static
avdtp_util.c:1488:6:avdtp_config_mpeg_aac_set_sampling_frequency	80	static
avdtp_util.c:1504:6:avdtp_config_mpeg_aac_store	24	static
avdtp_util.c:1524:6:avdtp_config_atrac_set_sampling_frequency	24	static
avdtp_util.c:1539:6:avdtp_config_atrac_store	24	static
