avdtp_source.c:57:6:avdtp_source_register_media_transport_category	24	static
avdtp_source.c:62:6:avdtp_source_register_reporting_category	24	static
avdtp_source.c:67:6:avdtp_source_register_delay_reporting_category	24	static
avdtp_source.c:72:6:avdtp_source_register_recovery_category	24	static
avdtp_source.c:77:6:avdtp_source_register_content_protection_category	24	static
avdtp_source.c:82:6:avdtp_source_register_header_compression_category	32	static
avdtp_source.c:87:6:avdtp_source_register_media_codec_category	32	static
avdtp_source.c:92:6:avdtp_source_register_multiplexing_category	24	static
avdtp_source.c:97:27:avdtp_source_create_stream_endpoint	16	static
avdtp_source.c:101:6:avdtp_source_finalize_stream_endpoint	16	static
avdtp_source.c:105:9:avdtp_source_connect	16	static
avdtp_source.c:109:9:avdtp_source_disconnect	16	static
avdtp_source.c:113:9:avdtp_source_open_stream	16	static
avdtp_source.c:117:9:avdtp_source_start_stream	16	static
avdtp_source.c:121:9:avdtp_source_stop_stream	16	static
avdtp_source.c:125:9:avdtp_source_abort_stream	16	static
avdtp_source.c:129:9:avdtp_source_suspend	16	static
avdtp_source.c:133:9:avdtp_source_discover_stream_endpoints	16	static
avdtp_source.c:137:9:avdtp_source_get_capabilities	16	static
avdtp_source.c:141:9:avdtp_source_get_all_capabilities	16	static
avdtp_source.c:145:9:avdtp_source_get_configuration	16	static
avdtp_source.c:149:9:avdtp_source_set_configuration	72	static
avdtp_source.c:153:9:avdtp_source_reconfigure	72	static
avdtp_source.c:157:6:avdtp_source_register_packet_handler	16	static
avdtp_source.c:163:6:avdtp_source_init	8	static
avdtp_source.c:167:6:avdtp_source_deinit	8	static
avdtp_source.c:171:13:avdtp_source_setup_media_header	40	static
avdtp_source.c:193:5:avdtp_source_stream_send_media_payload	48	static
avdtp_source.c:221:9:avdtp_source_stream_send_media_payload_rtp	40	static
avdtp_source.c:246:9:avdtp_source_stream_send_media_packet	40	static
avdtp_source.c:266:6:avdtp_source_stream_endpoint_request_can_send_now	32	static
avdtp_source.c:278:5:avdtp_max_media_payload_size	32	static
