btstack_event.h:68:23:hci_event_packet_get_type	16	static
btstack_event.h:1193:23:l2cap_event_channel_opened_get_status	16	static
btstack_event.h:1202:20:l2cap_event_channel_opened_get_address	16	static
btstack_event.h:1211:32:l2cap_event_channel_opened_get_handle	16	static
btstack_event.h:1220:24:l2cap_event_channel_opened_get_psm	16	static
btstack_event.h:1229:24:l2cap_event_channel_opened_get_local_cid	16	static
btstack_event.h:1256:24:l2cap_event_channel_opened_get_remote_mtu	16	static
btstack_event.h:1302:24:l2cap_event_channel_closed_get_local_cid	16	static
btstack_event.h:1312:20:l2cap_event_incoming_connection_get_address	16	static
btstack_event.h:1321:32:l2cap_event_incoming_connection_get_handle	16	static
btstack_event.h:1339:24:l2cap_event_incoming_connection_get_local_cid	16	static
btstack_event.h:1779:23:sdp_event_query_complete_get_status	16	static
btstack_event.h:1808:24:sdp_event_query_attribute_byte_get_record_id	16	static
btstack_event.h:1817:24:sdp_event_query_attribute_byte_get_attribute_id	16	static
btstack_event.h:1826:24:sdp_event_query_attribute_byte_get_attribute_length	16	static
btstack_event.h:1835:24:sdp_event_query_attribute_byte_get_data_offset	16	static
btstack_event.h:1844:23:sdp_event_query_attribute_byte_get_data	16	static
avdtp.c:82:1:avdtp_packet_handler_for_stream_endpoint	16	static
avdtp.c:86:6:avdtp_emit_sink_and_source	24	static
avdtp.c:95:6:avdtp_emit_source	24	static
avdtp.c:101:25:avdtp_get_stream_endpoints	4	static
avdtp.c:105:25:avdtp_get_connections	4	static
avdtp.c:109:29:avdtp_get_connection_for_bd_addr	32	static
avdtp.c:120:23:avdtp_get_connection_for_avdtp_cid	32	static
avdtp.c:132:27:avdtp_get_stream_endpoint_for_seid	32	static
avdtp.c:144:27:avdtp_get_source_stream_endpoint_for_media_codec	32	static
avdtp.c:157:22:avdtp_get_connection_for_l2cap_signaling_cid	32	static
avdtp.c:168:34:avdtp_get_stream_endpoint_for_l2cap_cid	32	static
avdtp.c:186:34:avdtp_get_stream_endpoint_for_signaling_cid	32	static
avdtp.c:200:10:avdtp_get_next_transaction_label	4	static
avdtp.c:208:29:avdtp_create_connection	24	static
avdtp.c:225:17:avdtp_get_next_cid	4	static
avdtp.c:234:17:avdtp_get_next_local_seid	4	static
avdtp.c:243:13:avdtp_handle_start_sdp_client_query	32	static
avdtp.c:272:9:avdtp_connect	32	static
avdtp.c:312:6:avdtp_register_sink_packet_handler	16	static
avdtp.c:317:6:avdtp_register_source_packet_handler	16	static
avdtp.c:322:6:avdtp_register_media_transport_category	24	static
avdtp.c:331:6:avdtp_register_reporting_category	24	static
avdtp.c:340:6:avdtp_register_delay_reporting_category	24	static
avdtp.c:349:6:avdtp_register_recovery_category	24	static
avdtp.c:361:6:avdtp_register_content_protection_category	40	static
avdtp.c:375:6:avdtp_register_header_compression_category	24	static
avdtp.c:387:6:avdtp_register_media_codec_category	32	static
avdtp.c:400:6:avdtp_register_multiplexing_category	24	static
avdtp.c:410:6:avdtp_register_media_handler	16	static
avdtp.c:415:13:avdtp_handle_can_send_now	32	static
avdtp.c:456:27:avdtp_create_stream_endpoint	24	static
avdtp.c:469:6:avdtp_finalize_stream_endpoint	16	static
avdtp.c:475:1:handle_l2cap_data_packet_for_signaling_connection	32	static
avdtp.c:492:13:avdtp_handle_sdp_client_query_attribute_value	72	static
avdtp.c:574:13:avdtp_finalize_connection	16	static
avdtp.c:580:13:avdtp_handle_sdp_query_failed	24	static
avdtp.c:602:13:avdtp_handle_sdp_query_succeeded	32	static
avdtp.c:621:13:avdtp_handle_sdp_client_query_result	40	static
avdtp.c:705:29:avdtp_handle_incoming_connection	32	static
avdtp.c:720:13:avdtp_retry_timer_timeout_handler	40	static
avdtp.c:732:13:avdtp_retry_timer_start	24	static
avdtp.c:742:13:avdtp_handle_close_media_channel	32	static
avdtp.c:750:13:avdtp_handle_close_recovery_channel	24	static
avdtp.c:755:13:avdtp_handle_close_reporting_channel	24	static
avdtp.c:761:6:avdtp_packet_handler	104	static
avdtp.c:1008:9:avdtp_disconnect	40	static
avdtp.c:1037:9:avdtp_open_stream	32	static
avdtp.c:1071:9:avdtp_start_stream	32	static
avdtp.c:1105:9:avdtp_stop_stream	32	static
avdtp.c:1134:9:avdtp_abort_stream	32	static
avdtp.c:1163:9:avdtp_suspend_stream	32	static
avdtp.c:1191:9:avdtp_discover_stream_endpoints	32	static
avdtp.c:1208:9:avdtp_get_capabilities	32	static
avdtp.c:1226:9:avdtp_get_all_capabilities	32	static
avdtp.c:1257:9:avdtp_get_configuration	32	static
avdtp.c:1274:9:avdtp_set_configuration	40	static
avdtp.c:1315:9:avdtp_reconfigure	40	static
avdtp.c:1347:9:avdtp_set_preferred_sampling_frequeny	16	static
avdtp.c:1351:9:avdtp_set_preferred_channel_mode	16	static
avdtp.c:1356:22:avdtp_choose_sbc_channel_mode	24	static
avdtp.c:1387:31:avdtp_choose_sbc_allocation_method	32	static
avdtp.c:1400:9:avdtp_stream_endpoint_seid	16	static
avdtp.c:1404:9:avdtp_choose_sbc_subbands	32	static
avdtp.c:1418:9:avdtp_choose_sbc_block_length	32	static
avdtp.c:1436:10:avdtp_choose_sbc_sampling_frequency	24	static
avdtp.c:1471:9:avdtp_choose_sbc_max_bitpool_value	24	static
avdtp.c:1477:9:avdtp_choose_sbc_min_bitpool_value	24	static
avdtp.c:1483:9:is_avdtp_remote_seid_registered	16	static
avdtp.c:1490:6:avdtp_init	8	static
avdtp.c:1497:6:avdtp_deinit	4	static
