btstack_event.h:68:23:hci_event_packet_get_type	16	static
btstack_event.h:1193:23:l2cap_event_channel_opened_get_status	16	static
btstack_event.h:1202:20:l2cap_event_channel_opened_get_address	16	static
btstack_event.h:1211:32:l2cap_event_channel_opened_get_handle	16	static
btstack_event.h:1229:24:l2cap_event_channel_opened_get_local_cid	16	static
btstack_event.h:1256:24:l2cap_event_channel_opened_get_remote_mtu	16	static
btstack_event.h:1302:24:l2cap_event_channel_closed_get_local_cid	16	static
btstack_event.h:1312:20:l2cap_event_incoming_connection_get_address	16	static
btstack_event.h:1321:32:l2cap_event_incoming_connection_get_handle	16	static
btstack_event.h:1339:24:l2cap_event_incoming_connection_get_local_cid	16	static
btstack_event.h:1423:24:l2cap_event_can_send_now_get_local_cid	16	static
btstack_event.h:1779:23:sdp_event_query_complete_get_status	16	static
btstack_event.h:1808:24:sdp_event_query_attribute_byte_get_record_id	16	static
btstack_event.h:1817:24:sdp_event_query_attribute_byte_get_attribute_id	16	static
btstack_event.h:1826:24:sdp_event_query_attribute_byte_get_attribute_length	16	static
btstack_event.h:1835:24:sdp_event_query_attribute_byte_get_data_offset	16	static
btstack_event.h:1844:23:sdp_event_query_attribute_byte_get_data	16	static
avrcp.c:95:14:avrcp_subunit2str	16	static
avrcp.c:108:14:avrcp_event2str	16	static
avrcp.c:119:14:avrcp_operation2str	16	static
avrcp.c:127:14:avrcp_attribute2str	16	static
avrcp.c:136:14:avrcp_play_status2str	16	static
avrcp.c:159:14:avrcp_ctype2str	16	static
avrcp.c:172:14:avrcp_shuffle2str	16	static
avrcp.c:184:14:avrcp_repeat2str	16	static
avrcp.c:189:23:avrcp_get_connections	4	static
avrcp.c:193:9:avrcp_cmd_opcode	24	static
avrcp.c:199:6:avrcp_create_sdp_record	56	static
avrcp.c:318:22:avrcp_get_connection_for_bd_addr_for_role	32	static
avrcp.c:330:22:avrcp_get_connection_for_l2cap_signaling_cid_for_role	32	static
avrcp.c:342:22:avrcp_get_connection_for_avrcp_cid_for_role	32	static
avrcp.c:354:22:avrcp_get_connection_for_browsing_cid_for_role	32	static
avrcp.c:366:22:avrcp_get_connection_for_browsing_l2cap_cid_for_role	32	static
avrcp.c:378:31:avrcp_get_browsing_connection_for_l2cap_cid_for_role	32	static
avrcp.c:390:6:avrcp_request_can_send_now	16	static
avrcp.c:395:10:avrcp_get_next_cid	16	static
avrcp.c:407:29:avrcp_create_connection	32	static
avrcp.c:427:13:avrcp_finalize_connection	16	static
avrcp.c:433:13:avrcp_emit_connection_established	56	static
avrcp.c:451:13:avrcp_emit_connection_closed	40	static
avrcp.c:464:10:avrcp_sdp_query_browsing_l2cap_psm	4	static
avrcp.c:468:6:avrcp_handle_sdp_client_query_attribute_value	96	static
avrcp.c:585:13:avrcp_handle_sdp_query_failed	24	static
avrcp.c:592:13:avrcp_handle_sdp_query_succeeded	16	static
avrcp.c:600:13:avrcp_handle_sdp_client_query_result	56	static
avrcp.c:660:29:avrcp_handle_incoming_connection_for_role	24	static
avrcp.c:674:13:avrcp_handle_open_connection	40	static
avrcp.c:687:13:avrcp_retry_timer_timeout_handler	48	static
avrcp.c:701:13:avrcp_retry_timer_start	24	static
avrcp.c:712:27:avrcp_get_frame_type	16	static
avrcp.c:716:13:avrcp_packet_handler	72	static
avrcp.c:889:9:avrcp_disconnect	24	static
avrcp.c:905:13:avrcp_handle_start_sdp_client_query	40	static
avrcp.c:939:9:avrcp_connect	32	static
avrcp.c:979:6:avrcp_init	16	static
avrcp.c:988:6:avrcp_deinit	8	static
avrcp.c:1001:6:avrcp_register_controller_packet_handler	16	static
avrcp.c:1005:6:avrcp_register_target_packet_handler	16	static
avrcp.c:1009:6:avrcp_register_packet_handler	16	static
