btstack_event.h:68:23:hci_event_packet_get_type	16	static
avrcp_browsing_controller.c:50:12:avrcp_browsing_controller_send_get_folder_items_cmd	136	static
avrcp_browsing_controller.c:99:12:avrcp_browsing_controller_send_get_item_attributes_cmd	136	static
avrcp_browsing_controller.c:148:12:avrcp_browsing_controller_send_change_path_cmd	120	static
avrcp_browsing_controller.c:168:12:avrcp_browsing_controller_send_search_cmd	120	static
avrcp_browsing_controller.c:193:12:avrcp_browsing_controller_send_set_browsed_player_cmd	120	static
avrcp_browsing_controller.c:211:12:avrcp_browsing_controller_send_get_total_nr_items_cmd	32	static
avrcp_browsing_controller.c:228:13:avrcp_browsing_controller_handle_can_send_now	16	static
avrcp_browsing_controller.c:279:13:avrcp_browsing_controller_emit_done_with_uid_counter	48	static
avrcp_browsing_controller.c:296:13:avrcp_parser_reset	16	static
avrcp_browsing_controller.c:304:13:avrcp_browsing_parser_process_byte	32	static
avrcp_browsing_controller.c:361:13:avrcp_browsing_parse_and_emit_element_attrs	32	static
avrcp_browsing_controller.c:368:13:avrcp_browsing_controller_emit_failed	24	static
avrcp_browsing_controller.c:373:13:avrcp_browsing_controller_packet_handler	64	static
avrcp_browsing_controller.c:506:6:avrcp_browsing_controller_init	8	static
avrcp_browsing_controller.c:511:6:avrcp_browsing_controller_deinit	4	static
avrcp_browsing_controller.c:515:6:avrcp_browsing_controller_register_packet_handler	16	static
avrcp_browsing_controller.c:520:9:avrcp_browsing_controller_get_item_attributes_for_scope	40	static
avrcp_browsing_controller.c:550:16:avrcp_browsing_controller_get_folder_items	40	static
avrcp_browsing_controller.c:572:9:avrcp_browsing_controller_get_media_players	32	static
avrcp_browsing_controller.c:576:9:avrcp_browsing_controller_browse_file_system	32	static
avrcp_browsing_controller.c:581:9:avrcp_browsing_controller_browse_media	32	static
avrcp_browsing_controller.c:586:9:avrcp_browsing_controller_browse_now_playing_list	32	static
avrcp_browsing_controller.c:591:9:avrcp_browsing_controller_set_browsed_player	24	static
avrcp_browsing_controller.c:615:9:avrcp_browsing_controller_change_path	24	static
avrcp_browsing_controller.c:644:9:avrcp_browsing_controller_go_up_one_level	16	static
avrcp_browsing_controller.c:648:9:avrcp_browsing_controller_go_down_one_level	16	static
avrcp_browsing_controller.c:652:9:avrcp_browsing_controller_search	24	static
avrcp_browsing_controller.c:684:9:avrcp_browsing_controller_get_total_nr_items_for_scope	24	static
