btstack_event.h:68:23:hci_event_packet_get_type	16	static
btstack_event.h:1193:23:l2cap_event_channel_opened_get_status	16	static
btstack_event.h:1202:20:l2cap_event_channel_opened_get_address	16	static
btstack_event.h:1229:24:l2cap_event_channel_opened_get_local_cid	16	static
btstack_event.h:1302:24:l2cap_event_channel_closed_get_local_cid	16	static
btstack_event.h:1312:20:l2cap_event_incoming_connection_get_address	16	static
btstack_event.h:1339:24:l2cap_event_incoming_connection_get_local_cid	16	static
btstack_event.h:1423:24:l2cap_event_can_send_now_get_local_cid	16	static
btstack_event.h:1779:23:sdp_event_query_complete_get_status	16	static
avrcp_browsing.c:70:6:avrcp_browsing_request_can_send_now	16	static
avrcp_browsing.c:75:13:avrcp_retry_timer_timeout_handler	56	static
avrcp_browsing.c:95:13:avrcp_retry_timer_start	24	static
avrcp_browsing.c:107:13:avrcp_browsing_finalize_connection	16	static
avrcp_browsing.c:113:13:avrcp_browsing_emit_connection_established	40	static
avrcp_browsing.c:129:13:avrcp_browsing_emit_incoming_connection	40	static
avrcp_browsing.c:144:13:avrcp_browsing_emit_connection_closed	40	static
avrcp_browsing.c:158:38:avrcp_browsing_create_connection	32	static
avrcp_browsing.c:174:13:avrcp_browsing_configure_ertm	24	static
avrcp_browsing.c:185:38:avrcp_browsing_handle_incoming_connection	16	static
avrcp_browsing.c:197:13:avrcp_browsing_handle_open_connection_for_role	32	static
avrcp_browsing.c:204:27:avrcp_get_frame_type	16	static
avrcp_browsing.c:208:13:avrcp_browsing_packet_handler	64	static
avrcp_browsing.c:384:6:avrcp_browsing_init	16	static
avrcp_browsing.c:392:6:avrcp_browsing_deinit	8	static
avrcp_browsing.c:401:13:avrcp_browsing_handle_sdp_client_query_result	64	static
avrcp_browsing.c:456:13:avrcp_browsing_handle_start_sdp_client_query	40	static
avrcp_browsing.c:496:9:avrcp_browsing_connect	64	static
avrcp_browsing.c:553:9:avrcp_browsing_configure_incoming_connection	32	static
avrcp_browsing.c:588:9:avrcp_browsing_decline_incoming_connection	24	static
avrcp_browsing.c:616:9:avrcp_browsing_disconnect	24	static
avrcp_browsing.c:637:6:avrcp_browsing_register_controller_packet_handler	16	static
avrcp_browsing.c:641:6:avrcp_browsing_register_target_packet_handler	16	static
avrcp_browsing.c:645:6:avrcp_browsing_register_packet_handler	16	static
