btstack_event.h:68:23:hci_event_packet_get_type	16	static
avrcp_target.c:54:12:avrcp_target_supports_browsing	16	static
avrcp_target.c:58:6:avrcp_target_create_sdp_record	40	static
avrcp_target.c:62:13:avrcp_target_emit_operation	40	static
avrcp_target.c:78:13:avrcp_target_emit_volume_changed	40	static
avrcp_target.c:93:13:avrcp_target_emit_respond_vendor_dependent_query	40	static
avrcp_target.c:106:17:avrcp_target_pack_single_element_header	24	static
avrcp_target.c:117:17:avrcp_target_pack_single_element_attribute_number	32	static
avrcp_target.c:124:17:avrcp_target_pack_single_element_attribute_string_fragment	32	static
avrcp_target.c:135:12:avrcp_target_abort_continue_response	24	static
avrcp_target.c:170:12:avrcp_target_send_now_playing_info	80	static
avrcp_target.c:302:12:avrcp_target_send_response	24	static
avrcp_target.c:331:13:avrcp_target_response_setup	16	static
avrcp_target.c:339:16:avrcp_target_response_accept	32	static
avrcp_target.c:356:16:avrcp_target_response_reject	32	static
avrcp_target.c:373:16:avrcp_target_response_not_implemented	32	static
avrcp_target.c:390:16:avrcp_target_response_vendor_dependent_interim	32	static
avrcp_target.c:410:16:avrcp_target_response_addressed_player_changed_interim	32	static
avrcp_target.c:432:16:avrcp_target_pass_through_response	40	static
avrcp_target.c:453:9:avrcp_target_operation_rejected	32	static
avrcp_target.c:457:9:avrcp_target_operation_accepted	32	static
avrcp_target.c:461:9:avrcp_target_operation_not_implemented	32	static
avrcp_target.c:465:6:avrcp_target_set_unit_info	24	static
avrcp_target.c:475:6:avrcp_target_set_subunit_info	32	static
avrcp_target.c:486:16:avrcp_target_unit_info	24	static
avrcp_target.c:507:16:avrcp_target_subunit_info	24	static
avrcp_target.c:529:23:avrcp_prepare_vendor_dependent_response	24	static
avrcp_target.c:551:16:avrcp_target_capability	24	static
avrcp_target.c:567:9:avrcp_target_supported_events	24	static
avrcp_target.c:571:9:avrcp_target_supported_companies	24	static
avrcp_target.c:575:9:avrcp_target_play_status	32	static
avrcp_target.c:591:16:avrcp_target_now_playing_info	16	static
avrcp_target.c:604:16:avrcp_target_store_media_attr	32	static
avrcp_target.c:612:9:avrcp_target_set_playback_status	24	static
avrcp_target.c:626:6:avrcp_target_set_now_playing_info	32	static
avrcp_target.c:654:9:avrcp_target_track_changed	24	static
avrcp_target.c:670:9:avrcp_target_playing_content_changed	24	static
avrcp_target.c:683:9:avrcp_target_addressed_player_changed	24	static
avrcp_target.c:696:9:avrcp_target_battery_status_changed	24	static
avrcp_target.c:711:9:avrcp_target_volume_changed	24	static
avrcp_target.c:725:13:avrcp_target_set_transaction_label_for_notification	16	static
avrcp_target.c:730:16:avrcp_target_get_transaction_label_for_notification	16	static
avrcp_target.c:735:18:avrcp_get_company_id	16	static
avrcp_target.c:740:18:avrcp_get_pdu	16	static
avrcp_target.c:745:16:avrcp_is_receive_pass_through_cmd	16	static
avrcp_target.c:749:13:avrcp_handle_l2cap_data_packet_for_signaling_connection	112	static
avrcp_target.c:1009:12:avrcp_target_send_notification	32	static
avrcp_target.c:1061:13:avrcp_target_reset_notification	16	static
avrcp_target.c:1071:13:avrcp_target_packet_handler	48	static
avrcp_target.c:1176:6:avrcp_target_init	8	static
avrcp_target.c:1182:6:avrcp_target_deinit	8	static
avrcp_target.c:1186:6:avrcp_target_register_packet_handler	16	static
avrcp_target.c:1191:6:avrcp_target_register_set_addressed_player_handler	16	static
