btstack_event.h:68:23:hci_event_packet_get_type	16	static
avrcp_controller.c:53:16:avrcp_controller_calc_next_transaction_label	16	static
avrcp_controller.c:61:16:avrcp_controller_get_next_transaction_label	16	static
avrcp_controller.c:66:13:avrcp_controller_is_transaction_id_valid	24	static
avrcp_controller.c:71:17:avrcp_get_max_payload_size_for_packet_type	16	static
avrcp_controller.c:86:12:avrcp_controller_supports_browsing	16	static
avrcp_controller.c:90:13:avrcp_controller_emit_notification_for_event_id	144	static
avrcp_controller.c:244:13:avrcp_controller_emit_repeat_and_shuffle_mode	40	static
avrcp_controller.c:260:13:avrcp_controller_emit_now_playing_info_event_done	40	static
avrcp_controller.c:273:13:avrcp_controller_emit_now_playing_info_event	304	static
avrcp_controller.c:339:13:avrcp_controller_emit_operation_status	40	static
avrcp_controller.c:354:13:avrcp_parser_reset	16	static
avrcp_controller.c:363:13:avrcp_parser_process_byte	40	static
avrcp_controller.c:435:13:avrcp_controller_parse_and_emit_element_attrs	32	static
avrcp_controller.c:443:12:avrcp_send_cmd	56	static
avrcp_controller.c:491:12:avrcp_send_register_notification	40	static
avrcp_controller.c:516:13:avrcp_press_and_hold_timeout_handler	24	static
avrcp_controller.c:525:13:avrcp_press_and_hold_timer_start	16	static
avrcp_controller.c:533:13:avrcp_press_and_hold_timer_stop	16	static
avrcp_controller.c:539:16:avrcp_controller_request_pass_through_release_control_cmd	16	static
avrcp_controller.c:550:23:avrcp_controller_request_pass_through_press_control_cmd	48	static
avrcp_controller.c:587:16:request_single_pass_through_press_control_cmd	16	static
avrcp_controller.c:591:16:request_continuous_pass_through_press_control_cmd	16	static
avrcp_controller.c:595:12:avrcp_controller_register_notification	16	static
avrcp_controller.c:604:16:avrcp_controller_request_abort_continuation	24	static
avrcp_controller.c:626:16:avrcp_controller_request_continue_response	24	static
avrcp_controller.c:647:13:avrcp_controller_handle_notification	32	static
avrcp_controller.c:678:13:avrcp_handle_l2cap_data_packet_for_signaling_connection	184	static
avrcp_controller.c:997:13:avrcp_controller_handle_can_send_now	32	static
avrcp_controller.c:1038:13:avrcp_controller_packet_handler	32	static
avrcp_controller.c:1061:6:avrcp_controller_create_sdp_record	40	static
avrcp_controller.c:1065:6:avrcp_controller_init	8	static
avrcp_controller.c:1071:6:avrcp_controller_deinit	8	static
avrcp_controller.c:1075:6:avrcp_controller_register_packet_handler	16	static
avrcp_controller.c:1081:9:avrcp_controller_play	16	static
avrcp_controller.c:1085:9:avrcp_controller_stop	16	static
avrcp_controller.c:1089:9:avrcp_controller_pause	16	static
avrcp_controller.c:1093:9:avrcp_controller_forward	16	static
avrcp_controller.c:1097:9:avrcp_controller_backward	16	static
avrcp_controller.c:1101:9:avrcp_controller_volume_up	16	static
avrcp_controller.c:1105:9:avrcp_controller_volume_down	16	static
avrcp_controller.c:1109:9:avrcp_controller_mute	16	static
avrcp_controller.c:1113:9:avrcp_controller_skip	16	static
avrcp_controller.c:1117:9:avrcp_controller_fast_forward	16	static
avrcp_controller.c:1121:9:avrcp_controller_rewind	16	static
avrcp_controller.c:1127:9:avrcp_controller_press_and_hold_play	16	static
avrcp_controller.c:1130:9:avrcp_controller_press_and_hold_stop	16	static
avrcp_controller.c:1133:9:avrcp_controller_press_and_hold_pause	16	static
avrcp_controller.c:1136:9:avrcp_controller_press_and_hold_forward	16	static
avrcp_controller.c:1139:9:avrcp_controller_press_and_hold_backward	16	static
avrcp_controller.c:1142:9:avrcp_controller_press_and_hold_fast_forward	16	static
avrcp_controller.c:1145:9:avrcp_controller_press_and_hold_rewind	16	static
avrcp_controller.c:1148:9:avrcp_controller_press_and_hold_volume_up	16	static
avrcp_controller.c:1151:9:avrcp_controller_press_and_hold_volume_down	16	static
avrcp_controller.c:1154:9:avrcp_controller_press_and_hold_mute	16	static
avrcp_controller.c:1159:9:avrcp_controller_release_press_and_hold_cmd	24	static
avrcp_controller.c:1169:9:avrcp_controller_enable_notification	24	static
avrcp_controller.c:1179:9:avrcp_controller_disable_notification	24	static
avrcp_controller.c:1189:9:avrcp_controller_unit_info	24	static
avrcp_controller.c:1209:9:avrcp_controller_subunit_info	24	static
avrcp_controller.c:1230:16:avrcp_controller_get_capabilities	24	static
avrcp_controller.c:1254:9:avrcp_controller_get_supported_company_ids	16	static
avrcp_controller.c:1258:9:avrcp_controller_get_supported_events	16	static
avrcp_controller.c:1262:9:avrcp_controller_get_play_status	24	static
avrcp_controller.c:1284:9:avrcp_controller_set_addressed_player	24	static
avrcp_controller.c:1316:9:avrcp_controller_get_element_attributes	32	static
avrcp_controller.c:1363:9:avrcp_controller_get_now_playing_info	16	static
avrcp_controller.c:1367:9:avrcp_controller_set_absolute_volume	32	static
avrcp_controller.c:1421:9:avrcp_controller_query_shuffle_and_repeat_modes	24	static
avrcp_controller.c:1450:16:avrcp_controller_set_current_player_application_setting_value	24	static
avrcp_controller.c:1481:9:avrcp_controller_set_shuffle_mode	16	static
avrcp_controller.c:1486:9:avrcp_controller_set_repeat_mode	16	static
avrcp_controller.c:1491:9:avrcp_controller_play_item_for_scope	40	static
avrcp_controller.c:1531:9:avrcp_controller_add_item_from_scope_to_now_playing_list	40	static
avrcp_controller.c:1571:9:avrcp_controller_set_max_num_fragments	24	static
avrcp_controller.c:1581:9:avrcp_controller_send_custom_command	32	static
