btstack_event.h:68:23:hci_event_packet_get_type	16	static
btstack_event.h:1423:24:l2cap_event_can_send_now_get_local_cid	16	static
bnep.c:114:13:bnep_emit_open_channel_complete	64	static
bnep.c:133:13:bnep_emit_channel_timeout	48	static
bnep.c:150:13:bnep_emit_channel_closed	48	static
bnep.c:166:13:bnep_emit_ready_to_send	32	static
bnep.c:179:12:bnep_send_command_not_understood	32	static
bnep.c:209:12:bnep_send_connection_request	32	static
bnep.c:245:12:bnep_send_connection_response	32	static
bnep.c:275:12:bnep_send_filter_net_type_set	40	static
bnep.c:312:12:bnep_send_filter_net_type_response	32	static
bnep.c:343:12:bnep_send_filter_multi_addr_set	40	static
bnep.c:380:12:bnep_send_filter_multi_addr_response	32	static
bnep.c:409:5:bnep_can_send_packet_now	32	static
bnep.c:421:6:bnep_request_can_send_now_event	32	static
bnep.c:435:12:bnep_filter_protocol	24	static
bnep.c:454:12:bnep_filter_multicast	24	static
bnep.c:481:5:bnep_send	72	static
bnep.c:609:5:bnep_set_net_type_filter	32	static
bnep.c:642:5:bnep_set_multicast_filter	32	static
bnep.c:675:13:bnep_channel_timer_handler	24	static
bnep.c:695:13:bnep_channel_stop_timer	16	static
bnep.c:703:13:bnep_channel_start_timer	16	static
bnep.c:718:20:bnep_channel_state_add	16	static
bnep.c:721:20:bnep_channel_state_remove	16	static
bnep.c:725:17:bnep_max_frame_size_for_l2cap_mtu	32	static
bnep.c:736:25:bnep_channel_create_for_addr	24	static
bnep.c:759:24:bnep_channel_for_addr	24	static
bnep.c:771:25:bnep_channel_for_l2cap_cid	24	static
bnep.c:783:25:bnep_service_for_uuid	24	static
bnep.c:795:13:bnep_channel_free	16	static
bnep.c:801:13:bnep_channel_finalize	24	static
bnep.c:820:12:bnep_handle_connection_request	48	static
bnep.c:896:12:bnep_handle_connection_response	40	static
bnep.c:926:12:bnep_can_handle_extensions	16	static
bnep.c:937:12:bnep_handle_filter_net_type_set	48	static
bnep.c:994:12:bnep_handle_filter_net_type_response	40	static
bnep.c:1021:12:bnep_handle_multi_addr_set	48	static
bnep.c:1080:12:bnep_handle_multi_addr_response	40	static
bnep.c:1107:12:bnep_handle_ethernet_packet	40	static
bnep.c:1136:12:bnep_handle_control_packet	48	static
bnep.c:1214:12:bnep_hci_event_handler	48	static
bnep.c:1350:12:bnep_l2cap_packet_handler	64	static
bnep.c:1485:6:bnep_packet_handler	24	static
bnep.c:1499:13:bnep_channel_state_machine	24	static
bnep.c:1570:13:bnep_handle_can_send_now	32	static
bnep.c:1591:6:bnep_init	8	static
bnep.c:1598:6:bnep_deinit	4	static
bnep.c:1601:6:bnep_set_required_security_level	16	static
bnep.c:1606:5:bnep_connect	40	static
bnep.c:1627:6:bnep_disconnect	24	static
bnep.c:1638:9:bnep_register_service	32	static
bnep.c:1677:6:bnep_unregister_service	32	static
