btstack_event.h:68:23:hci_event_packet_get_type	16	static
btstack_event.h:1629:23:rfcomm_event_channel_opened_get_status	16	static
btstack_event.h:1674:24:rfcomm_event_channel_opened_get_max_frame_size	16	static
btstack_event.h:1779:23:sdp_event_query_complete_get_status	16	static
btstack_event.h:1817:24:sdp_event_query_attribute_byte_get_attribute_id	16	static
btstack_event.h:1826:24:sdp_event_query_attribute_byte_get_attribute_length	16	static
btstack_event.h:1835:24:sdp_event_query_attribute_byte_get_data_offset	16	static
btstack_event.h:1844:23:sdp_event_query_attribute_byte_get_data	16	static
goep_client.c:118:20:goep_client_emit_connected_event	56	static
goep_client.c:137:20:goep_client_emit_connection_closed_event	48	static
goep_client.c:150:20:goep_client_emit_can_send_now_event	48	static
goep_client.c:163:13:goep_client_handle_connection_opened	24	static
goep_client.c:175:13:goep_client_handle_connection_close	16	static
goep_client.c:180:13:goep_client_packet_handler	40	static
goep_client.c:221:13:goep_client_handle_sdp_query_event	88	static
goep_client.c:349:18:goep_client_get_outgoing_buffer	16	static
goep_client.c:357:17:goep_client_get_outgoing_buffer_len	16	static
goep_client.c:365:13:goep_client_packet_init	24	static
goep_client.c:376:6:goep_client_init	8	static
goep_client.c:383:6:goep_client_deinit	4	static
goep_client.c:386:9:goep_client_create_connection	32	static
goep_client.c:400:10:goep_client_get_pbap_supported_features	24	static
goep_client.c:406:9:goep_client_disconnect	24	static
goep_client.c:413:6:goep_client_set_connection_id	24	static
goep_client.c:419:9:goep_client_get_request_opcode	24	static
goep_client.c:425:6:goep_client_request_can_send_now	24	static
goep_client.c:435:6:goep_client_request_create_connect	48	static
goep_client.c:448:6:goep_client_request_create_get	32	static
goep_client.c:458:6:goep_client_request_create_put	32	static
goep_client.c:468:6:goep_client_request_create_set_path	32	static
goep_client.c:478:6:goep_client_request_create_abort	32	static
goep_client.c:488:6:goep_client_request_create_disconnect	32	static
goep_client.c:498:6:goep_client_header_add_byte	32	static
goep_client.c:507:6:goep_client_header_add_word	32	static
goep_client.c:516:6:goep_client_header_add_variable	48	static
goep_client.c:525:6:goep_client_header_add_srm_enable	32	static
goep_client.c:534:6:goep_client_header_add_target	32	static
goep_client.c:543:6:goep_client_header_add_application_parameters	32	static
goep_client.c:552:6:goep_client_header_add_challenge_response	32	static
goep_client.c:561:6:goep_client_body_add_static	40	static
goep_client.c:570:6:goep_client_header_add_name	32	static
goep_client.c:579:6:goep_client_header_add_type	32	static
goep_client.c:588:5:goep_client_execute	32	static
