btstack_event.h:68:23:hci_event_packet_get_type	16	static
btstack_event.h:310:20:hci_event_connection_request_get_bd_addr	16	static
btstack_event.h:328:23:hci_event_connection_request_get_link_type	16	static
btstack_event.h:562:23:hci_event_command_status_get_status	16	static
btstack_event.h:580:24:hci_event_command_status_get_command_opcode	16	static
btstack_event.h:834:23:hci_event_synchronous_connection_complete_get_status	16	static
btstack_event.h:843:32:hci_event_synchronous_connection_complete_get_handle	16	static
btstack_event.h:852:20:hci_event_synchronous_connection_complete_get_bd_addr	16	static
btstack_event.h:861:23:hci_event_synchronous_connection_complete_get_link_type	16	static
btstack_event.h:870:23:hci_event_synchronous_connection_complete_get_transmission_interval	16	static
btstack_event.h:879:23:hci_event_synchronous_connection_complete_get_retransmission_interval	16	static
btstack_event.h:888:24:hci_event_synchronous_connection_complete_get_rx_packet_length	16	static
btstack_event.h:897:24:hci_event_synchronous_connection_complete_get_tx_packet_length	16	static
btstack_event.h:906:23:hci_event_synchronous_connection_complete_get_air_mode	16	static
btstack_event.h:1629:23:rfcomm_event_channel_opened_get_status	16	static
btstack_event.h:1638:20:rfcomm_event_channel_opened_get_bd_addr	16	static
btstack_event.h:1647:24:rfcomm_event_channel_opened_get_con_handle	16	static
btstack_event.h:1665:24:rfcomm_event_channel_opened_get_rfcomm_cid	16	static
btstack_event.h:1703:20:rfcomm_event_incoming_connection_get_bd_addr	16	static
btstack_event.h:1721:24:rfcomm_event_incoming_connection_get_rfcomm_cid	16	static
btstack_event.h:1779:23:sdp_event_query_complete_get_status	16	static
btstack_event.h:1789:23:sdp_event_query_rfcomm_service_get_rfcomm_channel	16	static
hfp.c:159:14:hfp_enhanced_call_dir2str	16	static
hfp.c:164:14:hfp_enhanced_call_status2str	16	static
hfp.c:169:14:hfp_enhanced_call_mode2str	16	static
hfp.c:174:14:hfp_enhanced_call_mpty2str	16	static
hfp.c:179:17:hfp_parse_indicator_index	24	static
hfp.c:197:13:hfp_next_indicators_index	16	static
hfp.c:205:13:hfp_next_codec_index	16	static
hfp.c:213:13:hfp_next_remote_call_services_index	16	static
hfp.c:221:14:hfp_hf_feature	16	static
hfp.c:228:14:hfp_ag_feature	16	static
hfp.c:235:5:send_str_over_rfcomm	32	static
hfp.c:249:5:hfp_supports_codec	32	static
hfp.c:262:6:hfp_hf_drop_mSBC_if_eSCO_not_supported	40	static
hfp.c:276:5:get_bit	16	static
hfp.c:280:5:store_bit	24	static
hfp.c:289:5:join	32	static
hfp.c:302:5:join_bitmap	40	static
hfp.c:317:13:hfp_emit_event_for_context	40	static
hfp.c:333:6:hfp_emit_simple_event	24	static
hfp.c:341:6:hfp_emit_event	24	static
hfp.c:350:6:hfp_emit_slc_connection_event	40	static
hfp.c:364:6:hfp_emit_sco_event	48	static
hfp.c:379:6:hfp_emit_string_event	72	static
hfp.c:390:25:hfp_get_connections	4	static
hfp.c:394:20:get_hfp_connection_context_for_rfcomm_cid	32	static
hfp.c:406:20:get_hfp_connection_context_for_bd_addr	32	static
hfp.c:418:20:get_hfp_connection_context_for_sco_handle	32	static
hfp.c:430:20:get_hfp_connection_context_for_acl_handle	32	static
hfp.c:442:6:hfp_reset_context_flags	16	static
hfp.c:466:27:create_hfp_connection_context	16	static
hfp.c:486:13:remove_hfp_connection_context	16	static
hfp.c:491:27:provide_hfp_connection_context_for_bd_addr	48	static
hfp.c:524:6:hfp_create_sdp_record	40	static
hfp.c:588:13:handle_query_rfcomm_event	48	static
hfp.c:642:12:hfp_handle_failed_sco_connection	32	static
hfp.c:684:6:hfp_handle_hci_event	104	static
hfp.c:828:6:hfp_handle_rfcomm_event	40	static
hfp.c:978:22:parse_command	40	static
hfp.c:1028:13:hfp_parser_store_byte	16	static
hfp.c:1033:12:hfp_parser_is_buffer_empty	16	static
hfp.c:1037:12:hfp_parser_is_end_of_line	16	static
hfp.c:1041:13:hfp_parser_reset_line_buffer	16	static
hfp.c:1045:13:hfp_parser_store_if_token	16	static
hfp.c:1061:13:hfp_parser_is_separator	16	static
hfp.c:1074:13:hfp_parse_byte	48	static
hfp.c:1268:6:hfp_parse	32	static
hfp.c:1280:13:parse_sequence	48	static
hfp.c:1518:13:hfp_handle_start_sdp_client_query	32	static
hfp.c:1536:6:hfp_establish_service_level_connection	32	static
hfp.c:1565:6:hfp_release_service_level_connection	16	static
hfp.c:1593:6:hfp_release_audio_connection	16	static
hfp.c:1616:6:hfp_setup_synchronous_connection	56	static
hfp.c:1684:6:hfp_set_hf_callback	16	static
hfp.c:1688:6:hfp_set_ag_callback	16	static
hfp.c:1692:6:hfp_set_ag_rfcomm_packet_handler	16	static
hfp.c:1696:6:hfp_set_hf_rfcomm_packet_handler	16	static
hfp.c:1700:6:hfp_init	4	static
hfp.c:1704:6:hfp_deinit	8	static
hfp.c:1715:6:hfp_set_sco_packet_types	16	static
hfp.c:1719:10:hfp_get_sco_packet_types	4	static
hfp.c:1723:21:hfp_next_link_setting	24	static
hfp.c:1745:28:hfp_next_link_setting_for_connection	40	static
hfp.c:1752:6:hfp_init_link_settings	24	static
hfp.c:1760:6:hfp_log_rfcomm_message	128	static
