btstack_event.h:1769:24:rfcomm_event_can_send_now_get_rfcomm_cid	16	static
hfp_hf.c:92:12:has_codec_negotiation_feature	24	static
hfp_hf.c:98:12:has_call_waiting_and_3way_calling_feature	24	static
hfp_hf.c:105:12:has_hf_indicators_feature	24	static
hfp_hf.c:112:27:get_hfp_hf_connection_context_for_acl_handle	32	static
hfp_hf.c:126:13:hfp_hf_emit_subscriber_information	64	static
hfp_hf.c:140:13:hfp_hf_emit_type_and_number	64	static
hfp_hf.c:153:13:hfp_hf_emit_enhanced_call_status	72	static
hfp_hf.c:174:13:hfp_emit_ag_indicator_event	64	static
hfp_hf.c:194:13:hfp_emit_network_operator_event	48	static
hfp_hf.c:209:19:hfp_hf_send_cmd	40	static
hfp_hf.c:215:19:hfp_hf_send_cmd_with_mark	56	static
hfp_hf.c:221:19:hfp_hf_send_cmd_with_int	64	static
hfp_hf.c:227:12:hfp_hf_cmd_notify_on_codecs	56	static
hfp_hf.c:236:12:hfp_hf_cmd_activate_status_update_for_ag_indicator	88	static
hfp_hf.c:245:12:hfp_hf_cmd_list_supported_generic_status_indicators	56	static
hfp_hf.c:254:12:hfp_hf_cmd_activate_status_update_for_all_ag_indicators	48	static
hfp_hf.c:260:12:hfp_hf_initiate_outgoing_call_cmd	64	static
hfp_hf.c:266:12:hfp_hf_send_memory_dial_cmd	64	static
hfp_hf.c:272:12:hfp_hf_send_chld	64	static
hfp_hf.c:278:12:hfp_hf_send_dtmf	48	static
hfp_hf.c:284:12:hfp_hf_cmd_ata	16	static
hfp_hf.c:288:12:hfp_hf_cmd_exchange_supported_features	16	static
hfp_hf.c:292:12:hfp_hf_cmd_retrieve_indicators	16	static
hfp_hf.c:296:12:hfp_hf_cmd_retrieve_indicators_status	16	static
hfp_hf.c:300:12:hfp_hf_cmd_retrieve_can_hold_call	16	static
hfp_hf.c:304:12:hfp_hf_cmd_retrieve_supported_generic_status_indicators	16	static
hfp_hf.c:308:12:hfp_hf_cmd_list_initital_supported_generic_status_indicators	16	static
hfp_hf.c:312:12:hfp_hf_cmd_query_operator_name_format	16	static
hfp_hf.c:316:12:hfp_hf_cmd_query_operator_name	16	static
hfp_hf.c:320:12:hfp_hf_cmd_trigger_codec_connection_setup	16	static
hfp_hf.c:324:12:hfp_hf_set_microphone_gain_cmd	16	static
hfp_hf.c:328:12:hfp_hf_set_speaker_gain_cmd	16	static
hfp_hf.c:332:12:hfp_hf_set_calling_line_notification_cmd	16	static
hfp_hf.c:336:12:hfp_hf_set_echo_canceling_and_noise_reduction_cmd	16	static
hfp_hf.c:340:12:hfp_hf_set_voice_recognition_notification_cmd	16	static
hfp_hf.c:344:12:hfp_hf_set_call_waiting_notification_cmd	16	static
hfp_hf.c:348:12:hfp_hf_cmd_confirm_codec	16	static
hfp_hf.c:352:12:hfp_hf_cmd_enable_extended_audio_gateway_error_report	16	static
hfp_hf.c:356:12:hfp_hf_send_redial_last_number_cmd	16	static
hfp_hf.c:360:12:hfp_hf_send_chup	16	static
hfp_hf.c:364:12:hfp_hf_send_binp	16	static
hfp_hf.c:368:12:hfp_hf_send_clcc	16	static
hfp_hf.c:374:12:hfp_hf_run_for_context_service_level_connection	24	static
hfp_hf.c:425:12:hfp_hf_run_for_context_service_level_connection_queries	24	static
hfp_hf.c:470:12:codecs_exchange_state_machine	16	static
hfp_hf.c:501:12:hfp_hf_run_for_audio_connection	24	static
hfp_hf.c:530:12:call_setup_state_machine	16	static
hfp_hf.c:542:13:hfp_hf_run_for_context	136	static
hfp_hf.c:885:13:hfp_ag_slc_established	24	static
hfp_hf.c:905:13:hfp_hf_handle_suggested_codec	24	static
hfp_hf.c:925:13:hfp_hf_switch_on_ok	32	static
hfp_hf.c:1028:13:hfp_hf_handle_transfer_ag_indicator_status	56	static
hfp_hf.c:1048:13:hfp_hf_handle_rfcomm_command	56	static
hfp_hf.c:1137:12:hfp_parser_is_end_of_line	16	static
hfp_hf.c:1141:13:hfp_hf_handle_rfcomm_data	32	static
hfp_hf.c:1167:13:hfp_hf_run	24	static
hfp_hf.c:1177:13:hfp_hf_rfcomm_packet_handler	40	static
hfp_hf.c:1196:13:hfp_hf_hci_event_packet_handler	32	static
hfp_hf.c:1201:6:hfp_hf_init	16	static
hfp_hf.c:1222:6:hfp_hf_deinit	8	static
hfp_hf.c:1229:6:hfp_hf_init_codecs	32	static
hfp_hf.c:1242:6:hfp_hf_init_supported_features	16	static
hfp_hf.c:1246:6:hfp_hf_init_hf_indicators	24	static
hfp_hf.c:1254:6:hfp_hf_establish_service_level_connection	16	static
hfp_hf.c:1258:6:hfp_hf_release_service_level_connection	32	static
hfp_hf.c:1268:13:hfp_hf_set_status_update_for_all_ag_indicators	32	static
hfp_hf.c:1278:6:hfp_hf_enable_status_update_for_all_ag_indicators	16	static
hfp_hf.c:1282:6:hfp_hf_disable_status_update_for_all_ag_indicators	16	static
hfp_hf.c:1287:6:hfp_hf_set_status_update_for_individual_ag_indicators	32	static
hfp_hf.c:1298:6:hfp_hf_query_operator_selection	32	static
hfp_hf.c:1317:13:hfp_hf_set_report_extended_audio_gateway_error_result_code	32	static
hfp_hf.c:1328:6:hfp_hf_enable_report_extended_audio_gateway_error_result_code	16	static
hfp_hf.c:1332:6:hfp_hf_disable_report_extended_audio_gateway_error_result_code	16	static
hfp_hf.c:1336:16:hfp_hf_esco_s4_supported	16	static
hfp_hf.c:1340:6:hfp_hf_establish_audio_connection	32	static
hfp_hf.c:1378:6:hfp_hf_release_audio_connection	32	static
hfp_hf.c:1388:6:hfp_hf_answer_incoming_call	32	static
hfp_hf.c:1403:6:hfp_hf_terminate_call	32	static
hfp_hf.c:1413:6:hfp_hf_reject_incoming_call	32	static
hfp_hf.c:1426:6:hfp_hf_user_busy	32	static
hfp_hf.c:1439:6:hfp_hf_end_active_and_accept_other	32	static
hfp_hf.c:1453:6:hfp_hf_swap_calls	32	static
hfp_hf.c:1467:6:hfp_hf_join_held_call	32	static
hfp_hf.c:1481:6:hfp_hf_connect_calls	32	static
hfp_hf.c:1495:6:hfp_hf_release_call_with_index	32	static
hfp_hf.c:1510:6:hfp_hf_private_consultation_with_call	32	static
hfp_hf.c:1525:6:hfp_hf_dial_number	32	static
hfp_hf.c:1537:6:hfp_hf_dial_memory	32	static
hfp_hf.c:1550:6:hfp_hf_redial_last_number	32	static
hfp_hf.c:1561:6:hfp_hf_activate_call_waiting_notification	32	static
hfp_hf.c:1573:6:hfp_hf_deactivate_call_waiting_notification	32	static
hfp_hf.c:1585:6:hfp_hf_activate_calling_line_notification	32	static
hfp_hf.c:1596:6:hfp_hf_deactivate_calling_line_notification	32	static
hfp_hf.c:1608:6:hfp_hf_activate_echo_canceling_and_noise_reduction	32	static
hfp_hf.c:1619:6:hfp_hf_deactivate_echo_canceling_and_noise_reduction	32	static
hfp_hf.c:1630:6:hfp_hf_activate_voice_recognition_notification	32	static
hfp_hf.c:1641:6:hfp_hf_deactivate_voice_recognition_notification	32	static
hfp_hf.c:1652:6:hfp_hf_set_microphone_gain	32	static
hfp_hf.c:1669:6:hfp_hf_set_speaker_gain	32	static
hfp_hf.c:1686:6:hfp_hf_send_dtmf_code	32	static
hfp_hf.c:1697:6:hfp_hf_request_phone_number_for_voice_tag	32	static
hfp_hf.c:1707:6:hfp_hf_query_current_call_status	32	static
hfp_hf.c:1718:6:hfp_hf_rrh_query_status	32	static
hfp_hf.c:1729:6:hfp_hf_rrh_hold_call	32	static
hfp_hf.c:1740:6:hfp_hf_rrh_accept_held_call	32	static
hfp_hf.c:1751:6:hfp_hf_rrh_reject_held_call	32	static
hfp_hf.c:1762:6:hfp_hf_query_subscriber_number	32	static
hfp_hf.c:1772:6:hfp_hf_set_hf_indicator	40	static
hfp_hf.c:1795:5:hfp_hf_in_band_ringtone_active	32	static
hfp_hf.c:1804:6:hfp_hf_create_sdp_record	40	static
hfp_hf.c:1825:6:hfp_hf_register_packet_handler	16	static
