btstack_event.h:1769:24:rfcomm_event_can_send_now_get_rfcomm_cid	16	static
hfp_ag.c:112:13:hfp_ag_emit_simple_event	32	static
hfp_ag.c:121:12:hfp_ag_get_ag_indicators_nr	16	static
hfp_ag.c:130:22:hfp_ag_get_ag_indicators	16	static
hfp_ag.c:140:29:get_ag_indicator_for_name	24	static
hfp_ag.c:150:12:get_ag_indicator_index_for_name	24	static
hfp_ag.c:160:27:get_hfp_ag_connection_context_for_acl_handle	32	static
hfp_ag.c:172:12:use_in_band_tone	8	static
hfp_ag.c:176:12:has_codec_negotiation_feature	24	static
hfp_ag.c:182:12:has_call_waiting_and_3way_calling_feature	24	static
hfp_ag.c:188:12:has_hf_indicators_feature	24	static
hfp_ag.c:196:12:hfp_ag_send_change_in_band_ring_tone_setting_cmd	40	static
hfp_ag.c:202:12:hfp_ag_exchange_supported_features_cmd	56	static
hfp_ag.c:208:12:hfp_ag_send_ok	32	static
hfp_ag.c:214:12:hfp_ag_send_ring	16	static
hfp_ag.c:218:12:hfp_ag_send_clip	88	static
hfp_ag.c:224:12:hfp_send_subscriber_number_cmd	80	static
hfp_ag.c:230:12:hfp_ag_send_phone_number_for_voice_tag_cmd	72	static
hfp_ag.c:236:12:hfp_ag_send_call_waiting_notification	88	static
hfp_ag.c:242:12:hfp_ag_send_error	32	static
hfp_ag.c:248:12:hfp_ag_send_report_extended_audio_gateway_error	40	static
hfp_ag.c:255:12:hfp_ag_indicators_string_size	24	static
hfp_ag.c:263:13:hfp_ag_indicators_string_store	40	static
hfp_ag.c:271:12:hfp_ag_indicators_cmd_generator_num_segments	24	static
hfp_ag.c:278:12:hfp_ag_indicators_cmd_generator_get_segment_len	24	static
hfp_ag.c:294:13:hgp_ag_indicators_cmd_generator_store_segment	40	static
hfp_ag.c:318:12:hfp_hf_indicators_join	24	static
hfp_ag.c:331:12:hfp_hf_indicators_initial_status_join	40	static
hfp_ag.c:341:12:hfp_ag_indicators_status_join	32	static
hfp_ag.c:354:12:hfp_ag_call_services_join	24	static
hfp_ag.c:367:12:hfp_ag_send_cmd_via_generator	48	static
hfp_ag.c:393:12:hfp_ag_send_retrieve_indicators_cmd_via_generator	40	static
hfp_ag.c:399:12:hfp_ag_send_retrieve_indicators_status_cmd	64	static
hfp_ag.c:408:12:hfp_ag_send_retrieve_can_hold_call_cmd	64	static
hfp_ag.c:418:12:hfp_ag_send_list_supported_generic_status_indicators_cmd	16	static
hfp_ag.c:422:12:hfp_ag_send_retrieve_supported_generic_status_indicators_cmd	64	static
hfp_ag.c:431:12:hfp_ag_send_retrieve_initital_supported_generic_status_indicators_cmd	64	static
hfp_ag.c:438:12:hfp_ag_send_transfer_ag_indicators_status_cmd	48	static
hfp_ag.c:444:12:hfp_ag_send_report_network_operator_name_cmd	80	static
hfp_ag.c:456:19:hfp_ag_send_cmd_with_int	56	static
hfp_ag.c:462:12:hfp_ag_send_suggest_codec_cmd	16	static
hfp_ag.c:466:12:hfp_ag_send_activate_voice_recognition_cmd	16	static
hfp_ag.c:470:12:hfp_ag_send_set_speaker_gain_cmd	16	static
hfp_ag.c:474:12:hfp_ag_send_set_microphone_gain_cmd	16	static
hfp_ag.c:478:12:hfp_ag_send_set_response_and_hold	16	static
hfp_ag.c:482:16:hfp_ag_suggest_codec	16	static
hfp_ag.c:495:16:hfp_ag_esco_s4_supported	16	static
hfp_ag.c:499:12:codecs_exchange_state_machine	24	static
hfp_ag.c:571:13:hfp_ag_slc_established	16	static
hfp_ag.c:586:12:hfp_ag_run_for_context_service_level_connection	40	static
hfp_ag.c:695:12:hfp_ag_run_for_context_service_level_connection_queries	40	static
hfp_ag.c:745:12:hfp_ag_run_for_audio_connection	24	static
hfp_ag.c:773:27:hfp_ag_context_for_timer	32	static
hfp_ag.c:786:13:hfp_timeout_handler	32	static
hfp_ag.c:800:13:hfp_timeout_start	16	static
hfp_ag.c:807:13:hfp_timeout_stop	24	static
hfp_ag.c:816:13:hfp_ag_hf_start_ringing	16	static
hfp_ag.c:829:13:hfp_ag_hf_stop_ringing	16	static
hfp_ag.c:836:13:hfp_ag_trigger_incoming_call	32	static
hfp_ag.c:857:13:hfp_ag_transfer_indicator	40	static
hfp_ag.c:872:13:hfp_ag_transfer_callsetup_state	8	static
hfp_ag.c:876:13:hfp_ag_transfer_call_state	8	static
hfp_ag.c:880:13:hfp_ag_transfer_callheld_state	8	static
hfp_ag.c:884:13:hfp_ag_hf_accept_call	40	static
hfp_ag.c:917:13:hfp_ag_ag_accept_call	32	static
hfp_ag.c:940:13:hfp_ag_trigger_reject_call	32	static
hfp_ag.c:956:13:hfp_ag_trigger_terminate_call	32	static
hfp_ag.c:976:13:hfp_ag_set_callsetup_indicator	16	static
hfp_ag.c:985:13:hfp_ag_set_callheld_indicator	16	static
hfp_ag.c:994:13:hfp_ag_set_call_indicator	16	static
hfp_ag.c:1003:13:hfp_ag_stop_ringing	24	static
hfp_ag.c:1015:27:hfp_ag_connection_for_call_state	32	static
hfp_ag.c:1026:13:hfp_ag_send_response_and_hold_state	32	static
hfp_ag.c:1036:12:call_setup_state_machine	24	static
hfp_ag.c:1066:13:hfp_ag_handle_reject_incoming_call	16	static
hfp_ag.c:1080:13:hfp_ag_call_sm	56	static
hfp_ag.c:1559:13:hfp_ag_send_call_status	184	static
hfp_ag.c:1585:12:hfp_ag_send_commands	48	static
hfp_ag.c:1711:13:hfp_ag_run_for_context	32	static
hfp_ag.c:1824:40:get_hf_indicator_by_number	24	static
hfp_ag.c:1835:12:hfp_parser_is_end_of_line	16	static
hfp_ag.c:1839:13:hfp_ag_handle_rfcomm_data	48	static
hfp_ag.c:2035:13:hfp_ag_run	24	static
hfp_ag.c:2045:13:hfp_ag_rfcomm_packet_handler	40	static
hfp_ag.c:2065:13:hfp_ag_hci_event_packet_handler	32	static
hfp_ag.c:2070:6:hfp_ag_init_codecs	32	static
hfp_ag.c:2082:6:hfp_ag_init_supported_features	16	static
hfp_ag.c:2086:6:hfp_ag_init_ag_indicators	16	static
hfp_ag.c:2092:6:hfp_ag_init_hf_indicators	16	static
hfp_ag.c:2099:6:hfp_ag_init_call_hold_services	16	static
hfp_ag.c:2106:6:hfp_ag_init	16	static
hfp_ag.c:2128:6:hfp_ag_deinit	8	static
hfp_ag.c:2137:6:hfp_ag_establish_service_level_connection	16	static
hfp_ag.c:2141:6:hfp_ag_release_service_level_connection	32	static
hfp_ag.c:2151:6:hfp_ag_report_extended_audio_gateway_error_result_code	32	static
hfp_ag.c:2165:13:hfp_ag_setup_audio_connection	24	static
hfp_ag.c:2186:6:hfp_ag_establish_audio_connection	32	static
hfp_ag.c:2198:6:hfp_ag_release_audio_connection	32	static
hfp_ag.c:2211:6:hfp_ag_set_use_in_band_ring_tone	32	static
hfp_ag.c:2230:6:hfp_ag_incoming_call	8	static
hfp_ag.c:2237:6:hfp_ag_set_clip	16	static
hfp_ag.c:2241:6:hfp_ag_call_dropped	8	static
hfp_ag.c:2246:6:hfp_ag_answer_incoming_call	8	static
hfp_ag.c:2250:6:hfp_ag_join_held_call	8	static
hfp_ag.c:2254:6:hfp_ag_terminate_call	8	static
hfp_ag.c:2258:6:hfp_ag_outgoing_call_ringing	8	static
hfp_ag.c:2262:6:hfp_ag_outgoing_call_established	8	static
hfp_ag.c:2266:6:hfp_ag_outgoing_call_rejected	8	static
hfp_ag.c:2270:6:hfp_ag_outgoing_call_accepted	8	static
hfp_ag.c:2274:6:hfp_ag_hold_incoming_call	8	static
hfp_ag.c:2278:6:hfp_ag_accept_held_incoming_call	8	static
hfp_ag.c:2282:6:hfp_ag_reject_held_incoming_call	8	static
hfp_ag.c:2286:13:hfp_ag_set_ag_indicator	48	static
hfp_ag.c:2307:6:hfp_ag_set_registration_status	16	static
hfp_ag.c:2311:6:hfp_ag_set_signal_strength	16	static
hfp_ag.c:2315:6:hfp_ag_set_roaming_status	16	static
hfp_ag.c:2319:6:hfp_ag_set_battery_level	16	static
hfp_ag.c:2323:6:hfp_ag_activate_voice_recognition	32	static
hfp_ag.c:2345:6:hfp_ag_set_microphone_gain	32	static
hfp_ag.c:2359:6:hfp_ag_set_speaker_gain	32	static
hfp_ag.c:2372:6:hfp_ag_send_phone_number_for_voice_tag	32	static
hfp_ag.c:2382:6:hfp_ag_reject_phone_number_for_voice_tag	32	static
hfp_ag.c:2391:6:hfp_ag_send_dtmf_code_done	32	static
hfp_ag.c:2400:6:hfp_ag_set_subcriber_number_information	16	static
hfp_ag.c:2405:6:hfp_ag_clear_last_dialed_number	8	static
hfp_ag.c:2409:6:hfp_ag_notify_incoming_call_waiting	32	static
hfp_ag.c:2421:6:hfp_ag_create_sdp_record	40	static
hfp_ag.c:2449:6:hfp_ag_register_packet_handler	16	static
