hfp_gsm_model.c:76:13:set_callsetup_status	24	static
hfp_gsm_model.c:88:20:set_enhanced_call_status_active	16	static
hfp_gsm_model.c:94:20:set_enhanced_call_status_held	16	static
hfp_gsm_model.c:100:20:set_enhanced_call_status_response_hold	16	static
hfp_gsm_model.c:106:20:set_enhanced_call_status_initiated	16	static
hfp_gsm_model.c:120:12:get_enhanced_call_status	16	static
hfp_gsm_model.c:126:19:is_enhanced_call_status_active	16	static
hfp_gsm_model.c:131:19:is_enhanced_call_status_initiated	16	static
hfp_gsm_model.c:144:13:free_call_slot	16	static
hfp_gsm_model.c:149:6:hfp_gsm_init	16	static
hfp_gsm_model.c:161:6:hfp_gsm_deinit	4	static
hfp_gsm_model.c:164:12:get_number_calls_with_enhanced_status	24	static
hfp_gsm_model.c:172:12:get_call_index_with_enhanced_status	24	static
hfp_gsm_model.c:180:19:get_initiated_call_index	16	static
hfp_gsm_model.c:188:19:get_next_free_slot	16	static
hfp_gsm_model.c:196:19:get_active_call_index	8	static
hfp_gsm_model.c:200:19:get_held_call_index	8	static
hfp_gsm_model.c:204:19:get_response_held_call_index	8	static
hfp_gsm_model.c:208:19:get_number_none_calls	16	static
hfp_gsm_model.c:216:19:get_number_active_calls	8	static
hfp_gsm_model.c:220:19:get_number_held_calls	8	static
hfp_gsm_model.c:224:19:get_number_response_held_calls	8	static
hfp_gsm_model.c:228:12:next_call_index	8	static
hfp_gsm_model.c:232:13:hfp_gsm_set_clip	32	static
hfp_gsm_model.c:247:13:delete_call	24	static
hfp_gsm_model.c:263:13:create_call	24	static
hfp_gsm_model.c:276:5:hfp_gsm_get_number_of_calls	8	static
hfp_gsm_model.c:280:6:hfp_gsm_clear_last_dialed_number	8	static
hfp_gsm_model.c:284:8:hfp_gsm_last_dialed_number	4	static
hfp_gsm_model.c:288:18:hfp_gsm_call	24	static
hfp_gsm_model.c:299:9:hfp_gsm_clip_type	16	static
hfp_gsm_model.c:318:9:hfp_gsm_clip_number	16	static
hfp_gsm_model.c:338:19:hfp_gsm_call_status	16	static
hfp_gsm_model.c:345:23:hfp_gsm_callheld_status	8	static
hfp_gsm_model.c:356:24:hfp_gsm_callsetup_status	4	static
hfp_gsm_model.c:360:12:hfp_gsm_response_held_active	8	static
hfp_gsm_model.c:364:5:hfp_gsm_call_possible	8	static
hfp_gsm_model.c:368:6:hfp_gsm_handler	40	static
