btstack_event.h:68:23:hci_event_packet_get_type	16	static
btstack_event.h:1193:23:l2cap_event_channel_opened_get_status	16	static
btstack_event.h:1202:20:l2cap_event_channel_opened_get_address	16	static
btstack_event.h:1211:32:l2cap_event_channel_opened_get_handle	16	static
btstack_event.h:1302:24:l2cap_event_channel_closed_get_local_cid	16	static
btstack_event.h:1312:20:l2cap_event_incoming_connection_get_address	16	static
btstack_event.h:1321:32:l2cap_event_incoming_connection_get_handle	16	static
btstack_event.h:1330:24:l2cap_event_incoming_connection_get_psm	16	static
btstack_event.h:1339:24:l2cap_event_incoming_connection_get_local_cid	16	static
btstack_event.h:1423:24:l2cap_event_can_send_now_get_local_cid	16	static
btstack_event.h:1779:23:sdp_event_query_complete_get_status	16	static
btstack_event.h:1817:24:sdp_event_query_attribute_byte_get_attribute_id	16	static
btstack_event.h:1826:24:sdp_event_query_attribute_byte_get_attribute_length	16	static
btstack_event.h:1835:24:sdp_event_query_attribute_byte_get_data_offset	16	static
btstack_event.h:1844:23:sdp_event_query_attribute_byte_get_data	16	static
hid_host.c:79:17:hid_descriptor_storage_get_available_space	32	static
hid_host.c:92:32:hid_host_get_connection_for_hid_cid	32	static
hid_host.c:103:32:hid_host_get_connection_for_l2cap_cid	32	static
hid_host.c:114:13:hid_descriptor_storage_init	16	static
hid_host.c:120:13:hid_descriptor_storage_store	16	static
hid_host.c:128:13:hid_descriptor_storage_delete	40	static
hid_host.c:149:17:hid_descriptor_storage_get_descriptor_data	24	static
hid_host.c:157:16:hid_descriptor_storage_get_descriptor_len	24	static
hid_host.c:167:13:hid_emit_connected_event	48	static
hid_host.c:185:13:hid_emit_descriptor_available_event	32	static
hid_host.c:198:13:hid_emit_event	32	static
hid_host.c:210:13:hid_emit_event_with_status	32	static
hid_host.c:223:13:hid_emit_set_protocol_response_event	40	static
hid_host.c:237:13:hid_emit_incoming_connection_event	40	static
hid_host.c:254:13:hid_setup_get_report_event	32	static
hid_host.c:268:13:hid_setup_report_event	32	static
hid_host.c:281:13:hid_emit_get_protocol_event	40	static
hid_host.c:297:17:hid_host_get_next_cid	4	static
hid_host.c:306:32:hid_host_create_connection	24	static
hid_host.c:325:32:hid_host_get_connection_for_bd_addr	32	static
hid_host.c:337:13:hid_host_finalize_connection	24	static
hid_host.c:354:13:hid_host_handle_sdp_client_query_result	96	static
hid_host.c:548:13:hid_host_handle_control_packet	64	static
hid_host.c:669:13:hid_host_packet_handler	112	static
hid_host.c:984:6:hid_host_init	16	static
hid_host.c:993:6:hid_host_register_packet_handler	16	static
hid_host.c:998:13:hid_host_handle_start_sdp_client_query	32	static
hid_host.c:1022:9:hid_host_accept_connection	24	static
hid_host.c:1036:9:hid_host_decline_connection	24	static
hid_host.c:1050:9:hid_host_connect	40	static
hid_host.c:1087:6:hid_host_disconnect	24	static
hid_host.c:1114:23:hid_host_send_control_message	24	static
hid_host.c:1130:9:hid_host_send_suspend	16	static
hid_host.c:1134:9:hid_host_send_exit_suspend	16	static
hid_host.c:1138:9:hid_host_send_virtual_cable_unplug	16	static
hid_host.c:1142:9:hid_host_send_get_report	24	static
hid_host.c:1160:9:hid_host_send_set_report	24	static
hid_host.c:1185:9:hid_host_send_get_protocol	24	static
hid_host.c:1199:9:hid_host_send_set_protocol_mode	24	static
hid_host.c:1216:9:hid_host_send_report	24	static
