btstack_event.h:1193:23:l2cap_event_channel_opened_get_status	16	static
btstack_event.h:1211:32:l2cap_event_channel_opened_get_handle	16	static
btstack_event.h:1220:24:l2cap_event_channel_opened_get_psm	16	static
btstack_event.h:1229:24:l2cap_event_channel_opened_get_local_cid	16	static
btstack_event.h:1302:24:l2cap_event_channel_closed_get_local_cid	16	static
btstack_event.h:1312:20:l2cap_event_incoming_connection_get_address	16	static
btstack_event.h:1321:32:l2cap_event_incoming_connection_get_handle	16	static
btstack_event.h:1330:24:l2cap_event_incoming_connection_get_psm	16	static
btstack_event.h:1339:24:l2cap_event_incoming_connection_get_local_cid	16	static
btstack_event.h:1423:24:l2cap_event_can_send_now_get_local_cid	16	static
hid_device.c:88:12:dummy_write_report	24	static
hid_device.c:97:13:dummy_set_report	24	static
hid_device.c:104:13:dummy_report_data	24	static
hid_device.c:120:17:hid_device_get_next_cid	4	static
hid_device.c:129:23:hid_device_get_instance_for_l2cap_cid	16	static
hid_device.c:136:23:hid_device_get_instance_for_hid_cid	16	static
hid_device.c:143:23:hid_device_provide_instance_for_bd_addr	16	static
hid_device.c:153:23:hid_device_create_instance	4	static
hid_device.c:158:6:hid_create_sdp_record	64	static
hid_device.c:304:20:hid_device_emit_connected_event	48	static
hid_device.c:322:20:hid_device_emit_event	40	static
hid_device.c:334:12:hid_report_size_valid	32	static
hid_device.c:354:12:hid_get_report_size_for_id	24	static
hid_device.c:369:31:hid_report_id_status	16	static
hid_device.c:383:35:hid_device_set_report_cmd_is_valid	40	static
hid_device.c:405:13:packet_handler	136	static
hid_device.c:820:6:hid_device_init	16	static
hid_device.c:832:6:hid_device_deinit	8	static
hid_device.c:840:6:hid_device_register_packet_handler	16	static
hid_device.c:846:6:hid_device_register_report_request_callback	16	static
hid_device.c:853:6:hid_device_register_set_report_callback	16	static
hid_device.c:860:6:hid_device_register_report_data_callback	16	static
hid_device.c:872:6:hid_device_request_can_send_now_event	24	static
hid_device.c:883:6:hid_device_send_interrupt_message	24	static
hid_device.c:897:6:hid_device_send_control_message	24	static
hid_device.c:913:9:hid_device_connect	32	static
hid_device.c:944:6:hid_device_disconnect_interrupt_channel	24	static
hid_device.c:956:6:hid_device_disconnect_control_channel	24	static
hid_device.c:968:6:hid_device_disconnect	24	static
hid_device.c:983:5:hid_device_in_boot_protocol_mode	24	static
