btstack_event.h:68:23:hci_event_packet_get_type	16	static
btstack_event.h:310:20:hci_event_connection_request_get_bd_addr	16	static
btstack_event.h:328:23:hci_event_connection_request_get_link_type	16	static
btstack_event.h:347:24:hci_event_disconnection_complete_get_connection_handle	16	static
btstack_event.h:834:23:hci_event_synchronous_connection_complete_get_status	16	static
btstack_event.h:843:32:hci_event_synchronous_connection_complete_get_handle	16	static
btstack_event.h:852:20:hci_event_synchronous_connection_complete_get_bd_addr	16	static
btstack_event.h:861:23:hci_event_synchronous_connection_complete_get_link_type	16	static
btstack_event.h:870:23:hci_event_synchronous_connection_complete_get_transmission_interval	16	static
btstack_event.h:879:23:hci_event_synchronous_connection_complete_get_retransmission_interval	16	static
btstack_event.h:888:24:hci_event_synchronous_connection_complete_get_rx_packet_length	16	static
btstack_event.h:897:24:hci_event_synchronous_connection_complete_get_tx_packet_length	16	static
btstack_event.h:906:23:hci_event_synchronous_connection_complete_get_air_mode	16	static
btstack_event.h:1629:23:rfcomm_event_channel_opened_get_status	16	static
btstack_event.h:1638:20:rfcomm_event_channel_opened_get_bd_addr	16	static
btstack_event.h:1647:24:rfcomm_event_channel_opened_get_con_handle	16	static
btstack_event.h:1665:24:rfcomm_event_channel_opened_get_rfcomm_cid	16	static
btstack_event.h:1674:24:rfcomm_event_channel_opened_get_max_frame_size	16	static
btstack_event.h:1703:20:rfcomm_event_incoming_connection_get_bd_addr	16	static
btstack_event.h:1712:23:rfcomm_event_incoming_connection_get_server_channel	16	static
btstack_event.h:1721:24:rfcomm_event_incoming_connection_get_rfcomm_cid	16	static
btstack_event.h:1779:23:sdp_event_query_complete_get_status	16	static
btstack_event.h:1789:23:sdp_event_query_rfcomm_service_get_rfcomm_channel	16	static
btstack_event.h:1798:28:sdp_event_query_rfcomm_service_get_name	16	static
hsp_hs.c:131:13:dummy_notify	24	static
hsp_hs.c:139:6:hsp_hs_register_packet_handler	16	static
hsp_hs.c:146:13:emit_event	32	static
hsp_hs.c:156:13:emit_ring_event	24	static
hsp_hs.c:165:13:emit_event_audio_connected	32	static
hsp_hs.c:179:12:hsp_hs_send_str_over_rfcomm	32	static
hsp_hs.c:188:6:hsp_hs_enable_custom_indications	16	static
hsp_hs.c:192:5:hsp_hs_send_result	16	static
hsp_hs.c:198:6:hsp_hs_create_sdp_record	40	static
hsp_hs.c:270:13:hsp_hs_reset_state	4	static
hsp_hs.c:288:6:hsp_hs_init	16	static
hsp_hs.c:299:6:hsp_hs_deinit	8	static
hsp_hs.c:306:13:hsp_hs_handle_start_sdp_client_query	24	static
hsp_hs.c:315:6:hsp_hs_connect	16	static
hsp_hs.c:325:6:hsp_hs_disconnect	8	static
hsp_hs.c:343:6:hsp_hs_establish_audio_connection	8	static
hsp_hs.c:358:6:hsp_hs_release_audio_connection	8	static
hsp_hs.c:365:6:hsp_hs_set_microphone_gain	24	static
hsp_hs.c:375:6:hsp_hs_set_speaker_gain	24	static
hsp_hs.c:384:13:hsp_run_handle_state	48	static
hsp_hs.c:421:13:hsp_run	32	static
hsp_hs.c:490:13:packet_handler	104	static
hsp_hs.c:650:13:handle_query_rfcomm_event	32	static
hsp_hs.c:680:6:hsp_hs_send_button_press	8	static
hsp_hs.c:686:6:hsp_hs_set_sco_packet_types	16	static
