btstack_event.h:68:23:hci_event_packet_get_type	16	static
btstack_event.h:834:23:hci_event_synchronous_connection_complete_get_status	16	static
btstack_event.h:843:32:hci_event_synchronous_connection_complete_get_handle	16	static
btstack_event.h:852:20:hci_event_synchronous_connection_complete_get_bd_addr	16	static
btstack_event.h:861:23:hci_event_synchronous_connection_complete_get_link_type	16	static
btstack_event.h:870:23:hci_event_synchronous_connection_complete_get_transmission_interval	16	static
btstack_event.h:879:23:hci_event_synchronous_connection_complete_get_retransmission_interval	16	static
btstack_event.h:888:24:hci_event_synchronous_connection_complete_get_rx_packet_length	16	static
btstack_event.h:897:24:hci_event_synchronous_connection_complete_get_tx_packet_length	16	static
btstack_event.h:906:23:hci_event_synchronous_connection_complete_get_air_mode	16	static
btstack_event.h:1629:23:rfcomm_event_channel_opened_get_status	16	static
btstack_event.h:1647:24:rfcomm_event_channel_opened_get_con_handle	16	static
btstack_event.h:1665:24:rfcomm_event_channel_opened_get_rfcomm_cid	16	static
btstack_event.h:1674:24:rfcomm_event_channel_opened_get_max_frame_size	16	static
btstack_event.h:1703:20:rfcomm_event_incoming_connection_get_bd_addr	16	static
btstack_event.h:1712:23:rfcomm_event_incoming_connection_get_server_channel	16	static
btstack_event.h:1721:24:rfcomm_event_incoming_connection_get_rfcomm_cid	16	static
btstack_event.h:1779:23:sdp_event_query_complete_get_status	16	static
btstack_event.h:1789:23:sdp_event_query_rfcomm_service_get_rfcomm_channel	16	static
btstack_event.h:1798:28:sdp_event_query_rfcomm_service_get_name	16	static
hsp_ag.c:134:13:dummy_notify	24	static
hsp_ag.c:141:6:hsp_ag_register_packet_handler	16	static
hsp_ag.c:148:13:emit_event	32	static
hsp_ag.c:158:13:emit_event_audio_connected	32	static
hsp_ag.c:169:6:hsp_ag_create_sdp_record	40	static
hsp_ag.c:236:12:hsp_ag_send_str_over_rfcomm	32	static
hsp_ag.c:245:6:hsp_ag_enable_custom_commands	16	static
hsp_ag.c:249:5:hsp_ag_send_result	16	static
hsp_ag.c:254:13:hsp_ag_reset_state	4	static
hsp_ag.c:275:6:hsp_ag_init	16	static
hsp_ag.c:286:6:hsp_ag_deinit	8	static
hsp_ag.c:294:13:hsp_ag_handle_start_sdp_client_query	24	static
hsp_ag.c:303:6:hsp_ag_connect	16	static
hsp_ag.c:313:6:hsp_ag_disconnect	8	static
hsp_ag.c:328:6:hsp_ag_establish_audio_connection	8	static
hsp_ag.c:342:6:hsp_ag_release_audio_connection	8	static
hsp_ag.c:351:6:hsp_ag_set_microphone_gain	24	static
hsp_ag.c:361:6:hsp_ag_set_speaker_gain	24	static
hsp_ag.c:370:13:hsp_ringing_timeout_handler	16	static
hsp_ag.c:377:13:hsp_ringing_timer_start	8	static
hsp_ag.c:384:13:hsp_ringing_timer_stop	8	static
hsp_ag.c:388:6:hsp_ag_start_ringing	8	static
hsp_ag.c:396:6:hsp_ag_stop_ringing	8	static
hsp_ag.c:404:13:hsp_run	72	static
hsp_ag.c:515:13:packet_handler	104	static
hsp_ag.c:669:13:handle_query_rfcomm_event	32	static
hsp_ag.c:699:6:hsp_ag_set_sco_packet_types	16	static
