obex_message_builder.c:50:16:obex_message_builder_packet_init	16	static
obex_message_builder.c:57:16:obex_message_builder_packet_append	32	static
obex_message_builder.c:66:9:obex_message_builder_header_add_byte	24	static
obex_message_builder.c:73:9:obex_message_builder_header_add_word	32	static
obex_message_builder.c:80:9:obex_message_builder_header_add_variable	32	static
obex_message_builder.c:91:16:obex_message_builder_header_add_connection_id	24	static
obex_message_builder.c:97:9:obex_message_builder_request_create_connect	24	static
obex_message_builder.c:108:9:obex_message_builder_request_create_get	32	static
obex_message_builder.c:114:9:obex_message_builder_request_create_put	32	static
obex_message_builder.c:121:9:obex_message_builder_request_create_set_path	32	static
obex_message_builder.c:133:9:obex_message_builder_request_create_abort	32	static
obex_message_builder.c:139:9:obex_message_builder_request_create_disconnect	32	static
obex_message_builder.c:145:9:obex_message_builder_header_add_srm_enable	16	static
obex_message_builder.c:149:9:obex_message_builder_header_add_target	32	static
obex_message_builder.c:153:9:obex_message_builder_header_add_application_parameters	32	static
obex_message_builder.c:157:9:obex_message_builder_header_add_challenge_response	32	static
obex_message_builder.c:161:9:obex_message_builder_body_add_static	32	static
obex_message_builder.c:165:9:obex_message_builder_header_add_name	40	static
obex_message_builder.c:187:9:obex_message_builder_header_add_type	32	static
