btstack_event.h:68:23:hci_event_packet_get_type	16	static
btstack_event.h:117:23:hci_event_goep_meta_get_subevent_code	16	static
btstack_event.h:8357:24:goep_subevent_connection_opened_get_goep_cid	16	static
btstack_event.h:8366:23:goep_subevent_connection_opened_get_status	16	static
btstack_event.h:8375:20:goep_subevent_connection_opened_get_bd_addr	16	static
btstack_event.h:8384:32:goep_subevent_connection_opened_get_con_handle	16	static
btstack_event.h:8393:23:goep_subevent_connection_opened_get_incoming	16	static
pbap_client.c:157:13:pbap_client_emit_connected_event	56	static
pbap_client.c:176:13:pbap_client_emit_connection_closed_event	48	static
pbap_client.c:189:13:pbap_client_emit_operation_complete_event	48	static
pbap_client.c:203:13:pbap_client_emit_phonebook_size_event	48	static
pbap_client.c:219:13:pbap_client_emit_authentication_event	48	static
pbap_client.c:237:13:pbap_client_emit_card_result_event	104	static
pbap_client.c:259:13:pbap_handle_can_send_now	288	static
pbap_client.c:480:13:pbap_parse_authentication_challenge	48	static
pbap_client.c:509:13:pbap_process_srm_headers	56	static
pbap_client.c:570:13:pbap_client_process_vcard_listing	96	static
pbap_client.c:635:13:pbap_packet_handler_hci	40	static
pbap_client.c:676:13:pbap_packet_handler_goep	80	static
pbap_client.c:875:13:pbap_packet_handler	24	static
pbap_client.c:891:6:pbap_client_init	8	static
pbap_client.c:897:6:pbap_client_deinit	4	static
pbap_client.c:900:9:pbap_connect	32	static
pbap_client.c:914:9:pbap_disconnect	16	static
pbap_client.c:922:9:pbap_get_phonebook_size	16	static
pbap_client.c:932:9:pbap_pull_phonebook	16	static
pbap_client.c:942:9:pbap_set_phonebook	16	static
pbap_client.c:952:9:pbap_authentication_password	16	static
pbap_client.c:961:9:pbap_pull_vcard_listing	16	static
pbap_client.c:972:9:pbap_pull_vcard_entry	16	static
pbap_client.c:984:9:pbap_lookup_by_number	16	static
pbap_client.c:995:9:pbap_abort	24	static
pbap_client.c:1003:9:pbap_next_packet	16	static
pbap_client.c:1020:9:pbap_set_flow_control_mode	16	static
pbap_client.c:1027:9:pbap_set_vcard_selector	16	static
pbap_client.c:1033:9:pbap_set_vcard_selector_operator	16	static
