btstack_event.h:68:23:hci_event_packet_get_type	16	static
btstack_event.h:1423:24:l2cap_event_can_send_now_get_local_cid	16	static
rfcomm.c:194:27:rfcomm_channel_for_rfcomm_cid	24	static
rfcomm.c:205:17:rfcomm_next_client_cid	8	static
rfcomm.c:244:13:rfcomm_emit_connection_request	56	static
rfcomm.c:261:13:rfcomm_emit_channel_opened	72	static
rfcomm.c:287:13:rfcomm_emit_channel_closed	40	static
rfcomm.c:297:13:rfcomm_emit_remote_line_status	40	static
rfcomm.c:308:13:rfcomm_emit_port_configuration	40	static
rfcomm.c:319:13:rfcomm_emit_can_send_now	32	static
rfcomm.c:330:13:rfcomm_rpn_data_set_defaults	16	static
rfcomm.c:340:13:rfcomm_rpn_data_update	24	static
rfcomm.c:375:17:rfcomm_max_frame_size_for_l2cap_mtu	32	static
rfcomm.c:382:13:rfcomm_multiplexer_initialize	16	static
rfcomm.c:391:31:rfcomm_multiplexer_create_for_addr	24	static
rfcomm.c:407:31:rfcomm_multiplexer_for_addr	24	static
rfcomm.c:420:31:rfcomm_multiplexer_for_l2cap_cid	24	static
rfcomm.c:431:12:rfcomm_multiplexer_has_channels	24	static
rfcomm.c:444:13:rfcomm_dump_channels	40	static
rfcomm.c:456:13:rfcomm_channel_initialize	24	static
rfcomm.c:495:27:rfcomm_channel_create	40	static
rfcomm.c:514:13:rfcomm_notify_channel_can_send	24	static
rfcomm.c:527:27:rfcomm_channel_for_multiplexer_and_dlci	24	static
rfcomm.c:538:27:rfcomm_service_for_channel	24	static
rfcomm.c:554:12:rfcomm_send_packet_for_multiplexer	40	static
rfcomm.c:607:12:rfcomm_send_uih_prepared	40	static
rfcomm.c:657:12:rfcomm_send_sabm	32	static
rfcomm.c:662:12:rfcomm_send_disc	32	static
rfcomm.c:667:12:rfcomm_send_ua	32	static
rfcomm.c:672:12:rfcomm_send_dm_pf	32	static
rfcomm.c:677:12:rfcomm_send_uih_fc_rsp	32	static
rfcomm.c:697:12:rfcomm_send_uih_test_rsp	40	static
rfcomm.c:711:12:rfcomm_send_uih_msc_cmd	32	static
rfcomm.c:722:12:rfcomm_send_uih_msc_rsp	32	static
rfcomm.c:733:12:rfcomm_send_uih_nsc_rsp	32	static
rfcomm.c:743:12:rfcomm_send_uih_pn_command	40	static
rfcomm.c:761:12:rfcomm_send_uih_pn_response	40	static
rfcomm.c:779:12:rfcomm_send_uih_rls_cmd	32	static
rfcomm.c:790:12:rfcomm_send_uih_rls_rsp	32	static
rfcomm.c:801:12:rfcomm_send_uih_rpn_cmd	48	static
rfcomm.c:818:12:rfcomm_send_uih_rpn_req	32	static
rfcomm.c:828:12:rfcomm_send_uih_rpn_rsp	48	static
rfcomm.c:845:13:rfcomm_send_uih_credits	32	static
rfcomm.c:851:13:rfcomm_channel_emit_final_event	16	static
rfcomm.c:869:13:rfcomm_multiplexer_stop_timer	16	static
rfcomm.c:875:13:rfcomm_multiplexer_free	16	static
rfcomm.c:880:13:rfcomm_multiplexer_finalize	24	static
rfcomm.c:904:13:rfcomm_multiplexer_timer_handler	24	static
rfcomm.c:914:13:rfcomm_multiplexer_prepare_idle_timer	16	static
rfcomm.c:929:13:rfcomm_multiplexer_opened	32	static
rfcomm.c:954:13:rfcomm_handle_can_send_now	56	static
rfcomm.c:1015:13:rfcomm_multiplexer_set_state_and_request_can_send_now_event	16	static
rfcomm.c:1023:12:rfcomm_hci_event_handler	56	static
rfcomm.c:1194:12:rfcomm_multiplexer_l2cap_packet_handler	40	static
rfcomm.c:1294:12:rfcomm_multiplexer_ready_to_send	16	static
rfcomm.c:1314:13:rfcomm_multiplexer_state_machine	40	static
rfcomm.c:1384:13:rfcomm_channel_send_credits	16	static
rfcomm.c:1389:12:rfcomm_channel_can_send	16	static
rfcomm.c:1395:13:rfcomm_channel_opened	24	static
rfcomm.c:1418:13:rfcomm_channel_packet_handler_uih	72	static
rfcomm.c:1474:13:rfcomm_channel_accept_pn	16	static
rfcomm.c:1491:13:rfcomm_channel_finalize	24	static
rfcomm.c:1505:13:rfcomm_channel_state_machine_with_dlci	40	static
rfcomm.c:1566:13:rfcomm_channel_packet_handler	80	static
rfcomm.c:1719:13:rfcomm_packet_handler	40	static
rfcomm.c:1750:12:rfcomm_channel_ready_for_open	32	static
rfcomm.c:1764:12:rfcomm_channel_ready_for_incoming_dlc_setup	24	static
rfcomm.c:1774:20:rfcomm_channel_state_add	16	static
rfcomm.c:1777:20:rfcomm_channel_state_remove	16	static
rfcomm.c:1781:12:rfcomm_channel_ready_to_send	16	static
rfcomm.c:1838:13:rfcomm_channel_state_machine_with_channel	80	static
rfcomm.c:2184:6:rfcomm_init	8	static
rfcomm.c:2195:6:rfcomm_deinit	4	static
rfcomm.c:2202:6:rfcomm_set_required_security_level	16	static
rfcomm.c:2206:5:rfcomm_can_send_packet_now	32	static
rfcomm.c:2215:6:rfcomm_request_can_send_now_event	32	static
rfcomm.c:2225:12:rfcomm_assert_send_valid	24	static
rfcomm.c:2250:10:rfcomm_get_max_frame_size	32	static
rfcomm.c:2260:5:rfcomm_reserve_packet_buffer	8	static
rfcomm.c:2269:6:rfcomm_release_packet_buffer	8	static
rfcomm.c:2277:11:rfcomm_get_outgoing_buffer	16	static
rfcomm.c:2287:5:rfcomm_send_prepared	40	static
rfcomm.c:2329:5:rfcomm_send	40	static
rfcomm.c:2363:5:rfcomm_send_local_line_status	32	static
rfcomm.c:2373:5:rfcomm_send_modem_status	32	static
rfcomm.c:2383:5:rfcomm_send_port_configuration	48	static
rfcomm.c:2401:5:rfcomm_query_port_configuration	32	static
rfcomm.c:2411:16:rfcomm_channel_create_internal	64	static
rfcomm.c:2493:9:rfcomm_create_channel_with_initial_credits	32	static
rfcomm.c:2497:9:rfcomm_create_channel	32	static
rfcomm.c:2501:6:rfcomm_disconnect	32	static
rfcomm.c:2510:16:rfcomm_register_service_internal	40	static
rfcomm.c:2546:9:rfcomm_register_service_with_initial_credits	24	static
rfcomm.c:2552:9:rfcomm_register_service	24	static
rfcomm.c:2558:6:rfcomm_unregister_service	32	static
rfcomm.c:2572:6:rfcomm_accept_connection	32	static
rfcomm.c:2596:6:rfcomm_decline_connection	32	static
rfcomm.c:2610:6:rfcomm_grant_credits	32	static
