btstack_event.h:68:23:hci_event_packet_get_type	16	static
btstack_event.h:1423:24:l2cap_event_can_send_now_get_local_cid	16	static
sdp_client.c:129:6:de_state_init	16	static
sdp_client.c:136:5:de_state_size	16	static
sdp_client.c:165:13:sdp_parser_emit_value_byte	40	static
sdp_client.c:177:13:sdp_parser_process_byte	16	static
sdp_client.c:267:6:sdp_parser_init	16	static
sdp_client.c:282:13:sdp_parser_deinit	4	static
sdp_client.c:288:6:sdp_client_init	4	static
sdp_client.c:291:6:sdp_client_deinit	8	static
sdp_client.c:308:6:sdp_client_reset	8	static
sdp_client.c:312:6:sdp_parser_handle_chunk	24	static
sdp_client.c:349:13:sdp_client_notify_callbacks	16	static
sdp_client.c:360:6:sdp_parser_handle_done	32	static
sdp_client.c:379:13:sdp_client_parse_attribute_lists	16	static
sdp_client.c:384:13:sdp_client_send_request	32	static
sdp_client.c:416:13:sdp_client_parse_service_search_attribute_response	24	static
sdp_client.c:453:6:sdp_client_packet_handler	40	static
sdp_client.c:540:17:sdp_client_setup_service_search_attribute_request	24	static
sdp_client.c:735:6:sdp_client_ready	4	static
sdp_client.c:739:9:sdp_client_register_query_callback	24	static
sdp_client.c:746:9:sdp_client_query	32	static
sdp_client.c:759:9:sdp_client_query_uuid16	24	static
sdp_client.c:764:9:sdp_client_query_uuid128	24	static
