btstack_event.h:68:23:hci_event_packet_get_type	16	static
sdp_server.c:87:6:sdp_init	8	static
sdp_server.c:97:6:sdp_deinit	4	static
sdp_server.c:100:10:sdp_get_service_record_handle	24	static
sdp_server.c:109:32:sdp_get_record_item_for_handle	24	static
sdp_server.c:120:11:sdp_get_record_for_handle	24	static
sdp_server.c:127:10:sdp_create_service_record_handle	16	static
sdp_server.c:143:9:sdp_register_service	24	static
sdp_server.c:168:6:sdp_unregister_service	24	static
sdp_server.c:178:12:sdp_create_error_response	16	static
sdp_server.c:186:5:sdp_handle_service_search_request	72	static
sdp_server.c:273:5:sdp_handle_service_attribute_request	72	static
sdp_server.c:353:17:sdp_get_size_for_service_search_attribute_response	32	static
sdp_server.c:367:5:sdp_handle_service_search_attribute_request	96	static
sdp_server.c:492:13:sdp_respond	16	static
sdp_server.c:503:13:sdp_waiting_list_add	16	static
sdp_server.c:508:17:sdp_waiting_list_get	16	static
sdp_server.c:518:13:sdp_packet_handler	40	static
