btstack_event.h:68:23:hci_event_packet_get_type	16	static
btstack_event.h:1817:24:sdp_event_query_attribute_byte_get_attribute_id	16	static
btstack_event.h:1826:24:sdp_event_query_attribute_byte_get_attribute_length	16	static
btstack_event.h:1835:24:sdp_event_query_attribute_byte_get_data_offset	16	static
btstack_event.h:1844:23:sdp_event_query_attribute_byte_get_data	16	static
sdp_client_rfcomm.c:107:13:sdp_rfcomm_query_prepare	4	static
sdp_client_rfcomm.c:113:13:sdp_rfcomm_query_emit_service	40	static
sdp_client_rfcomm.c:123:13:sdp_client_query_rfcomm_handle_record_parsed	8	static
sdp_client_rfcomm.c:131:13:sdp_client_query_rfcomm_handle_service_class_list_data	24	static
sdp_client_rfcomm.c:197:13:sdp_client_query_rfcomm_handle_protocol_descriptor_list_data	24	static
sdp_client_rfcomm.c:285:13:sdp_client_query_rfcomm_handle_service_name_data	32	static
sdp_client_rfcomm.c:328:13:sdp_client_query_rfcomm_handle_sdp_parser_event	32	static
sdp_client_rfcomm.c:374:6:sdp_client_query_rfcomm_init	4	static
sdp_client_rfcomm.c:382:16:sdp_client_query_rfcomm	24	static
sdp_client_rfcomm.c:390:9:sdp_client_query_rfcomm_channel_and_name_for_uuid	24	static
sdp_client_rfcomm.c:396:9:sdp_client_query_rfcomm_channel_and_name_for_service_class_uuid	24	static
sdp_client_rfcomm.c:403:9:sdp_client_query_rfcomm_channel_and_name_for_uuid128	24	static
sdp_client_rfcomm.c:409:9:sdp_client_query_rfcomm_channel_and_name_for_search_pattern	24	static
