sdp_util.c:77:11:de_get_size_type	16	static
sdp_util.c:81:11:de_get_element_type	16	static
sdp_util.c:85:10:de_get_header_size	24	static
sdp_util.c:93:10:de_get_data_size	24	static
sdp_util.c:119:5:de_get_len	24	static
sdp_util.c:124:10:de_get_len_safe	32	static
sdp_util.c:136:5:de_element_get_uint16	16	static
sdp_util.c:143:5:de_get_normalized_uuid	24	static
sdp_util.c:166:10:de_get_uuid32	40	static
sdp_util.c:175:17:de_get_string	16	static
sdp_util.c:181:13:de_store_descriptor	16	static
sdp_util.c:185:6:de_store_descriptor_with_len	24	static
sdp_util.c:205:6:de_create_sequence	16	static
sdp_util.c:210:11:de_push_sequence	24	static
sdp_util.c:217:6:de_pop_sequence	24	static
sdp_util.c:224:6:de_add_number	32	static
sdp_util.c:250:6:de_add_data	32	static
sdp_util.c:268:6:de_add_uuid128	24	static
sdp_util.c:276:6:des_iterator_init	24	static
sdp_util.c:286:11:des_iterator_get_type	16	static
sdp_util.c:290:10:des_iterator_get_size	24	static
sdp_util.c:296:6:des_iterator_has_more	16	static
sdp_util.c:300:11:des_iterator_get_element	16	static
sdp_util.c:305:6:des_iterator_next	24	static
sdp_util.c:312:13:de_traverse_sequence	48	static
sdp_util.c:328:13:sdp_attribute_list_traverse_sequence	64	static
sdp_util.c:355:12:sdp_traversal_attributeID_search	40	static
sdp_util.c:378:5:sdp_attribute_list_constains_id	24	static
sdp_util.c:396:12:sdp_traversal_append_attributes	32	static
sdp_util.c:420:10:sdp_append_attributes_in_attributeIDList	40	static
sdp_util.c:442:12:spd_append_range	32	static
sdp_util.c:457:12:sdp_traversal_filter_attributes	40	static
sdp_util.c:497:5:sdp_filter_attributes_in_attributeIDList	48	static
sdp_util.c:519:12:sdp_traversal_get_filtered_size	24	static
sdp_util.c:530:5:spd_get_filtered_size	24	static
sdp_util.c:544:12:sdp_traversal_attribute_by_id	24	static
sdp_util.c:556:11:sdp_get_attribute_value_for_attribute_id	24	static
sdp_util.c:570:12:sdp_traversal_set_attribute_for_id	24	static
sdp_util.c:594:9:sdp_set_attribute_value_for_attribute_id	40	static
sdp_util.c:611:12:sdp_traversal_contains_UUID128	48	static
sdp_util.c:625:5:sdp_record_contains_UUID128	24	static
sdp_util.c:641:5:sdp_traversal_match_pattern	48	static
sdp_util.c:654:5:sdp_record_matches_service_search_pattern	24	static
sdp_util.c:665:12:de_traversal_dump_data	48	static
sdp_util.c:715:6:de_dump_data_element	24	static
sdp_util.c:725:10:sdp_service_search_pattern_for_uuid16	16	static
sdp_util.c:730:10:sdp_service_search_pattern_for_uuid128	16	static
