btstack_event.h:68:23:hci_event_packet_get_type	16	static
btstack_event.h:157:23:hci_event_le_meta_get_subevent_code	16	static
btstack_event.h:347:24:hci_event_disconnection_complete_get_connection_handle	16	static
btstack_event.h:1404:32:l2cap_event_connection_parameter_update_response_get_handle	16	static
btstack_event.h:1413:24:l2cap_event_connection_parameter_update_response_get_result	16	static
btstack_event.h:3436:32:hci_subevent_le_connection_complete_get_connection_handle	16	static
btstack_event.h:3472:24:hci_subevent_le_connection_complete_get_conn_interval	16	static
btstack_event.h:3527:24:hci_subevent_le_connection_update_complete_get_conn_interval	16	static
cycling_power_service_server.c:222:17:cycling_power_service_read_callback	32	static
cycling_power_service_server.c:272:12:has_feature	24	static
cycling_power_service_server.c:277:12:cycling_power_vector_instantaneous_measurement_direction	16	static
cycling_power_service_server.c:282:17:cycling_power_service_default_measurement_flags	40	static
cycling_power_service_server.c:309:17:cycling_power_service_get_measurement_flags	16	static
cycling_power_service_server.c:321:10:cycling_power_service_measurement_flags	16	static
cycling_power_service_server.c:326:9:cycling_power_service_vector_flags	24	static
cycling_power_service_server.c:343:13:cycling_power_service_vector_can_send_now	88	static
cycling_power_service_server.c:409:12:cycling_power_measurement_flag_value_size	16	static
cycling_power_service_server.c:431:12:cycling_power_store_measurement_flag_value	32	static
cycling_power_service_server.c:490:12:cycling_power_store_measurement	40	static
cycling_power_service_server.c:514:5:cycling_power_get_measurement_adv	32	static
cycling_power_service_server.c:540:13:cycling_power_service_broadcast_can_send_now	56	static
cycling_power_service_server.c:551:13:cycling_power_service_measurement_can_send_now	64	static
cycling_power_service_server.c:562:13:cycling_power_service_response_can_send_now	72	static
cycling_power_service_server.c:672:12:cycling_power_service_write_callback	80	static
cycling_power_service_server.c:912:13:packet_handler	56	static
cycling_power_service_server.c:989:6:cycling_power_service_server_init	48	static
cycling_power_service_server.c:1067:6:cycling_power_service_server_add_torque	24	static
cycling_power_service_server.c:1072:6:cycling_power_service_server_add_wheel_revolution	24	static
cycling_power_service_server.c:1090:6:cycling_power_service_server_add_crank_revolution	24	static
cycling_power_service_server.c:1096:6:cycling_power_service_add_energy	24	static
cycling_power_service_server.c:1105:6:cycling_power_service_server_set_instantaneous_power	24	static
cycling_power_service_server.c:1110:6:cycling_power_service_server_set_pedal_power_balance	24	static
cycling_power_service_server.c:1115:6:cycling_power_service_server_set_force_magnitude_values	24	static
cycling_power_service_server.c:1121:6:cycling_power_service_server_set_torque_magnitude_values	24	static
cycling_power_service_server.c:1127:6:cycling_power_service_server_set_first_crank_measurement_angle	24	static
cycling_power_service_server.c:1132:6:cycling_power_service_server_set_instantaneous_measurement_direction	24	static
cycling_power_service_server.c:1137:6:cycling_power_service_server_set_force_magnitude	24	static
cycling_power_service_server.c:1143:6:cycling_power_service_server_set_torque_magnitude	24	static
cycling_power_service_server.c:1149:6:cycling_power_service_server_set_angle	24	static
cycling_power_service_server.c:1155:6:cycling_power_service_server_set_top_dead_spot_angle	24	static
cycling_power_service_server.c:1160:6:cycling_power_service_server_set_bottom_dead_spot_angle	24	static
cycling_power_service_server.c:1165:12:gatt_date_is_valid	16	static
cycling_power_service_server.c:1176:5:cycling_power_service_server_set_factory_calibration_date	24	static
cycling_power_service_server.c:1184:6:cycling_power_service_server_set_sampling_rate	24	static
cycling_power_service_server.c:1190:6:cycling_power_service_server_update_values	16	static
cycling_power_service_server.c:1212:6:cycling_power_service_server_packet_handler	24	static
cycling_power_service_server.c:1221:6:cycling_power_server_calibration_done	24	static
cycling_power_service_server.c:1259:6:cycling_power_server_enhanced_calibration_done	32	static
