device_information_service_server.c:86:13:set_string	16	static
device_information_service_server.c:91:17:device_information_service_read_callback	40	static
device_information_service_server.c:102:6:device_information_service_server_init	48	static
device_information_service_server.c:150:6:device_information_service_server_set_manufacturer_name	16	static
device_information_service_server.c:158:6:device_information_service_server_set_model_number	16	static
device_information_service_server.c:166:6:device_information_service_server_set_serial_number	16	static
device_information_service_server.c:174:6:device_information_service_server_set_hardware_revision	16	static
device_information_service_server.c:182:6:device_information_service_server_set_firmware_revision	16	static
device_information_service_server.c:190:6:device_information_service_server_set_software_revision	16	static
device_information_service_server.c:199:6:device_information_service_server_set_system_id	32	static
device_information_service_server.c:211:6:device_information_service_server_set_ieee_regulatory_certification	16	static
device_information_service_server.c:222:6:device_information_service_server_set_pnp_id	24	static
