btstack_event.h:68:23:hci_event_packet_get_type	16	static
btstack_event.h:347:24:hci_event_disconnection_complete_get_connection_handle	16	static
mesh_provisioning_service_server.c:81:13:mesh_provisioning_service_emit_link_open	32	static
mesh_provisioning_service_server.c:88:13:mesh_provisioning_service_emit_link_close	32	static
mesh_provisioning_service_server.c:95:30:mesh_provisioning_service_get_instance_for_con_handle	24	static
mesh_provisioning_service_server.c:103:17:mesh_provisioning_service_read_callback	40	static
mesh_provisioning_service_server.c:124:12:mesh_provisioning_service_write_callback	40	static
mesh_provisioning_service_server.c:175:13:mesh_provisioning_service_server_packet_handler	32	static
mesh_provisioning_service_server.c:192:6:mesh_provisioning_service_server_init	32	static
mesh_provisioning_service_server.c:220:6:mesh_provisioning_service_server_send_proxy_pdu	24	static
mesh_provisioning_service_server.c:229:13:mesh_provisioning_service_can_send_now	48	static
mesh_provisioning_service_server.c:247:6:mesh_provisioning_service_server_request_can_send_now	32	static
mesh_provisioning_service_server.c:258:6:mesh_provisioning_service_server_register_packet_handler	16	static
